<html>
<body>
<pre>
<h1>µVision Build Log</h1>
<h2>Tool Versions:</h2>
IDE-Version: µVision V5.25.2.0
Copyright (C) 2018 ARM Ltd and ARM Germany GmbH. All rights reserved.
License Information: matheus ferraz, utfpr, LIC=----
 
Tool Versions:
Toolchain:       MDK-Lite  Version: 5.25.2.0
Toolchain Path:  C:\Keil_v5\ARM\ARMCC\Bin
C Compiler:      Armcc.exe V5.06 update 6 (build 750)
Assembler:       Armasm.exe V5.06 update 6 (build 750)
Linker/Locator:  ArmLink.exe V5.06 update 6 (build 750)
Library Manager: ArmAr.exe V5.06 update 6 (build 750)
Hex Converter:   FromElf.exe V5.06 update 6 (build 750)
CPU DLL:         SARMCM3.DLL V5.25.2.0
Dialog DLL:      DCM.DLL V1.17.1.0
Target DLL:      lmidk-agdi.dll V???
Dialog DLL:      TCM.DLL V1.35.1.0
 
<h2>Project:</h2>
C:\Users\Mathias\Desktop\new\Lab_3\ProjectFiles\base_project.uvprojx
Project File Date:  09/30/2018

<h2>Output:</h2>
*** Using Compiler 'V5.06 update 6 (build 750)', folder: 'C:\Keil_v5\ARM\ARMCC\Bin'
*** Note: Rebuilding project, since 'Options->Output->Create Batch File' is selected.
Rebuild Project 'base_project' - Target 'TM4C129 Flash'
compiling exemploTIVA.c...
C:\Users\Mathias\Desktop\new\Lab_3\ProjectFiles\rgb.h(66): warning:  #1-D: last line of file ends without a newline
  #endif //__RGB_H__
C:\Users\Mathias\Desktop\new\Lab_3\ProjectFiles\buttons.h(5): warning:  #1295-D: Deprecated declaration button_init - give arg types
  extern void button_init();
C:\Users\Mathias\Desktop\new\Lab_3\ProjectFiles\buttons.h(6): warning:  #1295-D: Deprecated declaration button_read_s1 - give arg types
  extern bool button_read_s1();
C:\Users\Mathias\Desktop\new\Lab_3\ProjectFiles\buttons.h(7): warning:  #1295-D: Deprecated declaration button_read_s2 - give arg types
  extern bool button_read_s2();
C:\Users\Mathias\Desktop\new\Lab_3\ProjectFiles\buttons.h(9): warning:  #1-D: last line of file ends without a newline
  #endif //__BUTTONS_H
C:\Users\Mathias\Desktop\new\Lab_3\ProjectFiles\buzzer.h(18): warning:  #1295-D: Deprecated declaration buzzer_init - give arg types
  extern void buzzer_init();
C:\Users\Mathias\Desktop\new\Lab_3\ProjectFiles\buzzer.h(23): warning:  #1-D: last line of file ends without a newline
  #endif //__BUZZER_H
C:\Users\Mathias\Desktop\new\Lab_3\ProjectFiles\joy.h(20): warning:  #1295-D: Deprecated declaration joy_read_center - give arg types
  extern bool joy_read_center();
C:\Users\Mathias\Desktop\new\Lab_3\ProjectFiles\exemploTIVA.c(204): warning:  #68-D: integer conversion resulted in a change of sign
  struct obstaculo bullet={1,-1,-1,1};
C:\Users\Mathias\Desktop\new\Lab_3\ProjectFiles\exemploTIVA.c(204): warning:  #68-D: integer conversion resulted in a change of sign
  struct obstaculo bullet={1,-1,-1,1};
C:\Users\Mathias\Desktop\new\Lab_3\ProjectFiles\exemploTIVA.c(564): warning:  #177-D: variable "i"  was declared but never referenced
        uint8_t i;
C:\Users\Mathias\Desktop\new\Lab_3\ProjectFiles\exemploTIVA.c(586): warning:  #550-D: variable "velocidade"  was set but never used
                uint16_t velocidade=2;
C:\Users\Mathias\Desktop\new\Lab_3\ProjectFiles\exemploTIVA.c(781): warning:  #68-D: integer conversion resulted in a change of sign
                                                                bullet.x=-1;
C:\Users\Mathias\Desktop\new\Lab_3\ProjectFiles\exemploTIVA.c(782): warning:  #68-D: integer conversion resulted in a change of sign
                                                                bullet.y=-1;
C:\Users\Mathias\Desktop\new\Lab_3\ProjectFiles\exemploTIVA.c(856): warning:  #177-D: variable "s1_press"  was declared but never referenced
        bool s1_press, s2_press;
C:\Users\Mathias\Desktop\new\Lab_3\ProjectFiles\exemploTIVA.c(856): warning:  #177-D: variable "s2_press"  was declared but never referenced
        bool s1_press, s2_press;
C:\Users\Mathias\Desktop\new\Lab_3\ProjectFiles\exemploTIVA.c(857): warning:  #177-D: variable "r"  was declared but never referenced
        uint8_t         r, g, b;
C:\Users\Mathias\Desktop\new\Lab_3\ProjectFiles\exemploTIVA.c(857): warning:  #177-D: variable "g"  was declared but never referenced
        uint8_t         r, g, b;
C:\Users\Mathias\Desktop\new\Lab_3\ProjectFiles\exemploTIVA.c(857): warning:  #177-D: variable "b"  was declared but never referenced
        uint8_t         r, g, b;
C:\Users\Mathias\Desktop\new\Lab_3\ProjectFiles\exemploTIVA.c(858): warning:  #177-D: variable "color"  was declared but never referenced
        uint32_t color;
C:\Users\Mathias\Desktop\new\Lab_3\ProjectFiles\exemploTIVA.c(859): warning:  #177-D: variable "y"  was declared but never referenced
        uint16_t y, z, angle=0;
C:\Users\Mathias\Desktop\new\Lab_3\ProjectFiles\exemploTIVA.c(859): warning:  #177-D: variable "z"  was declared but never referenced
        uint16_t y, z, angle=0;
C:\Users\Mathias\Desktop\new\Lab_3\ProjectFiles\exemploTIVA.c(859): warning:  #177-D: variable "angle"  was declared but never referenced
        uint16_t y, z, angle=0;
C:\Users\Mathias\Desktop\new\Lab_3\ProjectFiles\exemploTIVA.c(861): warning:  #177-D: variable "n"  was declared but never referenced
        int i,j,n,m =0;
C:\Users\Mathias\Desktop\new\Lab_3\ProjectFiles\exemploTIVA.c(861): warning:  #177-D: variable "m"  was declared but never referenced
        int i,j,n,m =0;
exemploTIVA.c: 25 warnings, 0 errors
compiling buzzer.c...
C:\Users\Mathias\Desktop\new\Lab_3\ProjectFiles\buzzer.h(18): warning:  #1295-D: Deprecated declaration buzzer_init - give arg types
  extern void buzzer_init();
C:\Users\Mathias\Desktop\new\Lab_3\ProjectFiles\buzzer.h(23): warning:  #1-D: last line of file ends without a newline
  #endif //__BUZZER_H
C:\Users\Mathias\Desktop\new\Lab_3\ProjectFiles\buzzer.c(162): warning:  #1-D: last line of file ends without a newline
  }
C:\Users\Mathias\Desktop\new\Lab_3\ProjectFiles\buzzer.c(31): warning:  #550-D: variable "g_ui32SysClock"  was set but never used
  static uint32_t g_ui32SysClock;
C:\Users\Mathias\Desktop\new\Lab_3\ProjectFiles\buzzer.c(33): warning:  #550-D: variable "g_current_per"  was set but never used
  static uint16_t g_current_per;
buzzer.c: 5 warnings, 0 errors
compiling accel.c...
C:\Users\Mathias\Desktop\new\Lab_3\ProjectFiles\accel.c(89): warning:  #1-D: last line of file ends without a newline
  }
accel.c: 1 warning, 0 errors
compiling buttons.c...
C:\Users\Mathias\Desktop\new\Lab_3\ProjectFiles\buttons.h(5): warning:  #1295-D: Deprecated declaration button_init - give arg types
  extern void button_init();
C:\Users\Mathias\Desktop\new\Lab_3\ProjectFiles\buttons.h(6): warning:  #1295-D: Deprecated declaration button_read_s1 - give arg types
  extern bool button_read_s1();
C:\Users\Mathias\Desktop\new\Lab_3\ProjectFiles\buttons.h(7): warning:  #1295-D: Deprecated declaration button_read_s2 - give arg types
  extern bool button_read_s2();
C:\Users\Mathias\Desktop\new\Lab_3\ProjectFiles\buttons.h(9): warning:  #1-D: last line of file ends without a newline
  #endif //__BUTTONS_H
buttons.c: 4 warnings, 0 errors
compiling cfaf128x128x16.c...
C:\Users\Mathias\Desktop\new\Lab_3\ProjectFiles\cfaf128x128x16.c(880): warning:  #1-D: last line of file ends without a newline
  //*****************************************************************************
C:\Users\Mathias\Desktop\new\Lab_3\ProjectFiles\cfaf128x128x16.c(770): warning:  #177-D: function "ssiSetDataMode"  was declared but never referenced
  ssiSetDataMode(uint8_t mode) {
C:\Users\Mathias\Desktop\new\Lab_3\ProjectFiles\cfaf128x128x16.c(777): warning:  #177-D: function "ssiSetClockDivider"  was declared but never referenced
  ssiSetClockDivider(uint8_t divider){
cfaf128x128x16.c: 3 warnings, 0 errors
compiling led.c...
compiling mic.c...
C:\Users\Mathias\Desktop\new\Lab_3\ProjectFiles\mic.h(23): warning:  #1-D: last line of file ends without a newline
  #endif //__MIC_H__
C:\Users\Mathias\Desktop\new\Lab_3\ProjectFiles\mic.c(91): warning:  #1-D: last line of file ends without a newline
  }
mic.c: 2 warnings, 0 errors
compiling opt.c...
C:\Users\Mathias\Desktop\new\Lab_3\ProjectFiles\opt.h(20): warning:  #1295-D: Deprecated declaration opt_init - give arg types
  extern void  opt_init();
C:\Users\Mathias\Desktop\new\Lab_3\ProjectFiles\opt.h(21): warning:  #1295-D: Deprecated declaration opt_read - give arg types
  extern uint16_t opt_read();
C:\Users\Mathias\Desktop\new\Lab_3\ProjectFiles\opt.h(22): warning:  #1295-D: Deprecated declaration opt_read_lux - give arg types
  extern uint32_t opt_read_lux();
C:\Users\Mathias\Desktop\new\Lab_3\ProjectFiles\opt.h(24): warning:  #1-D: last line of file ends without a newline
  #endif //__OPT_H__
C:\Users\Mathias\Desktop\new\Lab_3\ProjectFiles\opt.c(149): warning:  #128-D: loop is not reachable
                while(i < n){
C:\Users\Mathias\Desktop\new\Lab_3\ProjectFiles\opt.c(195): warning:  #128-D: loop is not reachable
                while(i < n-1){
C:\Users\Mathias\Desktop\new\Lab_3\ProjectFiles\opt.c(330): warning:  #177-D: variable "temp"  was declared but never referenced
                uint64_t temp = 0;
C:\Users\Mathias\Desktop\new\Lab_3\ProjectFiles\opt.c(60): warning:  #550-D: variable "mid"  was set but never used
  static uint16_t mid, did;
C:\Users\Mathias\Desktop\new\Lab_3\ProjectFiles\opt.c(60): warning:  #550-D: variable "did"  was set but never used
  static uint16_t mid, did;
C:\Users\Mathias\Desktop\new\Lab_3\ProjectFiles\opt.c(86): warning:  #177-D: variable "g_mid"  was declared but never referenced
  static uint16_t g_mid, g_did, g_timeout_count;
C:\Users\Mathias\Desktop\new\Lab_3\ProjectFiles\opt.c(86): warning:  #177-D: variable "g_did"  was declared but never referenced
  static uint16_t g_mid, g_did, g_timeout_count;
opt.c: 11 warnings, 0 errors
compiling rgb.c...
C:\Users\Mathias\Desktop\new\Lab_3\ProjectFiles\rgb.h(66): warning:  #1-D: last line of file ends without a newline
  #endif //__RGB_H__
C:\Users\Mathias\Desktop\new\Lab_3\ProjectFiles\rgb.c(290): warning:  #1-D: last line of file ends without a newline
  }
rgb.c: 2 warnings, 0 errors
compiling servo.c...
C:\Users\Mathias\Desktop\new\Lab_3\ProjectFiles\servo.h(27): warning:  #1295-D: Deprecated declaration servo_init - give arg types
  extern void servo_init();
C:\Users\Mathias\Desktop\new\Lab_3\ProjectFiles\servo.c(59): warning:  #550-D: variable "g_ui32SysClock"  was set but never used
  static uint32_t g_ui32SysClock;
servo.c: 2 warnings, 0 errors
compiling joy.c...
C:\Users\Mathias\Desktop\new\Lab_3\ProjectFiles\joy.h(20): warning:  #1295-D: Deprecated declaration joy_read_center - give arg types
  extern bool joy_read_center();
C:\Users\Mathias\Desktop\new\Lab_3\ProjectFiles\joy.c(102): warning:  #1-D: last line of file ends without a newline
  }
joy.c: 2 warnings, 0 errors
compiling temp.c...
C:\Users\Mathias\Desktop\new\Lab_3\ProjectFiles\temp.h(23): warning:  #1-D: last line of file ends without a newline
  #endif //__TEMP_H__
C:\Users\Mathias\Desktop\new\Lab_3\ProjectFiles\temp.c(158): warning:  #128-D: loop is not reachable
                while(i < n){
C:\Users\Mathias\Desktop\new\Lab_3\ProjectFiles\temp.c(207): warning:  #128-D: loop is not reachable
                while(i < n-1){
C:\Users\Mathias\Desktop\new\Lab_3\ProjectFiles\temp.c(303): warning:  #177-D: variable "temp"  was declared but never referenced
        uint64_t temp = 0;
C:\Users\Mathias\Desktop\new\Lab_3\ProjectFiles\temp.c(94): warning:  #550-D: variable "g_mid"  was set but never used
  static uint16_t g_mid, g_did, g_timeout_count;
C:\Users\Mathias\Desktop\new\Lab_3\ProjectFiles\temp.c(94): warning:  #550-D: variable "g_did"  was set but never used
  static uint16_t g_mid, g_did, g_timeout_count;
temp.c: 6 warnings, 0 errors
compiling RTX_Conf_CM.c...
assembling startup_TM4C129.s...
compiling system_TM4C129.c...
linking...
Program Size: Code=16748 RO-data=3160 RW-data=316 ZI-data=11820  
".\Flash\base_project.axf" - 0 Error(s), 63 Warning(s).

<h2>Software Packages used:</h2>

Package Vendor: ARM
                http://www.keil.com/pack/ARM.CMSIS.5.3.0.pack
                ARM.CMSIS.5.3.0
                CMSIS (Cortex Microcontroller Software Interface Standard)
   * Component: RTOS Version: 1.0.0
   * Component: CORE Version: 5.1.1
   * Component: Keil RTX Version: 4.81.1

Package Vendor: Keil
                http://www.keil.com/pack/Keil.TM4C_DFP.1.1.0.pack
                Keil.TM4C_DFP.1.1.0
                Texas Instruments Tiva C Series Device Support and Examples
   * Component: Startup Version: 1.0.0

<h2>Collection of Component include folders:</h2>
  .\RTE\_TM4C129_Flash
  C:\Keil_v5\ARM\PACK\ARM\CMSIS\5.3.0\CMSIS\Include
  C:\Keil_v5\ARM\PACK\ARM\CMSIS\5.3.0\CMSIS\RTOS\RTX\INC
  C:\Keil_v5\ARM\PACK\Keil\TM4C_DFP\1.1.0\Device\Include\TM4C129

<h2>Collection of Component Files used:</h2>

   * Component: ::CMSIS:RTOS:1.0.0 (API)

   * Component: ARM::CMSIS:CORE:5.1.1

   * Component: ARM::CMSIS:RTOS:Keil RTX:4.81.1
      Include file:  CMSIS\RTOS\RTX\UserCodeTemplates\osObjects.h
      Include file:  CMSIS\RTOS\RTX\INC\cmsis_os.h
      Source file:   CMSIS\RTOS\RTX\UserCodeTemplates\main.c
      Source file:   CMSIS\RTOS\RTX\Templates\RTX_Conf_CM.c
      Source file:   CMSIS\RTOS\RTX\UserCodeTemplates\MailQueue.c
      Source file:   CMSIS\RTOS\RTX\UserCodeTemplates\MemPool.c
      Source file:   CMSIS\RTOS\RTX\UserCodeTemplates\MsgQueue.c
      Source file:   CMSIS\RTOS\RTX\UserCodeTemplates\Timer.c
      Source file:   CMSIS\RTOS\RTX\UserCodeTemplates\Thread.c
      Source file:   CMSIS\RTOS\RTX\UserCodeTemplates\Semaphore.c
      Source file:   CMSIS\RTOS\RTX\SRC\ARM\SVC_Table.s
      Library file:  CMSIS\RTOS\RTX\LIB\ARM\RTX_CM4.lib
      Source file:   CMSIS\RTOS\RTX\UserCodeTemplates\Mutex.c

   * Component: Keil::Device:Startup:1.0.0
      Source file:   Device\Source\ARM\startup_TM4C129.s
      Include file:  Device\Include\TM4C129\TM4C129.h
      Source file:   Device\Source\system_TM4C129.c
Build Time Elapsed:  00:00:18
</pre>
</body>
</html>
