<html>
<body>
<pre>
<h1>µVision Build Log</h1>
<h2>Tool Versions:</h2>
IDE-Version: µVision V5.24.2.0
Copyright (C) 2017 ARM Ltd and ARM Germany GmbH. All rights reserved.
License Information: fdg dfs dfgdfs, dfgdgdf, LIC=----
 
Tool Versions:
Toolchain:       MDK-Lite  Version: 5.24.1
Toolchain Path:  C:\Keil_v5\ARM\ARMCC\Bin
C Compiler:      Armcc.exe V5.06 update 5 (build 528)
Assembler:       Armasm.exe V5.06 update 5 (build 528)
Linker/Locator:  ArmLink.exe V5.06 update 5 (build 528)
Library Manager: ArmAr.exe V5.06 update 5 (build 528)
Hex Converter:   FromElf.exe V5.06 update 5 (build 528)
CPU DLL:         SARMCM3.DLL V5.24.1
Dialog DLL:      DCM.DLL V1.16.0.0
Target DLL:      lmidk-agdi.dll V???
Dialog DLL:      TCM.DLL V1.32.0.0
 
<h2>Project:</h2>
C:\Users\Mathias\Downloads\estudos\Embarcados\Lab_5\ProjectFiles\base_project.uvprojx
Project File Date:  11/19/2018

<h2>Output:</h2>
*** Using Compiler 'V5.06 update 5 (build 528)', folder: 'C:\Keil_v5\ARM\ARMCC\Bin'
*** Note: Rebuilding project, since 'Options->Output->Create Batch File' is selected.
Rebuild Project 'base_project' - Target 'TM4C129 Flash'
compiling exemploTIVA.c...
C:\Users\Mathias\Downloads\estudos\Embarcados\Lab_5\ProjectFiles\PWM.h(298): warning:  #1295-D: Deprecated declaration PWM_init - give arg types
  extern void PWM_init();
C:\Users\Mathias\Downloads\estudos\Embarcados\Lab_5\ProjectFiles\UART.h(61): warning:  #1295-D: Deprecated declaration UART_init - give arg types
  void UART_init();
C:\Users\Mathias\Downloads\estudos\Embarcados\Lab_5\ProjectFiles\timer.h(298): warning:  #1295-D: Deprecated declaration timer_init - give arg types
  extern void timer_init();
C:\Users\Mathias\Downloads\estudos\Embarcados\Lab_5\ProjectFiles\exemploTIVA.c(232): warning:  #1035-D: single-precision operand implicitly converted to double-precision
                                point.y=count*1.5/50;
C:\Users\Mathias\Downloads\estudos\Embarcados\Lab_5\ProjectFiles\exemploTIVA.c(236): warning:  #1035-D: single-precision operand implicitly converted to double-precision
                                point.y=1.5+(count-50)*1.5/50;
C:\Users\Mathias\Downloads\estudos\Embarcados\Lab_5\ProjectFiles\exemploTIVA.c(242): warning:  #1035-D: single-precision operand implicitly converted to double-precision
                                point.y=3-(count-100)*1.5/50;                                                                           
C:\Users\Mathias\Downloads\estudos\Embarcados\Lab_5\ProjectFiles\exemploTIVA.c(246): warning:  #1035-D: single-precision operand implicitly converted to double-precision
                                point.y=1.5-(count-150)*1.5/50;
C:\Users\Mathias\Downloads\estudos\Embarcados\Lab_5\ProjectFiles\exemploTIVA.c(257): warning:  #1035-D: single-precision operand implicitly converted to double-precision
                                point.x=1.25*sin(count*3.14/180);
C:\Users\Mathias\Downloads\estudos\Embarcados\Lab_5\ProjectFiles\exemploTIVA.c(258): warning:  #1035-D: single-precision operand implicitly converted to double-precision
                                point.y=3.5+1.25*cos(count*3.14/180);
C:\Users\Mathias\Downloads\estudos\Embarcados\Lab_5\ProjectFiles\exemploTIVA.c(284): warning:  #1035-D: single-precision operand implicitly converted to double-precision
        pwm.pwm_z=2500.0-13.33*g*3.0*(180.0/3.14);
C:\Users\Mathias\Downloads\estudos\Embarcados\Lab_5\ProjectFiles\exemploTIVA.c(336): warning:  #550-D: variable "ticks"  was set but never used
        int ticks;
C:\Users\Mathias\Downloads\estudos\Embarcados\Lab_5\ProjectFiles\exemploTIVA.c(423): warning:  #550-D: variable "ticks"  was set but never used
                int ticks;
C:\Users\Mathias\Downloads\estudos\Embarcados\Lab_5\ProjectFiles\exemploTIVA.c(467): warning:  #550-D: variable "ticks"  was set but never used
                                int ticks;
C:\Users\Mathias\Downloads\estudos\Embarcados\Lab_5\ProjectFiles\exemploTIVA.c(597): warning:  #550-D: variable "time"  was set but never used
                                int time;
C:\Users\Mathias\Downloads\estudos\Embarcados\Lab_5\ProjectFiles\exemploTIVA.c(602): warning:  #550-D: variable "value"  was set but never used
                                int  value;
C:\Users\Mathias\Downloads\estudos\Embarcados\Lab_5\ProjectFiles\exemploTIVA.c(625): warning:  #550-D: variable "ticks"  was set but never used
        int ticks;
C:\Users\Mathias\Downloads\estudos\Embarcados\Lab_5\ProjectFiles\exemploTIVA.c(788): warning:  #177-D: variable "secondary_faults"  was declared but never referenced
        uint16_t secondary_faults=0;
exemploTIVA.c: 17 warnings, 0 errors
compiling PWM.c...
C:\Users\Mathias\Downloads\estudos\Embarcados\Lab_5\ProjectFiles\PWM.h(298): warning:  #1295-D: Deprecated declaration PWM_init - give arg types
  extern void PWM_init();
PWM.c: 1 warning, 0 errors
compiling timer.c...
C:\Users\Mathias\Downloads\estudos\Embarcados\Lab_5\ProjectFiles\timer.h(298): warning:  #1295-D: Deprecated declaration timer_init - give arg types
  extern void timer_init();
timer.c: 1 warning, 0 errors
compiling UART.c...
C:\Users\Mathias\Downloads\estudos\Embarcados\Lab_5\ProjectFiles\UART.h(61): warning:  #1295-D: Deprecated declaration UART_init - give arg types
  void UART_init();
UART.c: 1 warning, 0 errors
compiling cfaf128x128x16.c...
C:\Users\Mathias\Downloads\estudos\Embarcados\Lab_5\ProjectFiles\cfaf128x128x16.c(880): warning:  #1-D: last line of file ends without a newline
  //*****************************************************************************
C:\Users\Mathias\Downloads\estudos\Embarcados\Lab_5\ProjectFiles\cfaf128x128x16.c(770): warning:  #177-D: function "ssiSetDataMode"  was declared but never referenced
  ssiSetDataMode(uint8_t mode) {
C:\Users\Mathias\Downloads\estudos\Embarcados\Lab_5\ProjectFiles\cfaf128x128x16.c(777): warning:  #177-D: function "ssiSetClockDivider"  was declared but never referenced
  ssiSetClockDivider(uint8_t divider){
cfaf128x128x16.c: 3 warnings, 0 errors
compiling RTX_Conf_CM.c...
assembling startup_TM4C129.s...
compiling system_TM4C129.c...
linking...
Program Size: Code=21764 RO-data=2988 RW-data=112 ZI-data=12104  
".\Flash\base_project.axf" - 0 Error(s), 23 Warning(s).

<h2>Software Packages used:</h2>

Package Vendor: ARM
                http://www.keil.com/pack/ARM.CMSIS.5.3.0.pack
                ARM.CMSIS.5.3.0
                CMSIS (Cortex Microcontroller Software Interface Standard)
   * Component: Keil RTX Version: 4.81.1
   * Component: CORE Version: 5.1.1
   * Component: RTOS Version: 1.0.0

Package Vendor: Keil
                http://www.keil.com/pack/Keil.TM4C_DFP.1.1.0.pack
                Keil.TM4C_DFP.1.1.0
                Texas Instruments Tiva C Series Device Support and Examples
   * Component: Startup Version: 1.0.0

<h2>Collection of Component include folders:</h2>
  .\RTE\_TM4C129_Flash
  C:\Keil_v5\ARM\PACK\ARM\CMSIS\5.3.0\CMSIS\Include
  C:\Keil_v5\ARM\PACK\ARM\CMSIS\5.3.0\CMSIS\RTOS\RTX\INC
  C:\Keil_v5\ARM\PACK\Keil\TM4C_DFP\1.1.0\Device\Include\TM4C129

<h2>Collection of Component Files used:</h2>

   * Component: Keil::Device:Startup:1.0.0
      Source file:   Device\Source\system_TM4C129.c
      Include file:  Device\Include\TM4C129\TM4C129.h
      Source file:   Device\Source\ARM\startup_TM4C129.s

   * Component: ARM::CMSIS:RTOS:Keil RTX:4.81.1
      Source file:   CMSIS\RTOS\RTX\UserCodeTemplates\main.c
      Include file:  CMSIS\RTOS\RTX\UserCodeTemplates\osObjects.h
      Source file:   CMSIS\RTOS\RTX\UserCodeTemplates\Semaphore.c
      Library file:  CMSIS\RTOS\RTX\LIB\ARM\RTX_CM4.lib
      Source file:   CMSIS\RTOS\RTX\UserCodeTemplates\Timer.c
      Source file:   CMSIS\RTOS\RTX\UserCodeTemplates\MailQueue.c
      Source file:   CMSIS\RTOS\RTX\Templates\RTX_Conf_CM.c
      Source file:   CMSIS\RTOS\RTX\UserCodeTemplates\Mutex.c
      Source file:   CMSIS\RTOS\RTX\UserCodeTemplates\MsgQueue.c
      Source file:   CMSIS\RTOS\RTX\UserCodeTemplates\Thread.c
      Source file:   CMSIS\RTOS\RTX\SRC\ARM\SVC_Table.s
      Include file:  CMSIS\RTOS\RTX\INC\cmsis_os.h
      Source file:   CMSIS\RTOS\RTX\UserCodeTemplates\MemPool.c

   * Component: ARM::CMSIS:CORE:5.1.1

   * Component: ::CMSIS:RTOS:1.0.0 (API)
Build Time Elapsed:  00:00:05
</pre>
</body>
</html>
