Component: ARM Compiler 5.06 update 5 (build 528) Tool: armlink [4d35e2]

==============================================================================

Section Cross References

    exemplotiva.o(.text) refers to llsdiv.o(.text) for __aeabi_ldivmod
    exemplotiva.o(.text) refers to uart.o(.text) for UART_init
    exemplotiva.o(.text) refers to pwm.o(.text) for PWM_init
    exemplotiva.o(.text) refers to timer.o(.text) for timer_init
    exemplotiva.o(.text) refers to cfaf128x128x16.o(.text) for cfaf128x128x16Init
    exemplotiva.o(.text) refers to dflt_clz.o(x$fpl$dfltu) for __aeabi_ui2d
    exemplotiva.o(.text) refers to dmul.o(x$fpl$dmul) for __aeabi_dmul
    exemplotiva.o(.text) refers to ddiv.o(x$fpl$ddiv) for __aeabi_ddiv
    exemplotiva.o(.text) refers to sin.o(i.__hardfp_sin) for __hardfp_sin
    exemplotiva.o(.text) refers to daddsub_clz.o(x$fpl$dadd) for __aeabi_dadd
    exemplotiva.o(.text) refers to d2f.o(x$fpl$d2f) for __aeabi_d2f
    exemplotiva.o(.text) refers to dflt_clz.o(x$fpl$dflt) for __aeabi_i2d
    exemplotiva.o(.text) refers to sqrt.o(i.__hardfp_sqrt) for __hardfp_sqrt
    exemplotiva.o(.text) refers to f2d.o(x$fpl$f2d) for __aeabi_f2d
    exemplotiva.o(.text) refers to rt_cmsis.o(i.osKernelSysTick) for osKernelSysTick
    exemplotiva.o(.text) refers to rt_cmsis.o(i.osSignalWait) for osSignalWait
    exemplotiva.o(.text) refers to dfix.o(x$fpl$dfix) for __aeabi_d2iz
    exemplotiva.o(.text) refers to rt_cmsis.o(i.osMessageGet) for osMessageGet
    exemplotiva.o(.text) refers to exemplotiva.o(.data) for .data
    exemplotiva.o(.text) refers to exemplotiva.o(.conststring) for .conststring
    exemplotiva.o(.text) refers to rt_cmsis.o(i.osThreadYield) for osThreadYield
    exemplotiva.o(.text) refers to rt_cmsis.o(i.osThreadCreate) for osThreadCreate
    exemplotiva.o(.text) refers to rt_cmsis.o(i.osMessageCreate) for osMessageCreate
    exemplotiva.o(.text) refers to context.o(i.GrContextInit) for GrContextInit
    exemplotiva.o(.text) refers to string.o(i.GrContextFontSet) for GrContextFontSet
    exemplotiva.o(.text) refers to string.o(i.GrStringDraw) for GrStringDraw
    exemplotiva.o(.text) refers to rt_cmsis.o(i.osSignalSet) for osSignalSet
    exemplotiva.o(.text) refers to rt_cmsis.o(i.osKernelInitialize) for osKernelInitialize
    exemplotiva.o(.text) refers to rt_cmsis.o(i.osKernelStart) for osKernelStart
    exemplotiva.o(.text) refers to rt_cmsis.o(i.osDelay) for osDelay
    exemplotiva.o(.text) refers to rt_cmsis.o(i.osMessagePut) for osMessagePut
    exemplotiva.o(.text) refers to exemplotiva.o(.constdata) for .constdata
    exemplotiva.o(.text) refers to cfaf128x128x16.o(.constdata) for g_sCfaf128x128x16
    exemplotiva.o(.text) refers to exemplotiva.o(.bss) for .bss
    exemplotiva.o(.text) refers to fontfixed6x8.o(.constdata) for g_sFontFixed6x8
    exemplotiva.o(.constdata) refers to exemplotiva.o(.bss) for os_messageQ_q_received_char
    exemplotiva.o(.constdata) refers to exemplotiva.o(.bss) for os_messageQ_q_update_int
    exemplotiva.o(.constdata) refers to exemplotiva.o(.bss) for os_messageQ_q_newPoint
    exemplotiva.o(.constdata) refers to exemplotiva.o(.text) for Controle
    exemplotiva.o(.constdata) refers to exemplotiva.o(.text) for UART_Publish
    exemplotiva.o(.constdata) refers to exemplotiva.o(.text) for UART_Subscriber
    exemplotiva.o(.constdata) refers to exemplotiva.o(.text) for Gerador_pontos
    exemplotiva.o(.constdata) refers to exemplotiva.o(.text) for Fibonacci
    exemplotiva.o(.constdata) refers to exemplotiva.o(.text) for Primo
    exemplotiva.o(.constdata) refers to exemplotiva.o(.text) for Escalonador
    exemplotiva.o(.data) refers to exemplotiva.o(.conststring) for .conststring
    cfaf128x128x16.o(.text) refers to cfaf128x128x16.o(.data) for .data
    cfaf128x128x16.o(.text) refers to sysctl.o(i.SysCtlClockFreqSet) for SysCtlClockFreqSet
    cfaf128x128x16.o(.constdata) refers to cfaf128x128x16.o(.text) for cfaf128x128x16PixelDraw
    rtx_conf_cm.o(.emb_text) refers to rt_cmsis.o(i.osKernelInitialize) for osKernelInitialize
    rtx_conf_cm.o(.emb_text) refers to rt_cmsis.o(i.osThreadCreate) for osThreadCreate
    rtx_conf_cm.o(.emb_text) refers to rt_cmsis.o(i.osKernelStart) for osKernelStart
    rtx_conf_cm.o(.emb_text) refers to exit.o(.text) for exit
    rtx_conf_cm.o(.emb_text) refers to rtx_conf_cm.o(.constdata) for os_thread_def_main
    rtx_conf_cm.o(.text) refers to rt_task.o(i.rt_tsk_self) for rt_tsk_self
    rtx_conf_cm.o(.text) refers to rt_mutex.o(i.rt_mut_init) for rt_mut_init
    rtx_conf_cm.o(.text) refers to rt_cmsis.o(.data) for os_running
    rtx_conf_cm.o(.text) refers to rtx_conf_cm.o(.bss) for .bss
    rtx_conf_cm.o(.text) refers to libspace.o(.bss) for __libspace_start
    rtx_conf_cm.o(.text) refers to rtx_conf_cm.o(.data) for .data
    rtx_conf_cm.o(.text) refers to rt_mutex.o(i.rt_mut_wait) for rt_mut_wait
    rtx_conf_cm.o(.text) refers to rt_mutex.o(i.rt_mut_release) for rt_mut_release
[...]
    .constdata                               0x00004f18   Section       16  rtx_conf_cm.o(.constdata)
    .constdata                               0x00004f28   Section        8  rtx_conf_cm.o(.constdata)
    .constdata                               0x00004f30   Section        2  rtx_conf_cm.o(.constdata)
    .constdata                               0x00004f34   Section       16  rtx_conf_cm.o(.constdata)
    .constdata                               0x00004f44   Section      596  sysctl.o(.constdata)
    g_pui32VCOFrequencies                    0x00004f44   Data           8  sysctl.o(.constdata)
    g_pui32Xtals                             0x00004f4c   Data         108  sysctl.o(.constdata)
    g_pppui32XTALtoVCO                       0x00004fb8   Data         432  sysctl.o(.constdata)
    g_sXTALtoMEMTIM                          0x00005168   Data          48  sysctl.o(.constdata)
    .constdata                               0x00005198   Section       16  context.o(.constdata)
    .constdata                               0x000051a8   Section      760  fontfixed6x8.o(.constdata)
    g_pui8FontFixed6x8Data                   0x000051a8   Data         760  fontfixed6x8.o(.constdata)
    .constdata                               0x000054a0   Section      200  fontfixed6x8.o(.constdata)
    .constdata                               0x00005568   Section       48  cos_i.o(.constdata)
    C                                        0x00005568   Data          48  cos_i.o(.constdata)
    .constdata                               0x00005598   Section      200  rred.o(.constdata)
    pio2s                                    0x00005598   Data          48  rred.o(.constdata)
    twooverpi                                0x000055c8   Data         152  rred.o(.constdata)
    .constdata                               0x00005660   Section       40  sin_i.o(.constdata)
    S                                        0x00005660   Data          40  sin_i.o(.constdata)
    .conststring                             0x00005688   Section      233  exemplotiva.o(.conststring)
    .data                                    0x20000000   Section       36  exemplotiva.o(.data)
    pAscii                                   0x20000000   Data           4  exemplotiva.o(.data)
    .data                                    0x20000024   Section        8  cfaf128x128x16.o(.data)
    _orientation                             0x20000024   Data           1  cfaf128x128x16.o(.data)
    g_ui32SysClock                           0x20000028   Data           4  cfaf128x128x16.o(.data)
    .data                                    0x2000002c   Section        4  rtx_conf_cm.o(.data)
    .data                                    0x20000030   Section        4  rtx_conf_cm.o(.data)
    .data                                    0x20000034   Section        4  rtx_conf_cm.o(.data)
    .data                                    0x20000038   Section        4  rtx_conf_cm.o(.data)
    nr_mutex                                 0x20000038   Data           4  rtx_conf_cm.o(.data)
    .data                                    0x2000003c   Section        4  system_tm4c129.o(.data)
    .data                                    0x20000040   Section        4  context.o(.data)
    g_psGrLibDefaults                        0x20000040   Data           4  context.o(.data)
    .data                                    0x20000044   Section        8  rt_cmsis.o(.data)
    .data                                    0x2000004c   Section        8  rt_task.o(.data)
    .data                                    0x20000054   Section        8  rt_system.o(.data)
    os_lock                                  0x20000054   Data           1  rt_system.o(.data)
    os_psh_flag                              0x20000055   Data           1  rt_system.o(.data)
    pend_flags                               0x20000056   Data           1  rt_system.o(.data)
    .data                                    0x2000005c   Section        4  rt_time.o(.data)
    .data                                    0x20000060   Section        8  rt_robin.o(.data)
    .data                                    0x20000068   Section        1  hal_cm.o(.data)
    .bss                                     0x2000006c   Section       36  exemplotiva.o(.bss)
    .bss                                     0x20000090   Section       36  exemplotiva.o(.bss)
    .bss                                     0x200000b4   Section       36  exemplotiva.o(.bss)
    .bss                                     0x200000d8   Section       44  exemplotiva.o(.bss)
    .bss                                     0x20000104   Section       32  rtx_conf_cm.o(.bss)
    .bss                                     0x20000124   Section      584  rtx_conf_cm.o(.bss)
    .bss                                     0x20000370   Section     8016  rtx_conf_cm.o(.bss)
    .bss                                     0x200022c0   Section     1032  rtx_conf_cm.o(.bss)
    .bss                                     0x200026c8   Section      132  rtx_conf_cm.o(.bss)
    .bss                                     0x2000274c   Section       44  rtx_conf_cm.o(.bss)
    .bss                                     0x20002778   Section     1184  rtx_conf_cm.o(.bss)
    std_libspace                             0x20002778   Data        1056  rtx_conf_cm.o(.bss)
    std_libmutex                             0x20002b98   Data         128  rtx_conf_cm.o(.bss)
    .bss                                     0x20002c18   Section       52  rt_task.o(.bss)
    .bss                                     0x20002c4c   Section       48  rt_list.o(.bss)
    .bss                                     0x20002c7c   Section       96  libspace.o(.bss)
    HEAP                                     0x20002ce0   Section        0  startup_tm4c129.o(HEAP)
    STACK                                    0x20002ce0   Section      512  startup_tm4c129.o(STACK)
    Heap_Mem                                 0x20002ce0   Data           0  startup_tm4c129.o(HEAP)
    Stack_Mem                                0x20002ce0   Data         512  startup_tm4c129.o(STACK)
    __initial_sp                             0x20002ee0   Data           0  startup_tm4c129.o(STACK)

    Global Symbols

    Symbol Name                              Value     Ov Type        Size  Object(Section)

    BuildAttributes$$THM_ISAv4$E$P$D$K$B$S$7EM$VFPi3$EXTD16$VFPS$VFMA$PE$A:L22UL41UL21$X:L11$S22US41US21$IEEE1$IW$USESV6$~STKCKD$USESV7$~SHL$OTIME$ROPI$IEEEX$EBA8$UX$STANDARDLIB$REQ8$PRES8$EABIv2 0x00000000   Number         0  anon$$obj.o ABSOLUTE
    __ARM_use_no_argv                        0x00000000   Number         0  exemplotiva.o ABSOLUTE
    __Vectors                                0x00000000   Data           4  startup_tm4c129.o(RESET)
    __ARM_exceptions_init                     - Undefined Weak Reference
    __alloca_initialize                       - Undefined Weak Reference
    __arm_preinit_                            - Undefined Weak Reference
    __cpp_initialize__aeabi_                  - Undefined Weak Reference
    __cxa_finalize                            - Undefined Weak Reference
    __rt_locale                               - Undefined Weak Reference
    __sigvec_lookup                           - Undefined Weak Reference
    _atexit_init                              - Undefined Weak Reference
    _call_atexit_fns                          - Undefined Weak Reference
    _clock_init                               - Undefined Weak Reference
    _fp_trap_init                             - Undefined Weak Reference
    _fp_trap_shutdown                         - Undefined Weak Reference
    _get_lc_collate                           - Undefined Weak Reference
    _get_lc_ctype                             - Undefined Weak Reference
    _get_lc_monetary                          - Undefined Weak Reference
    _get_lc_numeric                           - Undefined Weak Reference
    _get_lc_time                              - Undefined Weak Reference
    _getenv_init                              - Undefined Weak Reference
    _handle_redirection                       - Undefined Weak Reference
    _init_alloc                               - Undefined Weak Reference
    _init_user_alloc                          - Undefined Weak Reference
    _initio                                   - Undefined Weak Reference
    _rand_init                                - Undefined Weak Reference
    _signal_finish                            - Undefined Weak Reference
    _signal_init                              - Undefined Weak Reference
    _terminate_alloc                          - Undefined Weak Reference
    _terminate_user_alloc                     - Undefined Weak Reference
    _terminateio                              - Undefined Weak Reference
    __Vectors_End                            0x00000200   Data           0  startup_tm4c129.o(RESET)
    __Vectors_Size                           0x00000200   Number         0  startup_tm4c129.o ABSOLUTE
    __main                                   0x00000201   Thumb Code     8  __main.o(!!!main)
    __scatterload                            0x00000209   Thumb Code     0  __scatter.o(!!!scatter)
    __scatterload_rt2                        0x00000209   Thumb Code    44  __scatter.o(!!!scatter)
    __scatterload_rt2_thumb_only             0x00000209   Thumb Code     0  __scatter.o(!!!scatter)
    __scatterload_null                       0x00000217   Thumb Code     0  __scatter.o(!!!scatter)
    __scatterload_copy                       0x0000023d   Thumb Code    26  __scatter_copy.o(!!handler_copy)
    __scatterload_zeroinit                   0x00000259   Thumb Code    28  __scatter_zi.o(!!handler_zi)
    __rt_lib_init                            0x00000275   Thumb Code     0  libinit.o(.ARM.Collect$$libinit$$00000000)
    __rt_lib_init_fp_1                       0x00000277   Thumb Code     0  libinit2.o(.ARM.Collect$$libinit$$00000001)
    __rt_lib_init_alloca_1                   0x0000027b   Thumb Code     0  libinit2.o(.ARM.Collect$$libinit$$0000002E)
    __rt_lib_init_argv_1                     0x0000027b   Thumb Code     0  libinit2.o(.ARM.Collect$$libinit$$0000002C)
    __rt_lib_init_atexit_1                   0x0000027b   Thumb Code     0  libinit2.o(.ARM.Collect$$libinit$$0000001B)
    __rt_lib_init_clock_1                    0x0000027b   Thumb Code     0  libinit2.o(.ARM.Collect$$libinit$$00000021)
    __rt_lib_init_cpp_1                      0x0000027b   Thumb Code     0  libinit2.o(.ARM.Collect$$libinit$$00000032)
    __rt_lib_init_exceptions_1               0x0000027b   Thumb Code     0  libinit2.o(.ARM.Collect$$libinit$$00000030)
    __rt_lib_init_fp_trap_1                  0x0000027b   Thumb Code     0  libinit2.o(.ARM.Collect$$libinit$$0000001F)
    __rt_lib_init_getenv_1                   0x0000027b   Thumb Code     0  libinit2.o(.ARM.Collect$$libinit$$00000023)
    __rt_lib_init_heap_1                     0x0000027b   Thumb Code     0  libinit2.o(.ARM.Collect$$libinit$$0000000A)
    __rt_lib_init_lc_collate_1               0x0000027b   Thumb Code     0  libinit2.o(.ARM.Collect$$libinit$$00000011)
    __rt_lib_init_lc_ctype_1                 0x0000027b   Thumb Code     0  libinit2.o(.ARM.Collect$$libinit$$00000013)
    __rt_lib_init_lc_monetary_1              0x0000027b   Thumb Code     0  libinit2.o(.ARM.Collect$$libinit$$00000015)
    __rt_lib_init_lc_numeric_1               0x0000027b   Thumb Code     0  libinit2.o(.ARM.Collect$$libinit$$00000017)
    __rt_lib_init_lc_time_1                  0x0000027b   Thumb Code     0  libinit2.o(.ARM.Collect$$libinit$$00000019)
    __rt_lib_init_preinit_1                  0x0000027b   Thumb Code     0  libinit2.o(.ARM.Collect$$libinit$$00000004)
    __rt_lib_init_rand_1                     0x0000027b   Thumb Code     0  libinit2.o(.ARM.Collect$$libinit$$0000000E)
    __rt_lib_init_return                     0x0000027b   Thumb Code     0  libinit2.o(.ARM.Collect$$libinit$$00000033)
    __rt_lib_init_signal_1                   0x0000027b   Thumb Code     0  libinit2.o(.ARM.Collect$$libinit$$0000001D)
    __rt_lib_init_stdio_1                    0x0000027b   Thumb Code     0  libinit2.o(.ARM.Collect$$libinit$$00000025)
    __rt_lib_init_user_alloc_1               0x0000027b   Thumb Code     0  libinit2.o(.ARM.Collect$$libinit$$0000000C)
    __rt_lib_shutdown                        0x0000027d   Thumb Code     0  libshutdown.o(.ARM.Collect$$libshutdown$$00000000)
    __rt_lib_shutdown_cpp_1                  0x0000027f   Thumb Code     0  libshutdown2.o(.ARM.Collect$$libshutdown$$00000002)
    __rt_lib_shutdown_fp_trap_1              0x0000027f   Thumb Code     0  libshutdown2.o(.ARM.Collect$$libshutdown$$00000007)
    __rt_lib_shutdown_heap_1                 0x0000027f   Thumb Code     0  libshutdown2.o(.ARM.Collect$$libshutdown$$0000000F)
    __rt_lib_shutdown_return                 0x0000027f   Thumb Code     0  libshutdown2.o(.ARM.Collect$$libshutdown$$00000010)
    __rt_lib_shutdown_signal_1               0x0000027f   Thumb Code     0  libshutdown2.o(.ARM.Collect$$libshutdown$$0000000A)
    __rt_lib_shutdown_stdio_1                0x0000027f   Thumb Code     0  libshutdown2.o(.ARM.Collect$$libshutdown$$00000004)
    __rt_lib_shutdown_user_alloc_1           0x0000027f   Thumb Code     0  libshutdown2.o(.ARM.Collect$$libshutdown$$0000000C)
    __rt_entry                               0x00000281   Thumb Code     0  __rtentry.o(.ARM.Collect$$rtentry$$00000000)
    __rt_entry_presh_1                       0x00000281   Thumb Code     0  __rtentry2.o(.ARM.Collect$$rtentry$$00000002)
    __rt_entry_sh                            0x00000281   Thumb Code     0  __rtentry4.o(.ARM.Collect$$rtentry$$00000004)
    __rt_entry_li                            0x00000287   Thumb Code     0  __rtentry2.o(.ARM.Collect$$rtentry$$0000000A)
    __rt_entry_postsh_1                      0x00000287   Thumb Code     0  __rtentry2.o(.ARM.Collect$$rtentry$$00000009)
    __rt_entry_postli_1                      0x0000028b   Thumb Code     0  __rtentry2.o(.ARM.Collect$$rtentry$$0000000B)
    __rt_entry_main                          0x00000293   Thumb Code     0  __rtentry2.o(.ARM.Collect$$rtentry$$0000000D)
    __rt_exit                                0x0000029b   Thumb Code     0  rtexit.o(.ARM.Collect$$rtexit$$00000000)
    __rt_exit_ls                             0x0000029d   Thumb Code     0  rtexit2.o(.ARM.Collect$$rtexit$$00000003)
    __rt_exit_prels_1                        0x0000029d   Thumb Code     0  rtexit2.o(.ARM.Collect$$rtexit$$00000002)
    __rt_exit_exit                           0x000002a1   Thumb Code     0  rtexit2.o(.ARM.Collect$$rtexit$$00000004)
    _platform_post_lib_init                  0x000002a9   Thumb Code    24  rtx_conf_cm.o(.emb_text)
    rt_set_PSP                               0x000002c5   Thumb Code     6  hal_cm4.o(.emb_text)
    rt_get_PSP                               0x000002cb   Thumb Code     6  hal_cm4.o(.emb_text)
    os_set_env                               0x000002d1   Thumb Code    24  hal_cm4.o(.emb_text)
    _alloc_box                               0x000002ed   Thumb Code    28  hal_cm4.o(.emb_text)
    _free_box                                0x0000030d   Thumb Code    28  hal_cm4.o(.emb_text)
    SVC_Handler                              0x0000032d   Thumb Code   168  hal_cm4.o(.emb_text)
    PendSV_Handler                           0x000003e5   Thumb Code    96  hal_cm4.o(.emb_text)
    SysTick_Handler                          0x00000449   Thumb Code     8  hal_cm4.o(.emb_text)
    OS_Tick_Handler                          0x00000451   Thumb Code    12  hal_cm4.o(.emb_text)
    __RL_RTX_VER                             0x00000482   Number         0  rt_system.o ABSOLUTE
    charToInt                                0x00000527   Thumb Code     4  exemplotiva.o(.text)
    init_all                                 0x0000052b   Thumb Code    22  exemplotiva.o(.text)
    gerarOnda                                0x00000541   Thumb Code   146  exemplotiva.o(.text)
    calcula_PWM_angulos                      0x000005d3   Thumb Code    64  exemplotiva.o(.text)
    calcula_PWM                              0x00000613   Thumb Code    18  exemplotiva.o(.text)
    Fibonacci                                0x00000625   Thumb Code    36  exemplotiva.o(.text)
    Gerador_pontos                           0x00000649   Thumb Code   130  exemplotiva.o(.text)
    Primo                                    0x000006cb   Thumb Code    68  exemplotiva.o(.text)
    Controle                                 0x0000070f   Thumb Code   182  exemplotiva.o(.text)
    UART_Publish                             0x000007c5   Thumb Code   472  exemplotiva.o(.text)
    UART_Subscriber                          0x0000099d   Thumb Code    46  exemplotiva.o(.text)
    Init_Thread                              0x000009cb   Thumb Code    62  exemplotiva.o(.text)
    init_sidelong_menu                       0x00000a09   Thumb Code   240  exemplotiva.o(.text)
    print_display                            0x00000af9   Thumb Code   178  exemplotiva.o(.text)
    Escalonador                              0x00000bab   Thumb Code    98  exemplotiva.o(.text)
    main                                     0x00000c0d   Thumb Code    34  exemplotiva.o(.text)
    TIMER0A_Handler                          0x00000c2f   Thumb Code    34  exemplotiva.o(.text)
    UART0_Handler                            0x00000c51   Thumb Code    22  exemplotiva.o(.text)
    PWM_init                                 0x00000d19   Thumb Code   204  pwm.o(.text)
    PWM_set_duty                             0x00000de5   Thumb Code    40  pwm.o(.text)
    timer_init                               0x00000e21   Thumb Code    82  timer.o(.text)
    timer_change                             0x00000e73   Thumb Code    22  timer.o(.text)
    set_frequency                            0x00000e89   Thumb Code    16  timer.o(.text)
    readChar                                 0x00000eb5   Thumb Code    34  uart.o(.text)
    printChar                                0x00000ed7   Thumb Code    32  uart.o(.text)
    printString                              0x00000ef7   Thumb Code    20  uart.o(.text)
    UART_init                                0x00000f0b   Thumb Code   142  uart.o(.text)
    cfaf128x128x16Rect                       0x00001145   Thumb Code   100  cfaf128x128x16.o(.text)
    cfaf128x128x16LineVer                    0x000011a9   Thumb Code    22  cfaf128x128x16.o(.text)
    cfaf128x128x16LineHor                    0x000011bf   Thumb Code    16  cfaf128x128x16.o(.text)
    cfaf128x128x16Dot                        0x000011cf   Thumb Code    22  cfaf128x128x16.o(.text)
    cfaf128x128x16SetOrientation             0x00001429   Thumb Code    70  cfaf128x128x16.o(.text)
    cfaf128x128x16ClearColor                 0x0000146f   Thumb Code    36  cfaf128x128x16.o(.text)
    cfaf128x128x16Clear                      0x00001493   Thumb Code     4  cfaf128x128x16.o(.text)
    InitSSICom                               0x00001497   Thumb Code   138  cfaf128x128x16.o(.text)
    cfaf128x128x16Init                       0x00001521   Thumb Code   322  cfaf128x128x16.o(.text)
    os_idle_demon                            0x000016b1   Thumb Code     2  rtx_conf_cm.o(.text)
    os_error                                 0x000016b3   Thumb Code     2  rtx_conf_cm.o(.text)
    __user_perthread_libspace                0x000016b5   Thumb Code    32  rtx_conf_cm.o(.text)
    _mutex_initialize                        0x000016d5   Thumb Code    34  rtx_conf_cm.o(.text)
    _mutex_acquire                           0x000016f7   Thumb Code    22  rtx_conf_cm.o(.text)
    _mutex_release                           0x0000170d   Thumb Code    18  rtx_conf_cm.o(.text)
    Reset_Handler                            0x0000173d   Thumb Code     8  startup_tm4c129.o(.text)
    NMI_Handler                              0x00001745   Thumb Code     2  startup_tm4c129.o(.text)
    HardFault_Handler                        0x00001747   Thumb Code     2  startup_tm4c129.o(.text)
    MemManage_Handler                        0x00001749   Thumb Code     2  startup_tm4c129.o(.text)
    BusFault_Handler                         0x0000174b   Thumb Code     2  startup_tm4c129.o(.text)
    UsageFault_Handler                       0x0000174d   Thumb Code     2  startup_tm4c129.o(.text)
    DebugMon_Handler                         0x00001751   Thumb Code     2  startup_tm4c129.o(.text)
    GPIOA_Handler                            0x00001757   Thumb Code     2  startup_tm4c129.o(.text)
    GPIOB_Handler                            0x00001759   Thumb Code     2  startup_tm4c129.o(.text)
    GPIOC_Handler                            0x0000175b   Thumb Code     2  startup_tm4c129.o(.text)
    GPIOD_Handler                            0x0000175d   Thumb Code     2  startup_tm4c129.o(.text)
    GPIOE_Handler                            0x0000175f   Thumb Code     2  startup_tm4c129.o(.text)
    UART1_Handler                            0x00001763   Thumb Code     2  startup_tm4c129.o(.text)
    SSI0_Handler                             0x00001765   Thumb Code     2  startup_tm4c129.o(.text)
    I2C0_Handler                             0x00001767   Thumb Code     2  startup_tm4c129.o(.text)
    PMW0_FAULT_Handler                       0x00001769   Thumb Code     2  startup_tm4c129.o(.text)
    PWM0_0_Handler                           0x0000176b   Thumb Code     2  startup_tm4c129.o(.text)
    PWM0_1_Handler                           0x0000176d   Thumb Code     2  startup_tm4c129.o(.text)
    PWM0_2_Handler                           0x0000176f   Thumb Code     2  startup_tm4c129.o(.text)
    QEI0_Handler                             0x00001771   Thumb Code     2  startup_tm4c129.o(.text)
    ADC0SS0_Handler                          0x00001773   Thumb Code     2  startup_tm4c129.o(.text)
    ADC0SS1_Handler                          0x00001775   Thumb Code     2  startup_tm4c129.o(.text)
    ADC0SS2_Handler                          0x00001777   Thumb Code     2  startup_tm4c129.o(.text)
    ADC0SS3_Handler                          0x00001779   Thumb Code     2  startup_tm4c129.o(.text)
    WDT0_Handler                             0x0000177b   Thumb Code     2  startup_tm4c129.o(.text)
    TIMER0B_Handler                          0x0000177f   Thumb Code     2  startup_tm4c129.o(.text)
    TIMER1A_Handler                          0x00001781   Thumb Code     2  startup_tm4c129.o(.text)
    TIMER1B_Handler                          0x00001783   Thumb Code     2  startup_tm4c129.o(.text)
    TIMER2A_Handler                          0x00001785   Thumb Code     2  startup_tm4c129.o(.text)
    TIMER2B_Handler                          0x00001787   Thumb Code     2  startup_tm4c129.o(.text)
    COMP0_Handler                            0x00001789   Thumb Code     2  startup_tm4c129.o(.text)
    COMP1_Handler                            0x0000178b   Thumb Code     2  startup_tm4c129.o(.text)
    COMP2_Handler                            0x0000178d   Thumb Code     2  startup_tm4c129.o(.text)
    SYSCTL_Handler                           0x0000178f   Thumb Code     2  startup_tm4c129.o(.text)
    FLASH_Handler                            0x00001791   Thumb Code     2  startup_tm4c129.o(.text)
    GPIOF_Handler                            0x00001793   Thumb Code     2  startup_tm4c129.o(.text)
    GPIOG_Handler                            0x00001795   Thumb Code     2  startup_tm4c129.o(.text)
    GPIOH_Handler                            0x00001797   Thumb Code     2  startup_tm4c129.o(.text)
    UART2_Handler                            0x00001799   Thumb Code     2  startup_tm4c129.o(.text)
    SSI1_Handler                             0x0000179b   Thumb Code     2  startup_tm4c129.o(.text)
    TIMER3A_Handler                          0x0000179d   Thumb Code     2  startup_tm4c129.o(.text)
    TIMER3B_Handler                          0x0000179f   Thumb Code     2  startup_tm4c129.o(.text)
    I2C1_Handler                             0x000017a1   Thumb Code     2  startup_tm4c129.o(.text)
    CAN0_Handler                             0x000017a3   Thumb Code     2  startup_tm4c129.o(.text)
    CAN1_Handler                             0x000017a5   Thumb Code     2  startup_tm4c129.o(.text)
    ETH_Handler                              0x000017a7   Thumb Code     2  startup_tm4c129.o(.text)
    HIB_Handler                              0x000017a9   Thumb Code     2  startup_tm4c129.o(.text)
    USB0_Handler                             0x000017ab   Thumb Code     2  startup_tm4c129.o(.text)
    PWM0_3_Handler                           0x000017ad   Thumb Code     2  startup_tm4c129.o(.text)
    UDMA_Handler                             0x000017af   Thumb Code     2  startup_tm4c129.o(.text)
    UDMAERR_Handler                          0x000017b1   Thumb Code     2  startup_tm4c129.o(.text)
    ADC1SS0_Handler                          0x000017b3   Thumb Code     2  startup_tm4c129.o(.text)
    ADC1SS1_Handler                          0x000017b5   Thumb Code     2  startup_tm4c129.o(.text)
    ADC1SS2_Handler                          0x000017b7   Thumb Code     2  startup_tm4c129.o(.text)
    ADC1SS3_Handler                          0x000017b9   Thumb Code     2  startup_tm4c129.o(.text)
    EBI0_Handler                             0x000017bb   Thumb Code     2  startup_tm4c129.o(.text)
    GPIOJ_Handler                            0x000017bd   Thumb Code     2  startup_tm4c129.o(.text)
    GPIOK_Handler                            0x000017bf   Thumb Code     2  startup_tm4c129.o(.text)
    GPIOL_Handler                            0x000017c1   Thumb Code     2  startup_tm4c129.o(.text)
    SSI2_Handler                             0x000017c3   Thumb Code     2  startup_tm4c129.o(.text)
    SSI3_Handler                             0x000017c5   Thumb Code     2  startup_tm4c129.o(.text)
    UART3_Handler                            0x000017c7   Thumb Code     2  startup_tm4c129.o(.text)
    UART4_Handler                            0x000017c9   Thumb Code     2  startup_tm4c129.o(.text)
    UART5_Handler                            0x000017cb   Thumb Code     2  startup_tm4c129.o(.text)
    UART6_Handler                            0x000017cd   Thumb Code     2  startup_tm4c129.o(.text)
    UART7_Handler                            0x000017cf   Thumb Code     2  startup_tm4c129.o(.text)
    I2C2_Handler                             0x000017d1   Thumb Code     2  startup_tm4c129.o(.text)
    I2C3_Handler                             0x000017d3   Thumb Code     2  startup_tm4c129.o(.text)
    TIMER4A_Handler                          0x000017d5   Thumb Code     2  startup_tm4c129.o(.text)
    TIMER4B_Handler                          0x000017d7   Thumb Code     2  startup_tm4c129.o(.text)
    TIMER5A_Handler                          0x000017d9   Thumb Code     2  startup_tm4c129.o(.text)
    TIMER5B_Handler                          0x000017db   Thumb Code     2  startup_tm4c129.o(.text)
    WTIMER0A_Handler                         0x000017dd   Thumb Code     2  startup_tm4c129.o(.text)
    WTIMER0B_Handler                         0x000017df   Thumb Code     2  startup_tm4c129.o(.text)
    WTIMER1A_Handler                         0x000017e1   Thumb Code     2  startup_tm4c129.o(.text)
    WTIMER1B_Handler                         0x000017e3   Thumb Code     2  startup_tm4c129.o(.text)
    WTIMER2A_Handler                         0x000017e5   Thumb Code     2  startup_tm4c129.o(.text)
    WTIMER2B_Handler                         0x000017e7   Thumb Code     2  startup_tm4c129.o(.text)
    WTIMER3A_Handler                         0x000017e9   Thumb Code     2  startup_tm4c129.o(.text)
    WTIMER3B_Handler                         0x000017eb   Thumb Code     2  startup_tm4c129.o(.text)
    WTIMER4A_Handler                         0x000017ed   Thumb Code     2  startup_tm4c129.o(.text)
    WTIMER4B_Handler                         0x000017ef   Thumb Code     2  startup_tm4c129.o(.text)
    WTIMER5A_Handler                         0x000017f1   Thumb Code     2  startup_tm4c129.o(.text)
    WTIMER5B_Handler                         0x000017f3   Thumb Code     2  startup_tm4c129.o(.text)
    FPU_Handler                              0x000017f5   Thumb Code     2  startup_tm4c129.o(.text)
    I2C4_Handler                             0x000017f7   Thumb Code     2  startup_tm4c129.o(.text)
    I2C5_Handler                             0x000017f9   Thumb Code     2  startup_tm4c129.o(.text)
    GPIOM_Handler                            0x000017fb   Thumb Code     2  startup_tm4c129.o(.text)
    GPION_Handler                            0x000017fd   Thumb Code     2  startup_tm4c129.o(.text)
    TAMPER_Handler                           0x000017ff   Thumb Code     2  startup_tm4c129.o(.text)
    GPIOP0_Handler                           0x00001801   Thumb Code     2  startup_tm4c129.o(.text)
    GPIOP1_Handler                           0x00001803   Thumb Code     2  startup_tm4c129.o(.text)
    GPIOP2_Handler                           0x00001805   Thumb Code     2  startup_tm4c129.o(.text)
    GPIOP3_Handler                           0x00001807   Thumb Code     2  startup_tm4c129.o(.text)
    GPIOP4_Handler                           0x00001809   Thumb Code     2  startup_tm4c129.o(.text)
    GPIOP5_Handler                           0x0000180b   Thumb Code     2  startup_tm4c129.o(.text)
    GPIOP6_Handler                           0x0000180d   Thumb Code     2  startup_tm4c129.o(.text)
    GPIOP7_Handler                           0x0000180f   Thumb Code     2  startup_tm4c129.o(.text)
    GPIOQ0_Handler                           0x00001811   Thumb Code     2  startup_tm4c129.o(.text)
    GPIOQ1_Handler                           0x00001813   Thumb Code     2  startup_tm4c129.o(.text)
    GPIOQ2_Handler                           0x00001815   Thumb Code     2  startup_tm4c129.o(.text)
    GPIOQ3_Handler                           0x00001817   Thumb Code     2  startup_tm4c129.o(.text)
    GPIOQ4_Handler                           0x00001819   Thumb Code     2  startup_tm4c129.o(.text)
    GPIOQ5_Handler                           0x0000181b   Thumb Code     2  startup_tm4c129.o(.text)
    GPIOQ6_Handler                           0x0000181d   Thumb Code     2  startup_tm4c129.o(.text)
    GPIOQ7_Handler                           0x0000181f   Thumb Code     2  startup_tm4c129.o(.text)
    GPIOR_Handler                            0x00001821   Thumb Code     2  startup_tm4c129.o(.text)
    GPIOS_Handler                            0x00001823   Thumb Code     2  startup_tm4c129.o(.text)
    SHAMD5_Handler                           0x00001825   Thumb Code     2  startup_tm4c129.o(.text)
    AES_Handler                              0x00001827   Thumb Code     2  startup_tm4c129.o(.text)
    DES3DES_Handler                          0x00001829   Thumb Code     2  startup_tm4c129.o(.text)
    LCDCONTROLLER_Handler                    0x0000182b   Thumb Code     2  startup_tm4c129.o(.text)
    TIMER6A_Handler                          0x0000182d   Thumb Code     2  startup_tm4c129.o(.text)
    TIMER6B_Handler                          0x0000182f   Thumb Code     2  startup_tm4c129.o(.text)
    TIMER7A_Handler                          0x00001831   Thumb Code     2  startup_tm4c129.o(.text)
    TIMER7B_Handler                          0x00001833   Thumb Code     2  startup_tm4c129.o(.text)
    I2C6_Handler                             0x00001835   Thumb Code     2  startup_tm4c129.o(.text)
    I2C7_Handler                             0x00001837   Thumb Code     2  startup_tm4c129.o(.text)
    HIMSCANKEYBOARD_Handler                  0x00001839   Thumb Code     2  startup_tm4c129.o(.text)
    ONEWIRE_Handler                          0x0000183b   Thumb Code     2  startup_tm4c129.o(.text)
    HIMPS2_Handler                           0x0000183d   Thumb Code     2  startup_tm4c129.o(.text)
    HIMLEDSEQUENCER_Handler                  0x0000183f   Thumb Code     2  startup_tm4c129.o(.text)
    HIMCONSUMERIR_Handler                    0x00001841   Thumb Code     2  startup_tm4c129.o(.text)
    I2C8_Handler                             0x00001843   Thumb Code     2  startup_tm4c129.o(.text)
    I2C9_Handler                             0x00001845   Thumb Code     2  startup_tm4c129.o(.text)
    GPIOT_Handler                            0x00001847   Thumb Code     2  startup_tm4c129.o(.text)
    __user_initial_stackheap                 0x00001849   Thumb Code     0  startup_tm4c129.o(.text)
    SystemCoreClockUpdate                    0x00001869   Thumb Code     8  system_tm4c129.o(.text)
    SystemInit                               0x00001871   Thumb Code    18  system_tm4c129.o(.text)
    __user_libspace                          0x00001891   Thumb Code     8  libspace.o(.text)
    __user_perproc_libspace                  0x00001891   Thumb Code     0  libspace.o(.text)
    __aeabi_uldivmod                         0x00001899   Thumb Code     0  lludivv7m.o(.text)
    _ll_udiv                                 0x00001899   Thumb Code   238  lludivv7m.o(.text)
    __aeabi_ldivmod                          0x00001987   Thumb Code     0  llsdiv.o(.text)
    _ll_sdiv                                 0x00001987   Thumb Code    72  llsdiv.o(.text)
    exit                                     0x000019cf   Thumb Code    18  exit.o(.text)
    __use_two_region_memory                  0x000019e1   Thumb Code     2  heapauxi.o(.text)
    __rt_heap_escrow$2region                 0x000019e3   Thumb Code     2  heapauxi.o(.text)
    __rt_heap_expand$2region                 0x000019e5   Thumb Code     2  heapauxi.o(.text)
    __read_errno                             0x000019e7   Thumb Code    10  _rserrno.o(.text)
    __set_errno                              0x000019f1   Thumb Code    12  _rserrno.o(.text)
    __aeabi_errno_addr                       0x000019fd   Thumb Code     4  rt_errno_addr_twolibspace.o(.text)
    __errno$twolibspace                      0x000019fd   Thumb Code     0  rt_errno_addr_twolibspace.o(.text)
    __rt_errno_addr$twolibspace              0x000019fd   Thumb Code     0  rt_errno_addr_twolibspace.o(.text)
    _sys_exit                                0x00001a01   Thumb Code     8  sys_exit.o(.text)
    __user_setup_stackheap                   0x00001a0d   Thumb Code    74  sys_stackheap_outer.o(.text)
    __I$use$semihosting                      0x00001a57   Thumb Code     0  use_no_semi.o(.text)
    __use_no_semihosting_swi                 0x00001a57   Thumb Code     2  use_no_semi.o(.text)
    SVC_Count                                0x00001a58   Data           4  svc_table.o(SVC_TABLE)
    __semihosting_library_function           0x00001a59   Thumb Code     0  indicate_semi.o(.text)
    GrContextFontSet                         0x00001a5d   Thumb Code     6  string.o(i.GrContextFontSet)
    SVC_Table                                0x00001a5c   Data           0  svc_table.o(SVC_TABLE)
    GrContextInit                            0x00001a65   Thumb Code    88  context.o(i.GrContextInit)
    GrDefaultStringRenderer                  0x00001ac9   Thumb Code   280  string.o(i.GrDefaultStringRenderer)
    GrFontGlyphDataGet                       0x00001be1   Thumb Code   166  string.o(i.GrFontGlyphDataGet)
    GrFontGlyphRender                        0x00001c87   Thumb Code   648  string.o(i.GrFontGlyphRender)
    GrMapISO8859_1_Unicode                   0x00001f0f   Thumb Code     8  charmap.o(i.GrMapISO8859_1_Unicode)
    GrStringDraw                             0x00001f17   Thumb Code    32  string.o(i.GrStringDraw)
    SysCtlClockFreqSet                       0x00001f39   Thumb Code   706  sysctl.o(i.SysCtlClockFreqSet)
    __ARM_fpclassify                         0x00002291   Thumb Code    48  fpclassify.o(i.__ARM_fpclassify)
    __hardfp_sin                             0x000022c1   Thumb Code   180  sin.o(i.__hardfp_sin)
    __hardfp_sqrt                            0x00002389   Thumb Code   122  sqrt.o(i.__hardfp_sqrt)
    __ieee754_rem_pio2                       0x00002409   Thumb Code   938  rred.o(i.__ieee754_rem_pio2)
    __kernel_cos                             0x00002841   Thumb Code   322  cos_i.o(i.__kernel_cos)
    __kernel_poly                            0x000029b1   Thumb Code   248  poly.o(i.__kernel_poly)
    __kernel_sin                             0x00002aa9   Thumb Code   280  sin_i.o(i.__kernel_sin)
    __mathlib_dbl_infnan                     0x00002bd9   Thumb Code    20  dunder.o(i.__mathlib_dbl_infnan)
    __mathlib_dbl_invalid                    0x00002bf1   Thumb Code    24  dunder.o(i.__mathlib_dbl_invalid)
    __mathlib_dbl_underflow                  0x00002c11   Thumb Code    24  dunder.o(i.__mathlib_dbl_underflow)
    _init_box                                0x00002c31   Thumb Code    70  rt_membox.o(i._init_box)
    dbg_init                                 0x00002c79   Thumb Code    34  hal_cm.o(i.dbg_init)
    dbg_task_notify                          0x00002ca9   Thumb Code    32  hal_cm.o(i.dbg_task_notify)
    dbg_task_switch                          0x00002cc9   Thumb Code    16  hal_cm.o(i.dbg_task_switch)
    fabs                                     0x00002cd9   Thumb Code    24  fabs.o(i.fabs)
    isrMessageGet                            0x00002cf1   Thumb Code    42  rt_cmsis.o(i.isrMessageGet)
    isrMessagePut                            0x00002d1b   Thumb Code    44  rt_cmsis.o(i.isrMessagePut)
    isrSignalSet                             0x00002d47   Thumb Code    36  rt_cmsis.o(i.isrSignalSet)
    isr_evt_set                              0x00002d6d   Thumb Code    34  rt_event.o(i.isr_evt_set)
    isr_mbx_receive                          0x00002d95   Thumb Code    86  rt_mailbox.o(i.isr_mbx_receive)
    isr_mbx_send                             0x00002deb   Thumb Code    14  rt_mailbox.o(i.isr_mbx_send)
    osDelay                                  0x00002df9   Thumb Code    18  rt_cmsis.o(i.osDelay)
    osKernelInitialize                       0x00002e11   Thumb Code    30  rt_cmsis.o(i.osKernelInitialize)
    osKernelStart                            0x00002e35   Thumb Code    98  rt_cmsis.o(i.osKernelStart)
    osKernelSysTick                          0x00002ea1   Thumb Code    18  rt_cmsis.o(i.osKernelSysTick)
    osMessageCreate                          0x00002eb9   Thumb Code    36  rt_cmsis.o(i.osMessageCreate)
    osMessageGet                             0x00002ee5   Thumb Code    18  rt_cmsis.o(i.osMessageGet)
    osMessagePut                             0x00002efd   Thumb Code    18  rt_cmsis.o(i.osMessagePut)
    osSignalSet                              0x00002f15   Thumb Code    18  rt_cmsis.o(i.osSignalSet)
    osSignalWait                             0x00002f2d   Thumb Code    18  rt_cmsis.o(i.osSignalWait)
    osThreadCreate                           0x00002f45   Thumb Code    36  rt_cmsis.o(i.osThreadCreate)
    osThreadExit                             0x00002f71   Thumb Code    14  rt_cmsis.o(i.osThreadExit)
    osThreadYield                            0x00002f89   Thumb Code    18  rt_cmsis.o(i.osThreadYield)
    osTimerCall                              0x00002fa1   Thumb Code     8  rt_cmsis.o(i.osTimerCall)
    osTimerThread                            0x00002fad   Thumb Code    38  rt_cmsis.o(i.osTimerThread)
    os_tick_init                             0x00002fd9   Thumb Code    32  rt_system.o(i.os_tick_init)
    os_tick_irqack                           0x00003001   Thumb Code     2  rt_system.o(i.os_tick_irqack)
    os_tick_ovf                              0x00003005   Thumb Code    10  rt_system.o(i.os_tick_ovf)
    os_tick_val                              0x00003015   Thumb Code    14  rt_system.o(i.os_tick_val)
    rt_alloc_box                             0x00003029   Thumb Code    26  rt_membox.o(i.rt_alloc_box)
    rt_alloc_mem                             0x00003043   Thumb Code    62  rt_memory.o(i.rt_alloc_mem)
    rt_block                                 0x00003081   Thumb Code    48  rt_task.o(i.rt_block)
    rt_chk_robin                             0x000030b9   Thumb Code    60  rt_robin.o(i.rt_chk_robin)
    rt_dec_dly                               0x00003101   Thumb Code   102  rt_list.o(i.rt_dec_dly)
    rt_dispatch                              0x00003171   Thumb Code    60  rt_task.o(i.rt_dispatch)
    rt_dly_wait                              0x000031b5   Thumb Code     6  rt_time.o(i.rt_dly_wait)
    rt_evt_psh                               0x000031bd   Thumb Code    76  rt_event.o(i.rt_evt_psh)
    rt_evt_set                               0x0000320d   Thumb Code    88  rt_event.o(i.rt_evt_set)
    rt_evt_wait                              0x00003269   Thumb Code    56  rt_event.o(i.rt_evt_wait)
    rt_free_box                              0x000032a5   Thumb Code    44  rt_membox.o(i.rt_free_box)
    rt_free_mem                              0x000032d1   Thumb Code    40  rt_memory.o(i.rt_free_mem)
    rt_get_first                             0x000032f9   Thumb Code    40  rt_list.o(i.rt_get_first)
    rt_get_same_rdy_prio                     0x00003321   Thumb Code    26  rt_list.o(i.rt_get_same_rdy_prio)
    rt_init_mem                              0x00003395   Thumb Code    26  rt_memory.o(i.rt_init_mem)
    rt_init_robin                            0x000033b1   Thumb Code    14  rt_robin.o(i.rt_init_robin)
    rt_init_stack                            0x000033c9   Thumb Code   118  hal_cm.o(i.rt_init_stack)
    rt_mbx_check                             0x00003449   Thumb Code     8  rt_mailbox.o(i.rt_mbx_check)
    rt_mbx_init                              0x00003451   Thumb Code    26  rt_mailbox.o(i.rt_mbx_init)
    rt_mbx_psh                               0x0000346d   Thumb Code   236  rt_mailbox.o(i.rt_mbx_psh)
    rt_mbx_send                              0x0000355d   Thumb Code   148  rt_mailbox.o(i.rt_mbx_send)
    rt_mbx_wait                              0x000035f5   Thumb Code   174  rt_mailbox.o(i.rt_mbx_wait)
    rt_mut_init                              0x000036ed   Thumb Code    16  rt_mutex.o(i.rt_mut_init)
    rt_mut_release                           0x000036fd   Thumb Code   208  rt_mutex.o(i.rt_mut_release)
    rt_mut_wait                              0x000037d5   Thumb Code   114  rt_mutex.o(i.rt_mut_wait)
    rt_pop_req                               0x0000384d   Thumb Code   112  rt_system.o(i.rt_pop_req)
    rt_psh_req                               0x000038c9   Thumb Code    22  rt_system.o(i.rt_psh_req)
    rt_psq_enq                               0x000038e9   Thumb Code    88  rt_list.o(i.rt_psq_enq)
    rt_put_dly                               0x00003945   Thumb Code    68  rt_list.o(i.rt_put_dly)
    rt_put_prio                              0x0000398d   Thumb Code    54  rt_list.o(i.rt_put_prio)
    rt_put_rdy_first                         0x000039c5   Thumb Code    14  rt_list.o(i.rt_put_rdy_first)
    rt_resort_prio                           0x000039d9   Thumb Code    46  rt_list.o(i.rt_resort_prio)
    rt_ret_val                               0x00003a1d   Thumb Code    12  hal_cm.o(i.rt_ret_val)
    rt_ret_val2                              0x00003a29   Thumb Code    16  hal_cm.o(i.rt_ret_val2)
    rt_rmv_dly                               0x00003a39   Thumb Code    40  rt_list.o(i.rt_rmv_dly)
    rt_rmv_list                              0x00003a61   Thumb Code    44  rt_list.o(i.rt_rmv_list)
    rt_sem_psh                               0x00003a91   Thumb Code    48  rt_semaphore.o(i.rt_sem_psh)
    rt_stk_check                             0x00003ac5   Thumb Code    28  rt_system.o(i.rt_stk_check)
    rt_switch_req                            0x00003ae9   Thumb Code    30  rt_task.o(i.rt_switch_req)
    rt_sys_init                              0x00003b11   Thumb Code   138  rt_task.o(i.rt_sys_init)
    rt_sys_start                             0x00003bdd   Thumb Code   110  rt_task.o(i.rt_sys_start)
    rt_systick                               0x00003c55   Thumb Code    50  rt_system.o(i.rt_systick)
    rt_tsk_create                            0x00003cdd   Thumb Code   118  rt_task.o(i.rt_tsk_create)
    rt_tsk_delete                            0x00003d65   Thumb Code   352  rt_task.o(i.rt_tsk_delete)
    rt_tsk_pass                              0x00003ee1   Thumb Code    38  rt_task.o(i.rt_tsk_pass)
    rt_tsk_prio                              0x00003f11   Thumb Code   108  rt_task.o(i.rt_tsk_prio)
    rt_tsk_self                              0x00003f8d   Thumb Code    12  rt_task.o(i.rt_tsk_self)
    svcDelay                                 0x00003f9d   Thumb Code    18  rt_cmsis.o(i.svcDelay)
    svcKernelInitialize                      0x00003fb1   Thumb Code    80  rt_cmsis.o(i.svcKernelInitialize)
    svcKernelStart                           0x00004021   Thumb Code    62  rt_cmsis.o(i.svcKernelStart)
    svcKernelSysTick                         0x00004069   Thumb Code    46  rt_cmsis.o(i.svcKernelSysTick)
    svcMessageCreate                         0x000040a1   Thumb Code    36  rt_cmsis.o(i.svcMessageCreate)
    svcMessageGet                            0x000040c5   Thumb Code    58  rt_cmsis.o(i.svcMessageGet)
    svcMessagePut                            0x000040ff   Thumb Code    54  rt_cmsis.o(i.svcMessagePut)
    svcSignalSet                             0x00004135   Thumb Code    36  rt_cmsis.o(i.svcSignalSet)
    svcSignalWait                            0x00004159   Thumb Code    80  rt_cmsis.o(i.svcSignalWait)
    svcThreadCreate                          0x000041ad   Thumb Code    96  rt_cmsis.o(i.svcThreadCreate)
    svcThreadGetId                           0x00004219   Thumb Code    22  rt_cmsis.o(i.svcThreadGetId)
    svcThreadTerminate                       0x00004235   Thumb Code    50  rt_cmsis.o(i.svcThreadTerminate)
    svcThreadYield                           0x0000426d   Thumb Code    10  rt_cmsis.o(i.svcThreadYield)
    svcTimerCall                             0x00004277   Thumb Code    24  rt_cmsis.o(i.svcTimerCall)
    sysTimerTick                             0x00004291   Thumb Code    84  rt_cmsis.o(i.sysTimerTick)
    __aeabi_dneg                             0x000042ed   Thumb Code     0  basic.o(x$fpl$basic)
    _dneg                                    0x000042ed   Thumb Code     6  basic.o(x$fpl$basic)
    __aeabi_fneg                             0x000042f3   Thumb Code     0  basic.o(x$fpl$basic)
    _fneg                                    0x000042f3   Thumb Code     6  basic.o(x$fpl$basic)
    _dabs                                    0x000042f9   Thumb Code     6  basic.o(x$fpl$basic)
    _fabs                                    0x000042ff   Thumb Code     6  basic.o(x$fpl$basic)
    __aeabi_d2f                              0x00004305   Thumb Code     0  d2f.o(x$fpl$d2f)
    _d2f                                     0x00004305   Thumb Code    98  d2f.o(x$fpl$d2f)
    __aeabi_dadd                             0x00004369   Thumb Code     0  daddsub_clz.o(x$fpl$dadd)
    _dadd                                    0x00004369   Thumb Code   332  daddsub_clz.o(x$fpl$dadd)
    __aeabi_ddiv                             0x000044b9   Thumb Code     0  ddiv.o(x$fpl$ddiv)
    _ddiv                                    0x000044b9   Thumb Code   552  ddiv.o(x$fpl$ddiv)
    __aeabi_d2iz                             0x00004769   Thumb Code     0  dfix.o(x$fpl$dfix)
    _dfix                                    0x00004769   Thumb Code    94  dfix.o(x$fpl$dfix)
    __aeabi_i2d                              0x000047c7   Thumb Code     0  dflt_clz.o(x$fpl$dflt)
    _dflt                                    0x000047c7   Thumb Code    46  dflt_clz.o(x$fpl$dflt)
    __aeabi_ui2d                             0x000047f5   Thumb Code     0  dflt_clz.o(x$fpl$dfltu)
    _dfltu                                   0x000047f5   Thumb Code    38  dflt_clz.o(x$fpl$dfltu)
    __aeabi_dmul                             0x0000481d   Thumb Code     0  dmul.o(x$fpl$dmul)
    _dmul                                    0x0000481d   Thumb Code   332  dmul.o(x$fpl$dmul)
    __fpl_dnaninf                            0x00004971   Thumb Code   156  dnaninf.o(x$fpl$dnaninf)
    __fpl_dretinf                            0x00004a0d   Thumb Code    12  dretinf.o(x$fpl$dretinf)
    __aeabi_drsub                            0x00004a19   Thumb Code     0  daddsub_clz.o(x$fpl$drsb)
    _drsb                                    0x00004a19   Thumb Code    22  daddsub_clz.o(x$fpl$drsb)
    _dsqrt                                   0x00004a31   Thumb Code   404  dsqrt_umaal.o(x$fpl$dsqrt)
    __aeabi_dsub                             0x00004bc9   Thumb Code     0  daddsub_clz.o(x$fpl$dsub)
    _dsub                                    0x00004bc9   Thumb Code   464  daddsub_clz.o(x$fpl$dsub)
    __aeabi_f2d                              0x00004d9d   Thumb Code     0  f2d.o(x$fpl$f2d)
    _f2d                                     0x00004d9d   Thumb Code    86  f2d.o(x$fpl$f2d)
    __fpl_fnaninf                            0x00004df3   Thumb Code   140  fnaninf.o(x$fpl$fnaninf)
    _fp_init                                 0x00004e7f   Thumb Code    10  fpinit.o(x$fpl$fpinit)
    __fplib_config_fpu_vfp                   0x00004e87   Thumb Code     0  fpinit.o(x$fpl$fpinit)
    __fplib_config_pureend_doubles           0x00004e87   Thumb Code     0  fpinit.o(x$fpl$fpinit)
    __fpl_fretinf                            0x00004e89   Thumb Code    10  fretinf.o(x$fpl$fretinf)
    __I$use$fp                               0x00004e92   Number         0  usenofp.o(x$fpl$usenofp)
    os_messageQ_def_received_char            0x00004e94   Data           8  exemplotiva.o(.constdata)
    os_messageQ_def_update_int               0x00004e9c   Data           8  exemplotiva.o(.constdata)
    os_messageQ_def_newPoint                 0x00004ea4   Data           8  exemplotiva.o(.constdata)
    os_thread_def_Controle                   0x00004eac   Data          16  exemplotiva.o(.constdata)
    g_sCfaf128x128x16                        0x00004ebc   Data          40  cfaf128x128x16.o(.constdata)
    os_maxtaskrun                            0x00004ee4   Data           2  rtx_conf_cm.o(.constdata)
    os_stackinfo                             0x00004ee8   Data           4  rtx_conf_cm.o(.constdata)
    os_rrobin                                0x00004eec   Data           4  rtx_conf_cm.o(.constdata)
    os_trv                                   0x00004ef0   Data           4  rtx_conf_cm.o(.constdata)
    os_flags                                 0x00004ef4   Data           1  rtx_conf_cm.o(.constdata)
    CMSIS_RTOS_API_Version                   0x00004ef8   Data           4  rtx_conf_cm.o(.constdata)
    CMSIS_RTOS_RTX_Version                   0x00004efc   Data           4  rtx_conf_cm.o(.constdata)
    os_clockrate                             0x00004f00   Data           4  rtx_conf_cm.o(.constdata)
    os_timernum                              0x00004f04   Data           4  rtx_conf_cm.o(.constdata)
    mp_tcb_size                              0x00004f08   Data           2  rtx_conf_cm.o(.constdata)
    mp_stk_size                              0x00004f0c   Data           4  rtx_conf_cm.o(.constdata)
    os_stack_sz                              0x00004f10   Data           4  rtx_conf_cm.o(.constdata)
    os_fifo_size                             0x00004f14   Data           1  rtx_conf_cm.o(.constdata)
    os_thread_def_osTimerThread              0x00004f18   Data          16  rtx_conf_cm.o(.constdata)
    os_messageQ_def_osTimerMessageQ          0x00004f28   Data           8  rtx_conf_cm.o(.constdata)
    mp_tmr_size                              0x00004f30   Data           2  rtx_conf_cm.o(.constdata)
    os_thread_def_main                       0x00004f34   Data          16  rtx_conf_cm.o(.constdata)
    g_psDefaultCodePointMapTable             0x00005198   Data          16  context.o(.constdata)
    g_sFontFixed6x8                          0x000054a0   Data         200  fontfixed6x8.o(.constdata)
    Region$$Table$$Base                      0x00005774   Number         0  anon$$obj.o(Region$$Table)
    Region$$Table$$Limit                     0x00005794   Number         0  anon$$obj.o(Region$$Table)
    tid_Controle                             0x20000004   Data           4  exemplotiva.o(.data)
    tid_UART_Subscriber                      0x20000008   Data           4  exemplotiva.o(.data)
    tid_Fibonacci                            0x2000000c   Data           4  exemplotiva.o(.data)
    tid_Primo                                0x20000010   Data           4  exemplotiva.o(.data)
    tid_Escalonador                          0x20000014   Data           4  exemplotiva.o(.data)
    received_char_id                         0x20000018   Data           4  exemplotiva.o(.data)
    update_int_id                            0x2000001c   Data           4  exemplotiva.o(.data)
    newPoint_id                              0x20000020   Data           4  exemplotiva.o(.data)
    m_tmr                                    0x2000002c   Data           4  rtx_conf_cm.o(.data)
    osThreadId_osTimerThread                 0x20000030   Data           4  rtx_conf_cm.o(.data)
    osMessageQId_osTimerMessageQ             0x20000034   Data           4  rtx_conf_cm.o(.data)
    SystemCoreClock                          0x2000003c   Data           4  system_tm4c129.o(.data)
    os_initialized                           0x20000044   Data           1  rt_cmsis.o(.data)
    os_running                               0x20000045   Data           1  rt_cmsis.o(.data)
    os_timer_head                            0x20000048   Data           4  rt_cmsis.o(.data)
    os_tsk                                   0x2000004c   Data           8  rt_task.o(.data)
    os_tick_irqn                             0x20000058   Data           4  rt_system.o(.data)
    os_time                                  0x2000005c   Data           4  rt_time.o(.data)
    os_robin                                 0x20000060   Data           8  rt_robin.o(.data)
    dbg_msg                                  0x20000068   Data           1  hal_cm.o(.data)
    os_messageQ_q_received_char              0x2000006c   Data          36  exemplotiva.o(.bss)
    os_messageQ_q_update_int                 0x20000090   Data          36  exemplotiva.o(.bss)
    os_messageQ_q_newPoint                   0x200000b4   Data          36  exemplotiva.o(.bss)
    sContext                                 0x200000d8   Data          44  exemplotiva.o(.bss)
    os_messageQ_q_osTimerMessageQ            0x20000104   Data          32  rtx_conf_cm.o(.bss)
    mp_tcb                                   0x20000124   Data         584  rtx_conf_cm.o(.bss)
    mp_stk                                   0x20000370   Data        8016  rtx_conf_cm.o(.bss)
    os_stack_mem                             0x200022c0   Data        1032  rtx_conf_cm.o(.bss)
    os_fifo                                  0x200026c8   Data         132  rtx_conf_cm.o(.bss)
    os_active_TCB                            0x2000274c   Data          44  rtx_conf_cm.o(.bss)
    os_idle_TCB                              0x20002c18   Data          52  rt_task.o(.bss)
    os_rdy                                   0x20002c4c   Data          24  rt_list.o(.bss)
    os_dly                                   0x20002c64   Data          24  rt_list.o(.bss)
    __libspace_start                         0x20002c7c   Data          96  libspace.o(.bss)
    __temporary_stack_top$libspace           0x20002cdc   Data           0  libspace.o(.bss)



==============================================================================

Memory Map of the image

  Image Entry point : 0x00000201

  Load Region LR_IROM1 (Base: 0x00000000, Size: 0x00005800, Max: 0x00100000, ABSOLUTE)

    Execution Region ER_IROM1 (Exec base: 0x00000000, Load base: 0x00000000, Size: 0x00005794, Max: 0x00100000, ABSOLUTE)

    Exec Addr    Load Addr    Size         Type   Attr      Idx    E Section Name        Object

    0x00000000   0x00000000   0x00000200   Data   RO          291    RESET               startup_tm4c129.o
    0x00000200   0x00000200   0x00000008   Code   RO         2385  * !!!main             c_w.l(__main.o)
    0x00000208   0x00000208   0x00000034   Code   RO         2660    !!!scatter          c_w.l(__scatter.o)
    0x0000023c   0x0000023c   0x0000001a   Code   RO         2662    !!handler_copy      c_w.l(__scatter_copy.o)
    0x00000256   0x00000256   0x00000002   PAD
    0x00000258   0x00000258   0x0000001c   Code   RO         2664    !!handler_zi        c_w.l(__scatter_zi.o)
    0x00000274   0x00000274   0x00000002   Code   RO         2546    .ARM.Collect$$libinit$$00000000  c_w.l(libinit.o)
    0x00000276   0x00000276   0x00000004   Code   RO         2557    .ARM.Collect$$libinit$$00000001  c_w.l(libinit2.o)
    0x0000027a   0x0000027a   0x00000000   Code   RO         2560    .ARM.Collect$$libinit$$00000004  c_w.l(libinit2.o)
    0x0000027a   0x0000027a   0x00000000   Code   RO         2563    .ARM.Collect$$libinit$$0000000A  c_w.l(libinit2.o)
    0x0000027a   0x0000027a   0x00000000   Code   RO         2565    .ARM.Collect$$libinit$$0000000C  c_w.l(libinit2.o)
    0x0000027a   0x0000027a   0x00000000   Code   RO         2567    .ARM.Collect$$libinit$$0000000E  c_w.l(libinit2.o)
    0x0000027a   0x0000027a   0x00000000   Code   RO         2570    .ARM.Collect$$libinit$$00000011  c_w.l(libinit2.o)
    0x0000027a   0x0000027a   0x00000000   Code   RO         2572    .ARM.Collect$$libinit$$00000013  c_w.l(libinit2.o)
    0x0000027a   0x0000027a   0x00000000   Code   RO         2574    .ARM.Collect$$libinit$$00000015  c_w.l(libinit2.o)
    0x0000027a   0x0000027a   0x00000000   Code   RO         2576    .ARM.Collect$$libinit$$00000017  c_w.l(libinit2.o)
    0x0000027a   0x0000027a   0x00000000   Code   RO         2578    .ARM.Collect$$libinit$$00000019  c_w.l(libinit2.o)
    0x0000027a   0x0000027a   0x00000000   Code   RO         2580    .ARM.Collect$$libinit$$0000001B  c_w.l(libinit2.o)
    0x0000027a   0x0000027a   0x00000000   Code   RO         2582    .ARM.Collect$$libinit$$0000001D  c_w.l(libinit2.o)
    0x0000027a   0x0000027a   0x00000000   Code   RO         2584    .ARM.Collect$$libinit$$0000001F  c_w.l(libinit2.o)
    0x0000027a   0x0000027a   0x00000000   Code   RO         2586    .ARM.Collect$$libinit$$00000021  c_w.l(libinit2.o)
    0x0000027a   0x0000027a   0x00000000   Code   RO         2588    .ARM.Collect$$libinit$$00000023  c_w.l(libinit2.o)
    0x0000027a   0x0000027a   0x00000000   Code   RO         2590    .ARM.Collect$$libinit$$00000025  c_w.l(libinit2.o)
    0x0000027a   0x0000027a   0x00000000   Code   RO         2594    .ARM.Collect$$libinit$$0000002C  c_w.l(libinit2.o)
    0x0000027a   0x0000027a   0x00000000   Code   RO         2596    .ARM.Collect$$libinit$$0000002E  c_w.l(libinit2.o)
    0x0000027a   0x0000027a   0x00000000   Code   RO         2598    .ARM.Collect$$libinit$$00000030  c_w.l(libinit2.o)
    0x0000027a   0x0000027a   0x00000000   Code   RO         2600    .ARM.Collect$$libinit$$00000032  c_w.l(libinit2.o)
    0x0000027a   0x0000027a   0x00000002   Code   RO         2601    .ARM.Collect$$libinit$$00000033  c_w.l(libinit2.o)
    0x0000027c   0x0000027c   0x00000002   Code   RO         2547    .ARM.Collect$$libshutdown$$00000000  c_w.l(libshutdown.o)
    0x0000027e   0x0000027e   0x00000000   Code   RO         2603    .ARM.Collect$$libshutdown$$00000002  c_w.l(libshutdown2.o)
    0x0000027e   0x0000027e   0x00000000   Code   RO         2605    .ARM.Collect$$libshutdown$$00000004  c_w.l(libshutdown2.o)
    0x0000027e   0x0000027e   0x00000000   Code   RO         2608    .ARM.Collect$$libshutdown$$00000007  c_w.l(libshutdown2.o)
    0x0000027e   0x0000027e   0x00000000   Code   RO         2611    .ARM.Collect$$libshutdown$$0000000A  c_w.l(libshutdown2.o)
    0x0000027e   0x0000027e   0x00000000   Code   RO         2613    .ARM.Collect$$libshutdown$$0000000C  c_w.l(libshutdown2.o)
    0x0000027e   0x0000027e   0x00000000   Code   RO         2616    .ARM.Collect$$libshutdown$$0000000F  c_w.l(libshutdown2.o)
    0x0000027e   0x0000027e   0x00000002   Code   RO         2617    .ARM.Collect$$libshutdown$$00000010  c_w.l(libshutdown2.o)
    0x00000280   0x00000280   0x00000000   Code   RO         2437    .ARM.Collect$$rtentry$$00000000  c_w.l(__rtentry.o)
    0x00000280   0x00000280   0x00000000   Code   RO         2490    .ARM.Collect$$rtentry$$00000002  c_w.l(__rtentry2.o)
    0x00000280   0x00000280   0x00000006   Code   RO         2502    .ARM.Collect$$rtentry$$00000004  c_w.l(__rtentry4.o)
    0x00000286   0x00000286   0x00000000   Code   RO         2492    .ARM.Collect$$rtentry$$00000009  c_w.l(__rtentry2.o)
    0x00000286   0x00000286   0x00000004   Code   RO         2493    .ARM.Collect$$rtentry$$0000000A  c_w.l(__rtentry2.o)
    0x0000028a   0x0000028a   0x00000008   Code   RO         2494    .ARM.Collect$$rtentry$$0000000B  c_w.l(__rtentry2.o)
    0x00000292   0x00000292   0x00000008   Code   RO         2496    .ARM.Collect$$rtentry$$0000000D  c_w.l(__rtentry2.o)
    0x0000029a   0x0000029a   0x00000002   Code   RO         2438    .ARM.Collect$$rtexit$$00000000  c_w.l(rtexit.o)
    0x0000029c   0x0000029c   0x00000000   Code   RO         2505    .ARM.Collect$$rtexit$$00000002  c_w.l(rtexit2.o)
    0x0000029c   0x0000029c   0x00000004   Code   RO         2506    .ARM.Collect$$rtexit$$00000003  c_w.l(rtexit2.o)
    0x000002a0   0x000002a0   0x00000006   Code   RO         2507    .ARM.Collect$$rtexit$$00000004  c_w.l(rtexit2.o)
    0x000002a6   0x000002a6   0x00000002   PAD
    0x000002a8   0x000002a8   0x0000001c   Code   RO          235    .emb_text           rtx_conf_cm.o
    0x000002c4   0x000002c4   0x00000198   Code   RO         2359    .emb_text           RTX_CM4.lib(hal_cm4.o)
    0x0000045c   0x0000045c   0x000008bc   Code   RO            4    .text               exemplotiva.o
    0x00000d18   0x00000d18   0x00000108   Code   RO          105    .text               pwm.o
    0x00000e20   0x00000e20   0x00000094   Code   RO          132    .text               timer.o
    0x00000eb4   0x00000eb4   0x00000100   Code   RO          156    .text               uart.o
    0x00000fb4   0x00000fb4   0x000006fc   Code   RO          177    .text               cfaf128x128x16.o
    0x000016b0   0x000016b0   0x0000008c   Code   RO          236    .text               rtx_conf_cm.o
    0x0000173c   0x0000173c   0x0000012c   Code   RO          292    .text               startup_tm4c129.o
    0x00001868   0x00001868   0x00000028   Code   RO          299    .text               system_tm4c129.o
    0x00001890   0x00001890   0x00000008   Code   RO         2374    .text               c_w.l(libspace.o)
    0x00001898   0x00001898   0x000000ee   Code   RO         2377    .text               c_w.l(lludivv7m.o)
    0x00001986   0x00001986   0x00000048   Code   RO         2379    .text               c_w.l(llsdiv.o)
    0x000019ce   0x000019ce   0x00000012   Code   RO         2381    .text               c_w.l(exit.o)
    0x000019e0   0x000019e0   0x00000006   Code   RO         2383    .text               c_w.l(heapauxi.o)
    0x000019e6   0x000019e6   0x00000016   Code   RO         2444    .text               c_w.l(_rserrno.o)
    0x000019fc   0x000019fc   0x00000004   Code   RO         2518    .text               c_w.l(rt_errno_addr_twolibspace.o)
    0x00001a00   0x00001a00   0x0000000c   Code   RO         2532    .text               c_w.l(sys_exit.o)
    0x00001a0c   0x00001a0c   0x0000004a   Code   RO         2534    .text               c_w.l(sys_stackheap_outer.o)
    0x00001a56   0x00001a56   0x00000002   Code   RO         2548    .text               c_w.l(use_no_semi.o)
    0x00001a58   0x00001a58   0x00000000   Code   RO         2550    .text               c_w.l(indicate_semi.o)
    0x00001a58   0x00001a58   0x00000004   Code   RO         2369    SVC_TABLE           RTX_CM4.lib(svc_table.o)
    0x00001a5c   0x00001a5c   0x00000006   Code   RO          754    i.GrContextFontSet  grlib.lib(string.o)
    0x00001a62   0x00001a62   0x00000002   PAD
    0x00001a64   0x00001a64   0x00000064   Code   RO          705    i.GrContextInit     grlib.lib(context.o)
    0x00001ac8   0x00001ac8   0x00000118   Code   RO          755    i.GrDefaultStringRenderer  grlib.lib(string.o)
    0x00001be0   0x00001be0   0x000000a6   Code   RO          759    i.GrFontGlyphDataGet  grlib.lib(string.o)
    0x00001c86   0x00001c86   0x00000288   Code   RO          760    i.GrFontGlyphRender  grlib.lib(string.o)
    0x00001f0e   0x00001f0e   0x00000008   Code   RO         1747    i.GrMapISO8859_1_Unicode  grlib.lib(charmap.o)
    0x00001f16   0x00001f16   0x00000020   Code   RO          766    i.GrStringDraw      grlib.lib(string.o)
    0x00001f36   0x00001f36   0x00000002   PAD
    0x00001f38   0x00001f38   0x000002ec   Code   RO          331    i.SysCtlClockFreqSet  driverlib.lib(sysctl.o)
    0x00002224   0x00002224   0x0000006c   Code   RO          772    i.UpdateContextCharMapping  grlib.lib(string.o)
    0x00002290   0x00002290   0x00000030   Code   RO         2528    i.__ARM_fpclassify  m_wm.l(fpclassify.o)
    0x000022c0   0x000022c0   0x000000c8   Code   RO         2413    i.__hardfp_sin      m_wm.l(sin.o)
    0x00002388   0x00002388   0x0000007a   Code   RO         2425    i.__hardfp_sqrt     m_wm.l(sqrt.o)
    0x00002402   0x00002402   0x00000006   PAD
    0x00002408   0x00002408   0x00000438   Code   RO         2478    i.__ieee754_rem_pio2  m_wm.l(rred.o)
    0x00002840   0x00002840   0x00000170   Code   RO         2461    i.__kernel_cos      m_wm.l(cos_i.o)
    0x000029b0   0x000029b0   0x000000f8   Code   RO         2530    i.__kernel_poly     m_wm.l(poly.o)
    0x00002aa8   0x00002aa8   0x00000130   Code   RO         2483    i.__kernel_sin      m_wm.l(sin_i.o)
    0x00002bd8   0x00002bd8   0x00000014   Code   RO         2465    i.__mathlib_dbl_infnan  m_wm.l(dunder.o)
    0x00002bec   0x00002bec   0x00000004   PAD
    0x00002bf0   0x00002bf0   0x00000020   Code   RO         2467    i.__mathlib_dbl_invalid  m_wm.l(dunder.o)
    0x00002c10   0x00002c10   0x00000020   Code   RO         2470    i.__mathlib_dbl_underflow  m_wm.l(dunder.o)
    0x00002c30   0x00002c30   0x00000046   Code   RO         2253    i._init_box         RTX_CM4.lib(rt_membox.o)
    0x00002c76   0x00002c76   0x00000002   PAD
    0x00002c78   0x00002c78   0x00000030   Code   RO         2306    i.dbg_init          RTX_CM4.lib(hal_cm.o)
    0x00002ca8   0x00002ca8   0x00000020   Code   RO         2307    i.dbg_task_notify   RTX_CM4.lib(hal_cm.o)
    0x00002cc8   0x00002cc8   0x00000010   Code   RO         2308    i.dbg_task_switch   RTX_CM4.lib(hal_cm.o)
    0x00002cd8   0x00002cd8   0x00000018   Code   RO         2524    i.fabs              m_wm.l(fabs.o)
    0x00002cf0   0x00002cf0   0x0000002a   Code   RO          884    i.isrMessageGet     RTX_CM4.lib(rt_cmsis.o)
    0x00002d1a   0x00002d1a   0x0000002c   Code   RO          885    i.isrMessagePut     RTX_CM4.lib(rt_cmsis.o)
    0x00002d46   0x00002d46   0x00000024   Code   RO          887    i.isrSignalSet      RTX_CM4.lib(rt_cmsis.o)
    0x00002d6a   0x00002d6a   0x00000002   PAD
    0x00002d6c   0x00002d6c   0x00000028   Code   RO         1990    i.isr_evt_set       RTX_CM4.lib(rt_event.o)
    0x00002d94   0x00002d94   0x00000056   Code   RO         2108    i.isr_mbx_receive   RTX_CM4.lib(rt_mailbox.o)
    0x00002dea   0x00002dea   0x0000000e   Code   RO         2109    i.isr_mbx_send      RTX_CM4.lib(rt_mailbox.o)
    0x00002df8   0x00002df8   0x00000018   Code   RO          888    i.osDelay           RTX_CM4.lib(rt_cmsis.o)
    0x00002e10   0x00002e10   0x00000024   Code   RO          889    i.osKernelInitialize  RTX_CM4.lib(rt_cmsis.o)
    0x00002e34   0x00002e34   0x0000006c   Code   RO          891    i.osKernelStart     RTX_CM4.lib(rt_cmsis.o)
    0x00002ea0   0x00002ea0   0x00000018   Code   RO          892    i.osKernelSysTick   RTX_CM4.lib(rt_cmsis.o)
    0x00002eb8   0x00002eb8   0x0000002c   Code   RO          899    i.osMessageCreate   RTX_CM4.lib(rt_cmsis.o)
    0x00002ee4   0x00002ee4   0x00000018   Code   RO          900    i.osMessageGet      RTX_CM4.lib(rt_cmsis.o)
    0x00002efc   0x00002efc   0x00000018   Code   RO          901    i.osMessagePut      RTX_CM4.lib(rt_cmsis.o)
    0x00002f14   0x00002f14   0x00000018   Code   RO          915    i.osSignalSet       RTX_CM4.lib(rt_cmsis.o)
    0x00002f2c   0x00002f2c   0x00000018   Code   RO          916    i.osSignalWait      RTX_CM4.lib(rt_cmsis.o)
    0x00002f44   0x00002f44   0x0000002c   Code   RO          917    i.osThreadCreate    RTX_CM4.lib(rt_cmsis.o)
    0x00002f70   0x00002f70   0x00000018   Code   RO          918    i.osThreadExit      RTX_CM4.lib(rt_cmsis.o)
    0x00002f88   0x00002f88   0x00000018   Code   RO          923    i.osThreadYield     RTX_CM4.lib(rt_cmsis.o)
    0x00002fa0   0x00002fa0   0x0000000c   Code   RO          924    i.osTimerCall       RTX_CM4.lib(rt_cmsis.o)
    0x00002fac   0x00002fac   0x0000002c   Code   RO          929    i.osTimerThread     RTX_CM4.lib(rt_cmsis.o)
    0x00002fd8   0x00002fd8   0x00000028   Code   RO         1900    i.os_tick_init      RTX_CM4.lib(rt_system.o)
    0x00003000   0x00003000   0x00000002   Code   RO         1901    i.os_tick_irqack    RTX_CM4.lib(rt_system.o)
    0x00003002   0x00003002   0x00000002   PAD
    0x00003004   0x00003004   0x00000010   Code   RO         1902    i.os_tick_ovf       RTX_CM4.lib(rt_system.o)
    0x00003014   0x00003014   0x00000014   Code   RO         1903    i.os_tick_val       RTX_CM4.lib(rt_system.o)
    0x00003028   0x00003028   0x0000001a   Code   RO         2254    i.rt_alloc_box      RTX_CM4.lib(rt_membox.o)
    0x00003042   0x00003042   0x0000003e   Code   RO         2282    i.rt_alloc_mem      RTX_CM4.lib(rt_memory.o)
    0x00003080   0x00003080   0x00000038   Code   RO         1503    i.rt_block          RTX_CM4.lib(rt_task.o)
    0x000030b8   0x000030b8   0x00000048   Code   RO         2231    i.rt_chk_robin      RTX_CM4.lib(rt_robin.o)
    0x00003100   0x00003100   0x00000070   Code   RO         2032    i.rt_dec_dly        RTX_CM4.lib(rt_list.o)
    0x00003170   0x00003170   0x00000044   Code   RO         1504    i.rt_dispatch       RTX_CM4.lib(rt_task.o)
    0x000031b4   0x000031b4   0x00000006   Code   RO         2198    i.rt_dly_wait       RTX_CM4.lib(rt_time.o)
    0x000031ba   0x000031ba   0x00000002   PAD
    0x000031bc   0x000031bc   0x00000050   Code   RO         1993    i.rt_evt_psh        RTX_CM4.lib(rt_event.o)
    0x0000320c   0x0000320c   0x0000005c   Code   RO         1994    i.rt_evt_set        RTX_CM4.lib(rt_event.o)
    0x00003268   0x00003268   0x0000003c   Code   RO         1995    i.rt_evt_wait       RTX_CM4.lib(rt_event.o)
    0x000032a4   0x000032a4   0x0000002c   Code   RO         2255    i.rt_free_box       RTX_CM4.lib(rt_membox.o)
    0x000032d0   0x000032d0   0x00000028   Code   RO         2283    i.rt_free_mem       RTX_CM4.lib(rt_memory.o)
    0x000032f8   0x000032f8   0x00000028   Code   RO         2033    i.rt_get_first      RTX_CM4.lib(rt_list.o)
    0x00003320   0x00003320   0x00000024   Code   RO         2034    i.rt_get_same_rdy_prio  RTX_CM4.lib(rt_list.o)
    0x00003344   0x00003344   0x00000008   Code   RO          934    i.rt_id2obj         RTX_CM4.lib(rt_cmsis.o)
    0x0000334c   0x0000334c   0x00000048   Code   RO         1505    i.rt_init_context   RTX_CM4.lib(rt_task.o)
    0x00003394   0x00003394   0x0000001a   Code   RO         2284    i.rt_init_mem       RTX_CM4.lib(rt_memory.o)
    0x000033ae   0x000033ae   0x00000002   PAD
    0x000033b0   0x000033b0   0x00000018   Code   RO         2232    i.rt_init_robin     RTX_CM4.lib(rt_robin.o)
    0x000033c8   0x000033c8   0x00000080   Code   RO         2309    i.rt_init_stack     RTX_CM4.lib(hal_cm.o)
    0x00003448   0x00003448   0x00000008   Code   RO         2110    i.rt_mbx_check      RTX_CM4.lib(rt_mailbox.o)
    0x00003450   0x00003450   0x0000001a   Code   RO         2111    i.rt_mbx_init       RTX_CM4.lib(rt_mailbox.o)
    0x0000346a   0x0000346a   0x00000002   PAD
    0x0000346c   0x0000346c   0x000000f0   Code   RO         2112    i.rt_mbx_psh        RTX_CM4.lib(rt_mailbox.o)
    0x0000355c   0x0000355c   0x00000098   Code   RO         2113    i.rt_mbx_send       RTX_CM4.lib(rt_mailbox.o)
    0x000035f4   0x000035f4   0x000000b4   Code   RO         2114    i.rt_mbx_wait       RTX_CM4.lib(rt_mailbox.o)
    0x000036a8   0x000036a8   0x00000044   Code   RO          935    i.rt_ms2tick        RTX_CM4.lib(rt_cmsis.o)
    0x000036ec   0x000036ec   0x00000010   Code   RO         1588    i.rt_mut_init       RTX_CM4.lib(rt_mutex.o)
    0x000036fc   0x000036fc   0x000000d8   Code   RO         1589    i.rt_mut_release    RTX_CM4.lib(rt_mutex.o)
    0x000037d4   0x000037d4   0x00000078   Code   RO         1590    i.rt_mut_wait       RTX_CM4.lib(rt_mutex.o)
    0x0000384c   0x0000384c   0x0000007c   Code   RO         1904    i.rt_pop_req        RTX_CM4.lib(rt_system.o)
    0x000038c8   0x000038c8   0x00000020   Code   RO         1905    i.rt_psh_req        RTX_CM4.lib(rt_system.o)
    0x000038e8   0x000038e8   0x0000005c   Code   RO         2035    i.rt_psq_enq        RTX_CM4.lib(rt_list.o)
    0x00003944   0x00003944   0x00000048   Code   RO         2036    i.rt_put_dly        RTX_CM4.lib(rt_list.o)
    0x0000398c   0x0000398c   0x00000036   Code   RO         2037    i.rt_put_prio       RTX_CM4.lib(rt_list.o)
    0x000039c2   0x000039c2   0x00000002   PAD
    0x000039c4   0x000039c4   0x00000014   Code   RO         2038    i.rt_put_rdy_first  RTX_CM4.lib(rt_list.o)
    0x000039d8   0x000039d8   0x00000034   Code   RO         2039    i.rt_resort_prio    RTX_CM4.lib(rt_list.o)
    0x00003a0c   0x00003a0c   0x00000010   Code   RO         2310    i.rt_ret_regs       RTX_CM4.lib(hal_cm.o)
    0x00003a1c   0x00003a1c   0x0000000c   Code   RO         2311    i.rt_ret_val        RTX_CM4.lib(hal_cm.o)
    0x00003a28   0x00003a28   0x00000010   Code   RO         2312    i.rt_ret_val2       RTX_CM4.lib(hal_cm.o)
    0x00003a38   0x00003a38   0x00000028   Code   RO         2040    i.rt_rmv_dly        RTX_CM4.lib(rt_list.o)
    0x00003a60   0x00003a60   0x00000030   Code   RO         2041    i.rt_rmv_list       RTX_CM4.lib(rt_list.o)
    0x00003a90   0x00003a90   0x00000034   Code   RO         2159    i.rt_sem_psh        RTX_CM4.lib(rt_semaphore.o)
    0x00003ac4   0x00003ac4   0x00000024   Code   RO         1907    i.rt_stk_check      RTX_CM4.lib(rt_system.o)
    0x00003ae8   0x00003ae8   0x00000028   Code   RO         1506    i.rt_switch_req     RTX_CM4.lib(rt_task.o)
    0x00003b10   0x00003b10   0x000000cc   Code   RO         1507    i.rt_sys_init       RTX_CM4.lib(rt_task.o)
    0x00003bdc   0x00003bdc   0x00000078   Code   RO         1508    i.rt_sys_start      RTX_CM4.lib(rt_task.o)
    0x00003c54   0x00003c54   0x00000040   Code   RO         1909    i.rt_systick        RTX_CM4.lib(rt_system.o)
    0x00003c94   0x00003c94   0x00000012   Code   RO          936    i.rt_tid2ptcb       RTX_CM4.lib(rt_cmsis.o)
    0x00003ca6   0x00003ca6   0x00000002   PAD
    0x00003ca8   0x00003ca8   0x00000034   Code   RO          937    i.rt_timer_insert   RTX_CM4.lib(rt_cmsis.o)
    0x00003cdc   0x00003cdc   0x00000088   Code   RO         1509    i.rt_tsk_create     RTX_CM4.lib(rt_task.o)
    0x00003d64   0x00003d64   0x0000017c   Code   RO         1510    i.rt_tsk_delete     RTX_CM4.lib(rt_task.o)
    0x00003ee0   0x00003ee0   0x00000030   Code   RO         1511    i.rt_tsk_pass       RTX_CM4.lib(rt_task.o)
    0x00003f10   0x00003f10   0x0000007c   Code   RO         1512    i.rt_tsk_prio       RTX_CM4.lib(rt_task.o)
    0x00003f8c   0x00003f8c   0x00000010   Code   RO         1513    i.rt_tsk_self       RTX_CM4.lib(rt_task.o)
    0x00003f9c   0x00003f9c   0x00000012   Code   RO          939    i.svcDelay          RTX_CM4.lib(rt_cmsis.o)
    0x00003fae   0x00003fae   0x00000002   PAD
    0x00003fb0   0x00003fb0   0x00000070   Code   RO          940    i.svcKernelInitialize  RTX_CM4.lib(rt_cmsis.o)
    0x00004020   0x00004020   0x00000048   Code   RO          942    i.svcKernelStart    RTX_CM4.lib(rt_cmsis.o)
    0x00004068   0x00004068   0x00000038   Code   RO          943    i.svcKernelSysTick  RTX_CM4.lib(rt_cmsis.o)
    0x000040a0   0x000040a0   0x00000024   Code   RO          945    i.svcMessageCreate  RTX_CM4.lib(rt_cmsis.o)
    0x000040c4   0x000040c4   0x0000003a   Code   RO          946    i.svcMessageGet     RTX_CM4.lib(rt_cmsis.o)
    0x000040fe   0x000040fe   0x00000036   Code   RO          947    i.svcMessagePut     RTX_CM4.lib(rt_cmsis.o)
    0x00004134   0x00004134   0x00000024   Code   RO          958    i.svcSignalSet      RTX_CM4.lib(rt_cmsis.o)
    0x00004158   0x00004158   0x00000054   Code   RO          959    i.svcSignalWait     RTX_CM4.lib(rt_cmsis.o)
    0x000041ac   0x000041ac   0x0000006c   Code   RO          960    i.svcThreadCreate   RTX_CM4.lib(rt_cmsis.o)
    0x00004218   0x00004218   0x0000001c   Code   RO          961    i.svcThreadGetId    RTX_CM4.lib(rt_cmsis.o)
    0x00004234   0x00004234   0x00000038   Code   RO          964    i.svcThreadTerminate  RTX_CM4.lib(rt_cmsis.o)
    0x0000426c   0x0000426c   0x0000000a   Code   RO          965    i.svcThreadYield    RTX_CM4.lib(rt_cmsis.o)
    0x00004276   0x00004276   0x00000018   Code   RO          966    i.svcTimerCall      RTX_CM4.lib(rt_cmsis.o)
    0x0000428e   0x0000428e   0x00000002   PAD
    0x00004290   0x00004290   0x0000005c   Code   RO          975    i.sysTimerTick      RTX_CM4.lib(rt_cmsis.o)
    0x000042ec   0x000042ec   0x00000018   Code   RO         2446    x$fpl$basic         fz_wm.l(basic.o)
    0x00004304   0x00004304   0x00000062   Code   RO         2387    x$fpl$d2f           fz_wm.l(d2f.o)
    0x00004366   0x00004366   0x00000002   PAD
    0x00004368   0x00004368   0x00000150   Code   RO         2389    x$fpl$dadd          fz_wm.l(daddsub_clz.o)
    0x000044b8   0x000044b8   0x000002b0   Code   RO         2396    x$fpl$ddiv          fz_wm.l(ddiv.o)
    0x00004768   0x00004768   0x0000005e   Code   RO         2399    x$fpl$dfix          fz_wm.l(dfix.o)
    0x000047c6   0x000047c6   0x0000002e   Code   RO         2404    x$fpl$dflt          fz_wm.l(dflt_clz.o)
    0x000047f4   0x000047f4   0x00000026   Code   RO         2403    x$fpl$dfltu         fz_wm.l(dflt_clz.o)
    0x0000481a   0x0000481a   0x00000002   PAD
    0x0000481c   0x0000481c   0x00000154   Code   RO         2409    x$fpl$dmul          fz_wm.l(dmul.o)
    0x00004970   0x00004970   0x0000009c   Code   RO         2450    x$fpl$dnaninf       fz_wm.l(dnaninf.o)
    0x00004a0c   0x00004a0c   0x0000000c   Code   RO         2452    x$fpl$dretinf       fz_wm.l(dretinf.o)
    0x00004a18   0x00004a18   0x00000016   Code   RO         2390    x$fpl$drsb          fz_wm.l(daddsub_clz.o)
    0x00004a2e   0x00004a2e   0x00000002   PAD
    0x00004a30   0x00004a30   0x00000198   Code   RO         2454    x$fpl$dsqrt         fz_wm.l(dsqrt_umaal.o)
    0x00004bc8   0x00004bc8   0x000001d4   Code   RO         2391    x$fpl$dsub          fz_wm.l(daddsub_clz.o)
    0x00004d9c   0x00004d9c   0x00000056   Code   RO         2411    x$fpl$f2d           fz_wm.l(f2d.o)
    0x00004df2   0x00004df2   0x0000008c   Code   RO         2456    x$fpl$fnaninf       fz_wm.l(fnaninf.o)
    0x00004e7e   0x00004e7e   0x0000000a   Code   RO         2624    x$fpl$fpinit        fz_wm.l(fpinit.o)
    0x00004e88   0x00004e88   0x0000000a   Code   RO         2458    x$fpl$fretinf       fz_wm.l(fretinf.o)
    0x00004e92   0x00004e92   0x00000000   Code   RO         2460    x$fpl$usenofp       fz_wm.l(usenofp.o)
    0x00004e92   0x00004e92   0x00000002   PAD
    0x00004e94   0x00004e94   0x00000028   Data   RO            9    .constdata          exemplotiva.o
    0x00004ebc   0x00004ebc   0x00000028   Data   RO          190    .constdata          cfaf128x128x16.o
    0x00004ee4   0x00004ee4   0x00000002   Data   RO          244    .constdata          rtx_conf_cm.o
    0x00004ee6   0x00004ee6   0x00000002   PAD
    0x00004ee8   0x00004ee8   0x00000004   Data   RO          245    .constdata          rtx_conf_cm.o
    0x00004eec   0x00004eec   0x00000004   Data   RO          246    .constdata          rtx_conf_cm.o
    0x00004ef0   0x00004ef0   0x00000004   Data   RO          250    .constdata          rtx_conf_cm.o
    0x00004ef4   0x00004ef4   0x00000001   Data   RO          251    .constdata          rtx_conf_cm.o
    0x00004ef5   0x00004ef5   0x00000003   PAD
    0x00004ef8   0x00004ef8   0x00000010   Data   RO          252    .constdata          rtx_conf_cm.o
    0x00004f08   0x00004f08   0x00000002   Data   RO          253    .constdata          rtx_conf_cm.o
    0x00004f0a   0x00004f0a   0x00000002   PAD
    0x00004f0c   0x00004f0c   0x00000004   Data   RO          254    .constdata          rtx_conf_cm.o
    0x00004f10   0x00004f10   0x00000004   Data   RO          255    .constdata          rtx_conf_cm.o
    0x00004f14   0x00004f14   0x00000001   Data   RO          256    .constdata          rtx_conf_cm.o
    0x00004f15   0x00004f15   0x00000003   PAD
    0x00004f18   0x00004f18   0x00000010   Data   RO          257    .constdata          rtx_conf_cm.o
    0x00004f28   0x00004f28   0x00000008   Data   RO          258    .constdata          rtx_conf_cm.o
    0x00004f30   0x00004f30   0x00000002   Data   RO          259    .constdata          rtx_conf_cm.o
    0x00004f32   0x00004f32   0x00000002   PAD
    0x00004f34   0x00004f34   0x00000010   Data   RO          260    .constdata          rtx_conf_cm.o
    0x00004f44   0x00004f44   0x00000254   Data   RO          385    .constdata          driverlib.lib(sysctl.o)
    0x00005198   0x00005198   0x00000010   Data   RO          707    .constdata          grlib.lib(context.o)
    0x000051a8   0x000051a8   0x000002f8   Data   RO          739    .constdata          grlib.lib(fontfixed6x8.o)
    0x000054a0   0x000054a0   0x000000c8   Data   RO          740    .constdata          grlib.lib(fontfixed6x8.o)
    0x00005568   0x00005568   0x00000030   Data   RO         2462    .constdata          m_wm.l(cos_i.o)
    0x00005598   0x00005598   0x000000c8   Data   RO         2480    .constdata          m_wm.l(rred.o)
    0x00005660   0x00005660   0x00000028   Data   RO         2484    .constdata          m_wm.l(sin_i.o)
    0x00005688   0x00005688   0x000000e9   Data   RO           16    .conststring        exemplotiva.o
    0x00005771   0x00005771   0x00000003   PAD
    0x00005774   0x00005774   0x00000020   Data   RO         2658    Region$$Table       anon$$obj.o


    Execution Region RW_IRAM1 (Exec base: 0x20000000, Load base: 0x00005794, Size: 0x00002ee0, Max: 0x00040000, ABSOLUTE)

    Exec Addr    Load Addr    Size         Type   Attr      Idx    E Section Name        Object

    0x20000000   0x00005794   0x00000024   Data   RW           17    .data               exemplotiva.o
    0x20000024   0x000057b8   0x00000008   Data   RW          191    .data               cfaf128x128x16.o
    0x2000002c   0x000057c0   0x00000004   Data   RW          262    .data               rtx_conf_cm.o
    0x20000030   0x000057c4   0x00000004   Data   RW          263    .data               rtx_conf_cm.o
    0x20000034   0x000057c8   0x00000004   Data   RW          264    .data               rtx_conf_cm.o
    0x20000038   0x000057cc   0x00000004   Data   RW          265    .data               rtx_conf_cm.o
    0x2000003c   0x000057d0   0x00000004   Data   RW          300    .data               system_tm4c129.o
    0x20000040   0x000057d4   0x00000004   Data   RW          708    .data               grlib.lib(context.o)
    0x20000044   0x000057d8   0x00000008   Data   RW          978    .data               RTX_CM4.lib(rt_cmsis.o)
    0x2000004c   0x000057e0   0x00000008   Data   RW         1515    .data               RTX_CM4.lib(rt_task.o)
    0x20000054   0x000057e8   0x00000008   Data   RW         1912    .data               RTX_CM4.lib(rt_system.o)
    0x2000005c   0x000057f0   0x00000004   Data   RW         2202    .data               RTX_CM4.lib(rt_time.o)
    0x20000060   0x000057f4   0x00000008   Data   RW         2233    .data               RTX_CM4.lib(rt_robin.o)
    0x20000068   0x000057fc   0x00000001   Data   RW         2313    .data               RTX_CM4.lib(hal_cm.o)
    0x20000069   0x000057fd   0x00000003   PAD
    0x2000006c        -       0x00000024   Zero   RW            5    .bss                exemplotiva.o
    0x20000090        -       0x00000024   Zero   RW            6    .bss                exemplotiva.o
    0x200000b4        -       0x00000024   Zero   RW            7    .bss                exemplotiva.o
    0x200000d8        -       0x0000002c   Zero   RW            8    .bss                exemplotiva.o
    0x20000104        -       0x00000020   Zero   RW          237    .bss                rtx_conf_cm.o
    0x20000124        -       0x00000248   Zero   RW          238    .bss                rtx_conf_cm.o
    0x2000036c   0x000057fd   0x00000004   PAD
    0x20000370        -       0x00001f50   Zero   RW          239    .bss                rtx_conf_cm.o
    0x200022c0        -       0x00000408   Zero   RW          240    .bss                rtx_conf_cm.o
    0x200026c8        -       0x00000084   Zero   RW          241    .bss                rtx_conf_cm.o
    0x2000274c        -       0x0000002c   Zero   RW          242    .bss                rtx_conf_cm.o
    0x20002778        -       0x000004a0   Zero   RW          243    .bss                rtx_conf_cm.o
    0x20002c18        -       0x00000034   Zero   RW         1514    .bss                RTX_CM4.lib(rt_task.o)
    0x20002c4c        -       0x00000030   Zero   RW         2042    .bss                RTX_CM4.lib(rt_list.o)
    0x20002c7c        -       0x00000060   Zero   RW         2375    .bss                c_w.l(libspace.o)
    0x20002cdc   0x000057fd   0x00000004   PAD
    0x20002ce0        -       0x00000000   Zero   RW          290    HEAP                startup_tm4c129.o
    0x20002ce0        -       0x00000200   Zero   RW          289    STACK               startup_tm4c129.o


==============================================================================

Image component sizes


      Code (inc. data)   RO Data    RW Data    ZI Data      Debug   Object Name

      1788         94         40          8          0      10718   cfaf128x128x16.o
      2236        390        273         36        152      42134   exemplotiva.o
       264         20          0          0          0        916   pwm.o
       168         36         84         16      11024       8957   rtx_conf_cm.o
       300         22        512          0        512       6036   startup_tm4c129.o
        40         14          0          4          0        893   system_tm4c129.o
       148         28          0          0          0        812   timer.o
       256         28          0          0          0       1243   uart.o

    ----------------------------------------------------------------------
      5200        632        956         64      11692      71709   Object Totals
         0          0         32          0          0          0   (incl. Generated)
         0          0         15          0          4          0   (incl. Padding)

    ----------------------------------------------------------------------

      Code (inc. data)   RO Data    RW Data    ZI Data      Debug   Library Member Name

       268         24          0          1          0       4524   hal_cm.o
       408         34          0          0          0        824   hal_cm4.o
      1592        196          0          8          0      43810   rt_cmsis.o
       272         18          0          0          0       2842   rt_event.o
       566         44          0          0         48       9272   rt_list.o
       706         14          0          0          0       5123   rt_mailbox.o
       140          0          0          0          0       2069   rt_membox.o
       128          0          0          0          0       2451   rt_memory.o
       352         14          0          0          0       2249   rt_mutex.o
        96         22          0          8          0       1254   rt_robin.o
        52          4          0          0          0        621   rt_semaphore.o
       334         64          0          8          0       7475   rt_system.o
      1264        184          0          8         52      10675   rt_task.o
         6          0          0          4          0        700   rt_time.o
         4          4          0          0          0        208   svc_table.o
         8          0          0          0          0         68   __main.o
         0          0          0          0          0          0   __rtentry.o
        20          0          0          0          0          0   __rtentry2.o
         6          0          0          0          0          0   __rtentry4.o
        52          8          0          0          0          0   __scatter.o
        26          0          0          0          0          0   __scatter_copy.o
        28          0          0          0          0          0   __scatter_zi.o
        22          0          0          0          0        100   _rserrno.o
        18          0          0          0          0         80   exit.o
         6          0          0          0          0        152   heapauxi.o
         0          0          0          0          0          0   indicate_semi.o
         2          0          0          0          0          0   libinit.o
         6          0          0          0          0          0   libinit2.o
         2          0          0          0          0          0   libshutdown.o
         2          0          0          0          0          0   libshutdown2.o
         8          4          0          0         96         68   libspace.o
        72          0          0          0          0         76   llsdiv.o
       238          0          0          0          0        100   lludivv7m.o
         4          0          0          0          0         68   rt_errno_addr_twolibspace.o
         2          0          0          0          0          0   rtexit.o
        10          0          0          0          0          0   rtexit2.o
        12          4          0          0          0         68   sys_exit.o
        74          0          0          0          0         80   sys_stackheap_outer.o
         2          0          0          0          0         68   use_no_semi.o
       748         42        596          0          0       7457   sysctl.o
        24          0          0          0          0        164   basic.o
        98          4          0          0          0        140   d2f.o
       826         16          0          0          0        492   daddsub_clz.o
       688        140          0          0          0        256   ddiv.o
        94          4          0          0          0        140   dfix.o
        84          0          0          0          0        232   dflt_clz.o
       340         12          0          0          0        152   dmul.o
       156          4          0          0          0        140   dnaninf.o
        12          0          0          0          0        116   dretinf.o
       408         56          0          0          0        168   dsqrt_umaal.o
        86          4          0          0          0        132   f2d.o
       140          4          0          0          0        132   fnaninf.o
        10          0          0          0          0        116   fpinit.o
        10          0          0          0          0        116   fretinf.o
         0          0          0          0          0          0   usenofp.o
         8          0          0          0          0       1494   charmap.o
       100         12         16          4          0      26443   context.o
         0          0        960          0          0      25662   fontfixed6x8.o
      1240          0          0          0          0       9079   string.o
       368         46         48          0          0        200   cos_i.o
        84         16          0          0          0        372   dunder.o
        24          0          0          0          0        124   fabs.o
        48          0          0          0          0        124   fpclassify.o
       248          0          0          0          0        152   poly.o
      1080        142        200          0          0        188   rred.o
       200         20          0          0          0        164   sin.o
       304         24         40          0          0        208   sin_i.o
       122          0          0          0          0        148   sqrt.o

    ----------------------------------------------------------------------
     14404       1184       1860         44        200     169336   Library Totals
        46          0          0          3          4          0   (incl. Padding)

    ----------------------------------------------------------------------

      Code (inc. data)   RO Data    RW Data    ZI Data      Debug   Library Name

      6188        622          0         37        100      94097   RTX_CM4.lib
       620         16          0          0         96        928   c_w.l
       748         42        596          0          0       7457   driverlib.lib
      2976        244          0          0          0       2496   fz_wm.l
      1348         12        976          4          0      62678   grlib.lib
      2478        248        288          0          0       1680   m_wm.l

    ----------------------------------------------------------------------
     14404       1184       1860         44        200     169336   Library Totals

    ----------------------------------------------------------------------

==============================================================================


      Code (inc. data)   RO Data    RW Data    ZI Data      Debug   

     19604       1816       2816        108      11892     227081   Grand Totals
     19604       1816       2816        108      11892     227081   ELF Image Totals
     19604       1816       2816        108          0          0   ROM Totals

==============================================================================

    Total RO  Size (Code + RO Data)                22420 (  21.89kB)
    Total RW  Size (RW Data + ZI Data)             12000 (  11.72kB)
    Total ROM Size (Code + RO Data + RW Data)      22528 (  22.00kB)

==============================================================================

