<html>
<body>
<pre>
<h1>µVision Build Log</h1>
<h2>Tool Versions:</h2>
IDE-Version: µVision V5.24.2.0
Copyright (C) 2017 ARM Ltd and ARM Germany GmbH. All rights reserved.
License Information: fdg dfs dfgdfs, dfgdgdf, LIC=----
 
Tool Versions:
Toolchain:       MDK-Lite  Version: 5.24.1
Toolchain Path:  C:\Keil_v5\ARM\ARMCC\Bin
C Compiler:      Armcc.exe V5.06 update 5 (build 528)
Assembler:       Armasm.exe V5.06 update 5 (build 528)
Linker/Locator:  ArmLink.exe V5.06 update 5 (build 528)
Library Manager: ArmAr.exe V5.06 update 5 (build 528)
Hex Converter:   FromElf.exe V5.06 update 5 (build 528)
CPU DLL:         SARMCM3.DLL V5.24.1
Dialog DLL:      DCM.DLL V1.16.0.0
Target DLL:      lmidk-agdi.dll V???
Dialog DLL:      TCM.DLL V1.32.0.0
 
<h2>Project:</h2>
C:\Users\Mathias\Downloads\estudos\Embarcados\Lab_5\ProjectFiles\base_project.uvprojx
Project File Date:  11/19/2018

<h2>Output:</h2>
*** Using Compiler 'V5.06 update 5 (build 528)', folder: 'C:\Keil_v5\ARM\ARMCC\Bin'
*** Note: Rebuilding project, since 'Options->Output->Create Batch File' is selected.
Rebuild Project 'base_project' - Target 'TM4C129 Flash'
compiling exemploTIVA.c...
C:\Users\Mathias\Downloads\estudos\Embarcados\Lab_5\ProjectFiles\PWM.h(298): warning:  #1295-D: Deprecated declaration PWM_init - give arg types
  extern void PWM_init();
C:\Users\Mathias\Downloads\estudos\Embarcados\Lab_5\ProjectFiles\UART.h(61): warning:  #1295-D: Deprecated declaration UART_init - give arg types
  void UART_init();
C:\Users\Mathias\Downloads\estudos\Embarcados\Lab_5\ProjectFiles\timer.h(18): warning:  #47-D: incompatible redefinition of macro "NVIC_BASE"  (declared at line 1557 of "C:\Keil_v5\ARM\PACK\ARM\CMSIS\5.3.0\CMSIS\Include\core_cm4.h")
  #define NVIC_BASE           (0xE000E100UL)        
C:\Users\Mathias\Downloads\estudos\Embarcados\Lab_5\ProjectFiles\timer.h(298): warning:  #1295-D: Deprecated declaration timer_init - give arg types
  extern void timer_init();
C:\Users\Mathias\Downloads\estudos\Embarcados\Lab_5\ProjectFiles\exemploTIVA.c(171): warning:  #111-D: statement is unreachable
                        break;
C:\Users\Mathias\Downloads\estudos\Embarcados\Lab_5\ProjectFiles\exemploTIVA.c(177): warning:  #111-D: statement is unreachable
                        break;
C:\Users\Mathias\Downloads\estudos\Embarcados\Lab_5\ProjectFiles\exemploTIVA.c(180): warning:  #111-D: statement is unreachable
                        break;
C:\Users\Mathias\Downloads\estudos\Embarcados\Lab_5\ProjectFiles\exemploTIVA.c(185): warning:  #111-D: statement is unreachable
                        break;
C:\Users\Mathias\Downloads\estudos\Embarcados\Lab_5\ProjectFiles\exemploTIVA.c(188): warning:  #940-D: missing return statement at end of non-void function "gerarOnda" 
  }
C:\Users\Mathias\Downloads\estudos\Embarcados\Lab_5\ProjectFiles\exemploTIVA.c(164): warning:  #177-D: variable "pBuf"  was declared but never referenced
                char pBuf[20];
C:\Users\Mathias\Downloads\estudos\Embarcados\Lab_5\ProjectFiles\exemploTIVA.c(191): warning:  #1294-D: Old-style function calcula_PWM_angulos
  void calcula_PWM_angulos(x,y){
C:\Users\Mathias\Downloads\estudos\Embarcados\Lab_5\ProjectFiles\exemploTIVA.c(201): warning:  #550-D: variable "PWM"  was set but never used
        float PWM;
C:\Users\Mathias\Downloads\estudos\Embarcados\Lab_5\ProjectFiles\exemploTIVA.c(265): warning:  #177-D: variable "evtMessage"  was declared but never referenced
        osEvent evtMessage;
C:\Users\Mathias\Downloads\estudos\Embarcados\Lab_5\ProjectFiles\exemploTIVA.c(267): warning:  #550-D: variable "time"  was set but never used
        int time;
C:\Users\Mathias\Downloads\estudos\Embarcados\Lab_5\ProjectFiles\exemploTIVA.c(285): warning:  #550-D: variable "time"  was set but never used
        int time;
C:\Users\Mathias\Downloads\estudos\Embarcados\Lab_5\ProjectFiles\exemploTIVA.c(288): warning:  #177-D: variable "evtMessage"  was declared but never referenced
        osEvent evtMessage;
C:\Users\Mathias\Downloads\estudos\Embarcados\Lab_5\ProjectFiles\exemploTIVA.c(292): warning:  #177-D: variable "circle_radius"  was declared but never referenced
        int circle_radius = 1;
C:\Users\Mathias\Downloads\estudos\Embarcados\Lab_5\ProjectFiles\exemploTIVA.c(293): warning:  #177-D: variable "losangle_x"  was declared but never referenced
        int losangle_x = 2;
C:\Users\Mathias\Downloads\estudos\Embarcados\Lab_5\ProjectFiles\exemploTIVA.c(294): warning:  #177-D: variable "losangle_y"  was declared but never referenced
        int losangle_y = 2 ;
C:\Users\Mathias\Downloads\estudos\Embarcados\Lab_5\ProjectFiles\exemploTIVA.c(295): warning:  #550-D: variable "x"  was set but never used
        int x,y;
C:\Users\Mathias\Downloads\estudos\Embarcados\Lab_5\ProjectFiles\exemploTIVA.c(295): warning:  #550-D: variable "y"  was set but never used
        int x,y;
C:\Users\Mathias\Downloads\estudos\Embarcados\Lab_5\ProjectFiles\exemploTIVA.c(354): warning:  #550-D: variable "time"  was set but never used
                int time;
C:\Users\Mathias\Downloads\estudos\Embarcados\Lab_5\ProjectFiles\exemploTIVA.c(403): warning:  #767-D: conversion from pointer to smaller integer
                                                                        cmd=((uint16_t) evtMessage.value.p); 
C:\Users\Mathias\Downloads\estudos\Embarcados\Lab_5\ProjectFiles\exemploTIVA.c(376): warning:  #550-D: variable "time"  was set but never used
                                int time;
C:\Users\Mathias\Downloads\estudos\Embarcados\Lab_5\ProjectFiles\exemploTIVA.c(380): warning:  #177-D: variable "total_steps"  was declared but never referenced
                                uint16_t total_steps=100;
C:\Users\Mathias\Downloads\estudos\Embarcados\Lab_5\ProjectFiles\exemploTIVA.c(382): warning:  #177-D: variable "frequency"  was declared but never referenced
                                uint16_t frequency=200; //Valor da frequencia
C:\Users\Mathias\Downloads\estudos\Embarcados\Lab_5\ProjectFiles\exemploTIVA.c(383): warning:  #177-D: variable "amplitude"  was declared but never referenced
                                uint16_t amplitude=33; //Valor da amplitude *10 (para trabalhar com inteiros)
C:\Users\Mathias\Downloads\estudos\Embarcados\Lab_5\ProjectFiles\exemploTIVA.c(385): warning:  #177-D: variable "type"  was declared but never referenced
                                uint16_t type=1;
C:\Users\Mathias\Downloads\estudos\Embarcados\Lab_5\ProjectFiles\exemploTIVA.c(389): warning:  #550-D: variable "up"  was set but never used
                                bool up = true;
C:\Users\Mathias\Downloads\estudos\Embarcados\Lab_5\ProjectFiles\exemploTIVA.c(470): warning:  #767-D: conversion from pointer to smaller integer
                                                cmdType=(char) evt.value.p;
C:\Users\Mathias\Downloads\estudos\Embarcados\Lab_5\ProjectFiles\exemploTIVA.c(455): warning:  #550-D: variable "time"  was set but never used
                                int time;
C:\Users\Mathias\Downloads\estudos\Embarcados\Lab_5\ProjectFiles\exemploTIVA.c(531): warning:  #186-D: pointless comparison of unsigned integer with zero
                        if(n<0 || n>100){
C:\Users\Mathias\Downloads\estudos\Embarcados\Lab_5\ProjectFiles\exemploTIVA.c(522): warning:  #550-D: variable "time"  was set but never used
        int time;
C:\Users\Mathias\Downloads\estudos\Embarcados\Lab_5\ProjectFiles\exemploTIVA.c(525): warning:  #177-D: variable "pBuf"  was declared but never referenced
        char pBuf[20];
C:\Users\Mathias\Downloads\estudos\Embarcados\Lab_5\ProjectFiles\exemploTIVA.c(526): warning:  #177-D: variable "recChar"  was declared but never referenced
        char recChar;
C:\Users\Mathias\Downloads\estudos\Embarcados\Lab_5\ProjectFiles\exemploTIVA.c(580): warning:  #177-D: variable "i"  was declared but never referenced
        uint8_t i;
C:\Users\Mathias\Downloads\estudos\Embarcados\Lab_5\ProjectFiles\exemploTIVA.c(655): warning:  #177-D: variable "prio_primo"  was declared but never referenced
        int prio_primo;
C:\Users\Mathias\Downloads\estudos\Embarcados\Lab_5\ProjectFiles\exemploTIVA.c(656): warning:  #177-D: variable "prio_controle"  was declared but never referenced
        int prio_controle;
C:\Users\Mathias\Downloads\estudos\Embarcados\Lab_5\ProjectFiles\exemploTIVA.c(657): warning:  #177-D: variable "prio_gerador"  was declared but never referenced
        int prio_gerador;
C:\Users\Mathias\Downloads\estudos\Embarcados\Lab_5\ProjectFiles\exemploTIVA.c(658): warning:  #177-D: variable "prio_fibonacci"  was declared but never referenced
        int prio_fibonacci;
C:\Users\Mathias\Downloads\estudos\Embarcados\Lab_5\ProjectFiles\exemploTIVA.c(659): warning:  #177-D: variable "prio_UARTsub"  was declared but never referenced
        int prio_UARTsub;
C:\Users\Mathias\Downloads\estudos\Embarcados\Lab_5\ProjectFiles\exemploTIVA.c(717): warning:  #111-D: statement is unreachable
        osDelay (osWaitForever);
C:\Users\Mathias\Downloads\estudos\Embarcados\Lab_5\ProjectFiles\exemploTIVA.c(704): warning:  #177-D: variable "pBuf"  was declared but never referenced
        char pBuf[20];
C:\Users\Mathias\Downloads\estudos\Embarcados\Lab_5\ProjectFiles\UART.h(11): warning:  #2525-D: #pragma push with no matching #pragma pop
    #pragma push
exemploTIVA.c: 44 warnings, 0 errors
compiling PWM.c...
C:\Users\Mathias\Downloads\estudos\Embarcados\Lab_5\ProjectFiles\PWM.h(298): warning:  #1295-D: Deprecated declaration PWM_init - give arg types
  extern void PWM_init();
PWM.c: 1 warning, 0 errors
compiling timer.c...
C:\Users\Mathias\Downloads\estudos\Embarcados\Lab_5\ProjectFiles\timer.h(18): warning:  #47-D: incompatible redefinition of macro "NVIC_BASE"  (declared at line 1557 of "C:\Keil_v5\ARM\PACK\ARM\CMSIS\5.3.0\CMSIS\Include\core_cm4.h")
  #define NVIC_BASE           (0xE000E100UL)        
C:\Users\Mathias\Downloads\estudos\Embarcados\Lab_5\ProjectFiles\timer.h(298): warning:  #1295-D: Deprecated declaration timer_init - give arg types
  extern void timer_init();
timer.c: 2 warnings, 0 errors
compiling UART.c...
C:\Users\Mathias\Downloads\estudos\Embarcados\Lab_5\ProjectFiles\UART.h(61): warning:  #1295-D: Deprecated declaration UART_init - give arg types
  void UART_init();
C:\Users\Mathias\Downloads\estudos\Embarcados\Lab_5\ProjectFiles\UART.h(11): warning:  #2525-D: #pragma push with no matching #pragma pop
    #pragma push
UART.c: 2 warnings, 0 errors
compiling cfaf128x128x16.c...
C:\Users\Mathias\Downloads\estudos\Embarcados\Lab_5\ProjectFiles\cfaf128x128x16.c(880): warning:  #1-D: last line of file ends without a newline
  //*****************************************************************************
C:\Users\Mathias\Downloads\estudos\Embarcados\Lab_5\ProjectFiles\cfaf128x128x16.c(770): warning:  #177-D: function "ssiSetDataMode"  was declared but never referenced
  ssiSetDataMode(uint8_t mode) {
C:\Users\Mathias\Downloads\estudos\Embarcados\Lab_5\ProjectFiles\cfaf128x128x16.c(777): warning:  #177-D: function "ssiSetClockDivider"  was declared but never referenced
  ssiSetClockDivider(uint8_t divider){
cfaf128x128x16.c: 3 warnings, 0 errors
compiling RTX_Conf_CM.c...
assembling startup_TM4C129.s...
compiling system_TM4C129.c...
linking...
Program Size: Code=19616 RO-data=2820 RW-data=104 ZI-data=11888  
".\Flash\base_project.axf" - 0 Error(s), 52 Warning(s).

<h2>Software Packages used:</h2>

Package Vendor: ARM
                http://www.keil.com/pack/ARM.CMSIS.5.3.0.pack
                ARM.CMSIS.5.3.0
                CMSIS (Cortex Microcontroller Software Interface Standard)
   * Component: Keil RTX Version: 4.81.1
   * Component: CORE Version: 5.1.1
   * Component: RTOS Version: 1.0.0

Package Vendor: Keil
                http://www.keil.com/pack/Keil.TM4C_DFP.1.1.0.pack
                Keil.TM4C_DFP.1.1.0
                Texas Instruments Tiva C Series Device Support and Examples
   * Component: Startup Version: 1.0.0

<h2>Collection of Component include folders:</h2>
  .\RTE\_TM4C129_Flash
  C:\Keil_v5\ARM\PACK\ARM\CMSIS\5.3.0\CMSIS\Include
  C:\Keil_v5\ARM\PACK\ARM\CMSIS\5.3.0\CMSIS\RTOS\RTX\INC
  C:\Keil_v5\ARM\PACK\Keil\TM4C_DFP\1.1.0\Device\Include\TM4C129

<h2>Collection of Component Files used:</h2>

   * Component: Keil::Device:Startup:1.0.0
      Source file:   Device\Source\system_TM4C129.c
      Include file:  Device\Include\TM4C129\TM4C129.h
      Source file:   Device\Source\ARM\startup_TM4C129.s

   * Component: ARM::CMSIS:RTOS:Keil RTX:4.81.1
      Source file:   CMSIS\RTOS\RTX\Templates\RTX_Conf_CM.c
      Include file:  CMSIS\RTOS\RTX\UserCodeTemplates\osObjects.h
      Source file:   CMSIS\RTOS\RTX\UserCodeTemplates\main.c
      Source file:   CMSIS\RTOS\RTX\UserCodeTemplates\MailQueue.c
      Source file:   CMSIS\RTOS\RTX\UserCodeTemplates\Thread.c
      Source file:   CMSIS\RTOS\RTX\UserCodeTemplates\MemPool.c
      Source file:   CMSIS\RTOS\RTX\UserCodeTemplates\Mutex.c
      Source file:   CMSIS\RTOS\RTX\UserCodeTemplates\Timer.c
      Source file:   CMSIS\RTOS\RTX\SRC\ARM\SVC_Table.s
      Source file:   CMSIS\RTOS\RTX\UserCodeTemplates\Semaphore.c
      Source file:   CMSIS\RTOS\RTX\UserCodeTemplates\MsgQueue.c
      Include file:  CMSIS\RTOS\RTX\INC\cmsis_os.h
      Library file:  CMSIS\RTOS\RTX\LIB\ARM\RTX_CM4.lib

   * Component: ARM::CMSIS:CORE:5.1.1

   * Component: ::CMSIS:RTOS:1.0.0 (API)
Build Time Elapsed:  00:00:05
</pre>
</body>
</html>
