Component: ARM Compiler 5.06 update 5 (build 528) Tool: armlink [4d35e2]

==============================================================================

Section Cross References

    exemplotiva.o(.text) refers to llsdiv.o(.text) for __aeabi_ldivmod
    exemplotiva.o(.text) refers to exemplotiva.o(.data) for .data
    exemplotiva.o(.text) refers to exemplotiva.o(.constdata) for .constdata
    exemplotiva.o(.text) refers to exemplotiva.o(.bss) for .bss
    exemplotiva.o(.text) refers to string.o(i.GrStringDraw) for GrStringDraw
    exemplotiva.o(.text) refers to cfaf128x128x16.o(.text) for cfaf128x128x16Init
    exemplotiva.o(.text) refers to joy.o(.text) for joy_init
    exemplotiva.o(.text) refers to buzzer.o(.text) for buzzer_init
    exemplotiva.o(.text) refers to buttons.o(.text) for button_init
    exemplotiva.o(.text) refers to rgb.o(.text) for rgb_init
    exemplotiva.o(.text) refers to context.o(i.GrContextInit) for GrContextInit
    exemplotiva.o(.text) refers to string.o(i.GrContextFontSet) for GrContextFontSet
    exemplotiva.o(.text) refers to rt_cmsis.o(i.osSignalWait) for osSignalWait
    exemplotiva.o(.text) refers to rt_cmsis.o(i.osSignalSet) for osSignalSet
    exemplotiva.o(.text) refers to rt_cmsis.o(i.osMutexWait) for osMutexWait
    exemplotiva.o(.text) refers to rt_cmsis.o(i.osMutexRelease) for osMutexRelease
    exemplotiva.o(.text) refers to rt_cmsis.o(i.osThreadYield) for osThreadYield
    exemplotiva.o(.text) refers to cfaf128x128x16.o(.constdata) for g_sCfaf128x128x16
    exemplotiva.o(.text) refers to fontfixed6x8.o(.constdata) for g_sFontFixed6x8
    exemplotiva.o(.text) refers to rt_cmsis.o(i.osTimerCreate) for osTimerCreate
    exemplotiva.o(.text) refers to rt_cmsis.o(i.osTimerStart) for osTimerStart
    exemplotiva.o(.text) refers to rt_cmsis.o(i.osMutexCreate) for osMutexCreate
    exemplotiva.o(.text) refers to rt_cmsis.o(i.osThreadCreate) for osThreadCreate
    exemplotiva.o(.text) refers to rt_cmsis.o(i.osKernelInitialize) for osKernelInitialize
    exemplotiva.o(.text) refers to rt_cmsis.o(i.osKernelStart) for osKernelStart
    exemplotiva.o(.text) refers to rt_cmsis.o(i.osDelay) for osDelay
    exemplotiva.o(.constdata) refers to exemplotiva.o(.bss) for os_mutex_cb_display_mutex
    exemplotiva.o(.constdata) refers to exemplotiva.o(.text) for refresh
    exemplotiva.o(.constdata) refers to exemplotiva.o(.bss) for os_timer_cb_timer_0
    exemplotiva.o(.data) refers to exemplotiva.o(.conststring) for .conststring
    buzzer.o(.text) refers to pwm.o(i.PWMClockSet) for PWMClockSet
    buzzer.o(.text) refers to pwm.o(i.PWMOutputState) for PWMOutputState
    buzzer.o(.text) refers to pwm.o(i.PWMGenPeriodGet) for PWMGenPeriodGet
    buzzer.o(.text) refers to pwm.o(i.PWMPulseWidthSet) for PWMPulseWidthSet
    buzzer.o(.text) refers to pwm.o(i.PWMGenPeriodSet) for PWMGenPeriodSet
    buzzer.o(.text) refers to sysctl.o(i.SysCtlPeripheralEnable) for SysCtlPeripheralEnable
    buzzer.o(.text) refers to sysctl.o(i.SysCtlPeripheralReady) for SysCtlPeripheralReady
    buzzer.o(.text) refers to gpio.o(i.GPIOPinTypePWM) for GPIOPinTypePWM
    buzzer.o(.text) refers to gpio.o(i.GPIOPinConfigure) for GPIOPinConfigure
    buzzer.o(.text) refers to pwm.o(i.PWMGenConfigure) for PWMGenConfigure
    buzzer.o(.text) refers to pwm.o(i.PWMOutputInvert) for PWMOutputInvert
    buzzer.o(.text) refers to pwm.o(i.PWMGenEnable) for PWMGenEnable
    buzzer.o(.text) refers to buzzer.o(.data) for .data
    accel.o(.text) refers to sysctl.o(i.SysCtlPeripheralEnable) for SysCtlPeripheralEnable
    accel.o(.text) refers to adc.o(i.ADCSequenceStepConfigure) for ADCSequenceStepConfigure
    accel.o(.text) refers to gpio.o(i.GPIOPinTypeADC) for GPIOPinTypeADC
    accel.o(.text) refers to adc.o(i.ADCSequenceConfigure) for ADCSequenceConfigure
    accel.o(.text) refers to adc.o(i.ADCSequenceEnable) for ADCSequenceEnable
    accel.o(.text) refers to adc.o(i.ADCIntClear) for ADCIntClear
    accel.o(.text) refers to adc.o(i.ADCProcessorTrigger) for ADCProcessorTrigger
    accel.o(.text) refers to adc.o(i.ADCIntStatus) for ADCIntStatus
    accel.o(.text) refers to adc.o(i.ADCSequenceDataGet) for ADCSequenceDataGet
    buttons.o(.text) refers to sysctl.o(i.SysCtlPeripheralEnable) for SysCtlPeripheralEnable
    buttons.o(.text) refers to sysctl.o(i.SysCtlPeripheralReady) for SysCtlPeripheralReady
    buttons.o(.text) refers to gpio.o(i.GPIOPinTypeGPIOInput) for GPIOPinTypeGPIOInput
    buttons.o(.text) refers to gpio.o(i.GPIOPinRead) for GPIOPinRead
    cfaf128x128x16.o(.text) refers to cfaf128x128x16.o(.data) for .data
    cfaf128x128x16.o(.text) refers to sysctl.o(i.SysCtlClockFreqSet) for SysCtlClockFreqSet
    cfaf128x128x16.o(.constdata) refers to cfaf128x128x16.o(.text) for cfaf128x128x16PixelDraw
    led.o(.text) refers to led.o(.constdata) for .constdata
    mic.o(.text) refers to sysctl.o(i.SysCtlPeripheralEnable) for SysCtlPeripheralEnable
[...]
    .constdata                               0x000042f8   Section        4  rtx_conf_cm.o(.constdata)
    .constdata                               0x000042fc   Section        4  rtx_conf_cm.o(.constdata)
    .constdata                               0x00004300   Section        4  rtx_conf_cm.o(.constdata)
    .constdata                               0x00004304   Section        1  rtx_conf_cm.o(.constdata)
    .constdata                               0x00004308   Section       16  rtx_conf_cm.o(.constdata)
    __tagsym$$used                           0x00004308   Number         0  rtx_conf_cm.o(.constdata)
    __tagsym$$used                           0x0000430c   Number         0  rtx_conf_cm.o(.constdata)
    __tagsym$$used                           0x00004310   Number         0  rtx_conf_cm.o(.constdata)
    __tagsym$$used                           0x00004314   Number         0  rtx_conf_cm.o(.constdata)
    .constdata                               0x00004318   Section        2  rtx_conf_cm.o(.constdata)
    .constdata                               0x0000431c   Section        4  rtx_conf_cm.o(.constdata)
    .constdata                               0x00004320   Section        4  rtx_conf_cm.o(.constdata)
    .constdata                               0x00004324   Section        1  rtx_conf_cm.o(.constdata)
    .constdata                               0x00004328   Section       16  rtx_conf_cm.o(.constdata)
    .constdata                               0x00004338   Section        8  rtx_conf_cm.o(.constdata)
    .constdata                               0x00004340   Section        2  rtx_conf_cm.o(.constdata)
    .constdata                               0x00004344   Section       16  rtx_conf_cm.o(.constdata)
    .constdata                               0x00004354   Section      552  gpio.o(.constdata)
    g_ppui32GPIOIntMapBlizzard               0x00004354   Data         192  gpio.o(.constdata)
    g_ppui32GPIOIntMapSnowflake              0x00004414   Data         216  gpio.o(.constdata)
    g_pui32GPIOBaseAddrs                     0x000044ec   Data         144  gpio.o(.constdata)
    .constdata                               0x0000457c   Section      596  sysctl.o(.constdata)
    g_pui32VCOFrequencies                    0x0000457c   Data           8  sysctl.o(.constdata)
    g_pui32Xtals                             0x00004584   Data         108  sysctl.o(.constdata)
    g_pppui32XTALtoVCO                       0x000045f0   Data         432  sysctl.o(.constdata)
    g_sXTALtoMEMTIM                          0x000047a0   Data          48  sysctl.o(.constdata)
    .constdata                               0x000047d0   Section       16  context.o(.constdata)
    .constdata                               0x000047e0   Section      760  fontfixed6x8.o(.constdata)
    g_pui8FontFixed6x8Data                   0x000047e0   Data         760  fontfixed6x8.o(.constdata)
    .constdata                               0x00004ad8   Section      200  fontfixed6x8.o(.constdata)
    .conststring                             0x00004ba0   Section       37  exemplotiva.o(.conststring)
    .data                                    0x20000000   Section      164  exemplotiva.o(.data)
    pAscii                                   0x20000008   Data           4  exemplotiva.o(.data)
    .data                                    0x200000a4   Section       12  buzzer.o(.data)
    g_current_state                          0x200000a4   Data           1  buzzer.o(.data)
    g_current_per                            0x200000a6   Data           2  buzzer.o(.data)
    g_ui32SysClock                           0x200000a8   Data           4  buzzer.o(.data)
    g_current_vol                            0x200000ac   Data           4  buzzer.o(.data)
    .data                                    0x200000b0   Section        8  cfaf128x128x16.o(.data)
    _orientation                             0x200000b0   Data           1  cfaf128x128x16.o(.data)
    g_ui32SysClock                           0x200000b4   Data           4  cfaf128x128x16.o(.data)
    .data                                    0x200000b8   Section        8  rgb.o(.data)
    enabled                                  0x200000b8   Data           1  rgb.o(.data)
    enabled                                  0x200000b9   Data           1  rgb.o(.data)
    enabled                                  0x200000ba   Data           1  rgb.o(.data)
    g_ui32SysClock                           0x200000bc   Data           4  rgb.o(.data)
    .data                                    0x200000c0   Section        4  rtx_conf_cm.o(.data)
    .data                                    0x200000c4   Section        4  rtx_conf_cm.o(.data)
    .data                                    0x200000c8   Section        4  rtx_conf_cm.o(.data)
    .data                                    0x200000cc   Section        4  rtx_conf_cm.o(.data)
    nr_mutex                                 0x200000cc   Data           4  rtx_conf_cm.o(.data)
    .data                                    0x200000d0   Section        4  system_tm4c129.o(.data)
    .data                                    0x200000d4   Section        4  context.o(.data)
    g_psGrLibDefaults                        0x200000d4   Data           4  context.o(.data)
    .data                                    0x200000d8   Section        8  rt_cmsis.o(.data)
    .data                                    0x200000e0   Section        8  rt_task.o(.data)
    .data                                    0x200000e8   Section        8  rt_system.o(.data)
    os_lock                                  0x200000e8   Data           1  rt_system.o(.data)
    os_psh_flag                              0x200000e9   Data           1  rt_system.o(.data)
    pend_flags                               0x200000ea   Data           1  rt_system.o(.data)
    .data                                    0x200000f0   Section        4  rt_time.o(.data)
    .data                                    0x200000f4   Section        8  rt_robin.o(.data)
    .data                                    0x200000fc   Section        1  hal_cm.o(.data)
    .bss                                     0x20000100   Section       16  exemplotiva.o(.bss)
    .bss                                     0x20000110   Section       44  exemplotiva.o(.bss)
    .bss                                     0x2000013c   Section       24  exemplotiva.o(.bss)
    .bss                                     0x20000154   Section       32  rtx_conf_cm.o(.bss)
    .bss                                     0x20000174   Section      584  rtx_conf_cm.o(.bss)
    .bss                                     0x200003c0   Section     8016  rtx_conf_cm.o(.bss)
    .bss                                     0x20002310   Section     1032  rtx_conf_cm.o(.bss)
    .bss                                     0x20002718   Section      132  rtx_conf_cm.o(.bss)
    .bss                                     0x2000279c   Section       44  rtx_conf_cm.o(.bss)
    .bss                                     0x200027c8   Section     1184  rtx_conf_cm.o(.bss)
    std_libspace                             0x200027c8   Data        1056  rtx_conf_cm.o(.bss)
    std_libmutex                             0x20002be8   Data         128  rtx_conf_cm.o(.bss)
    .bss                                     0x20002c68   Section       52  rt_task.o(.bss)
    .bss                                     0x20002c9c   Section       48  rt_list.o(.bss)
    .bss                                     0x20002ccc   Section       96  libspace.o(.bss)
    HEAP                                     0x20002d30   Section        0  startup_tm4c129.o(HEAP)
    STACK                                    0x20002d30   Section      512  startup_tm4c129.o(STACK)
    Heap_Mem                                 0x20002d30   Data           0  startup_tm4c129.o(HEAP)
    Stack_Mem                                0x20002d30   Data         512  startup_tm4c129.o(STACK)
    __initial_sp                             0x20002f30   Data           0  startup_tm4c129.o(STACK)

    Global Symbols

    Symbol Name                              Value     Ov Type        Size  Object(Section)

    BuildAttributes$$THM_ISAv4$E$P$D$K$B$S$7EM$VFPi3$EXTD16$VFPS$VFMA$PE$A:L22UL41UL21$X:L11$S22US41US21$IEEE1$IW$USESV6$~STKCKD$USESV7$~SHL$OTIME$ROPI$EBA8$UX$STANDARDLIB$REQ8$PRES8$EABIv2 0x00000000   Number         0  anon$$obj.o ABSOLUTE
    __ARM_use_no_argv                        0x00000000   Number         0  exemplotiva.o ABSOLUTE
    __Vectors                                0x00000000   Data           4  startup_tm4c129.o(RESET)
    __ARM_exceptions_init                     - Undefined Weak Reference
    __alloca_initialize                       - Undefined Weak Reference
    __arm_preinit_                            - Undefined Weak Reference
    __cpp_initialize__aeabi_                  - Undefined Weak Reference
    __cxa_finalize                            - Undefined Weak Reference
    __rt_locale                               - Undefined Weak Reference
    __sigvec_lookup                           - Undefined Weak Reference
    _atexit_init                              - Undefined Weak Reference
    _call_atexit_fns                          - Undefined Weak Reference
    _clock_init                               - Undefined Weak Reference
    _fp_trap_init                             - Undefined Weak Reference
    _fp_trap_shutdown                         - Undefined Weak Reference
    _get_lc_collate                           - Undefined Weak Reference
    _get_lc_ctype                             - Undefined Weak Reference
    _get_lc_monetary                          - Undefined Weak Reference
    _get_lc_numeric                           - Undefined Weak Reference
    _get_lc_time                              - Undefined Weak Reference
    _getenv_init                              - Undefined Weak Reference
    _handle_redirection                       - Undefined Weak Reference
    _init_alloc                               - Undefined Weak Reference
    _init_user_alloc                          - Undefined Weak Reference
    _initio                                   - Undefined Weak Reference
    _rand_init                                - Undefined Weak Reference
    _signal_finish                            - Undefined Weak Reference
    _signal_init                              - Undefined Weak Reference
    _terminate_alloc                          - Undefined Weak Reference
    _terminate_user_alloc                     - Undefined Weak Reference
    _terminateio                              - Undefined Weak Reference
    __Vectors_End                            0x00000200   Data           0  startup_tm4c129.o(RESET)
    __Vectors_Size                           0x00000200   Number         0  startup_tm4c129.o ABSOLUTE
    __main                                   0x00000201   Thumb Code     8  __main.o(!!!main)
    __scatterload                            0x00000209   Thumb Code     0  __scatter.o(!!!scatter)
    __scatterload_rt2                        0x00000209   Thumb Code    44  __scatter.o(!!!scatter)
    __scatterload_rt2_thumb_only             0x00000209   Thumb Code     0  __scatter.o(!!!scatter)
    __scatterload_null                       0x00000217   Thumb Code     0  __scatter.o(!!!scatter)
    __scatterload_copy                       0x0000023d   Thumb Code    26  __scatter_copy.o(!!handler_copy)
    __scatterload_zeroinit                   0x00000259   Thumb Code    28  __scatter_zi.o(!!handler_zi)
    __rt_lib_init                            0x00000275   Thumb Code     0  libinit.o(.ARM.Collect$$libinit$$00000000)
    __rt_lib_init_fp_1                       0x00000277   Thumb Code     0  libinit2.o(.ARM.Collect$$libinit$$00000001)
    __rt_lib_init_alloca_1                   0x0000027b   Thumb Code     0  libinit2.o(.ARM.Collect$$libinit$$0000002E)
    __rt_lib_init_argv_1                     0x0000027b   Thumb Code     0  libinit2.o(.ARM.Collect$$libinit$$0000002C)
    __rt_lib_init_atexit_1                   0x0000027b   Thumb Code     0  libinit2.o(.ARM.Collect$$libinit$$0000001B)
    __rt_lib_init_clock_1                    0x0000027b   Thumb Code     0  libinit2.o(.ARM.Collect$$libinit$$00000021)
    __rt_lib_init_cpp_1                      0x0000027b   Thumb Code     0  libinit2.o(.ARM.Collect$$libinit$$00000032)
    __rt_lib_init_exceptions_1               0x0000027b   Thumb Code     0  libinit2.o(.ARM.Collect$$libinit$$00000030)
    __rt_lib_init_fp_trap_1                  0x0000027b   Thumb Code     0  libinit2.o(.ARM.Collect$$libinit$$0000001F)
    __rt_lib_init_getenv_1                   0x0000027b   Thumb Code     0  libinit2.o(.ARM.Collect$$libinit$$00000023)
    __rt_lib_init_heap_1                     0x0000027b   Thumb Code     0  libinit2.o(.ARM.Collect$$libinit$$0000000A)
    __rt_lib_init_lc_collate_1               0x0000027b   Thumb Code     0  libinit2.o(.ARM.Collect$$libinit$$00000011)
    __rt_lib_init_lc_ctype_1                 0x0000027b   Thumb Code     0  libinit2.o(.ARM.Collect$$libinit$$00000013)
    __rt_lib_init_lc_monetary_1              0x0000027b   Thumb Code     0  libinit2.o(.ARM.Collect$$libinit$$00000015)
    __rt_lib_init_lc_numeric_1               0x0000027b   Thumb Code     0  libinit2.o(.ARM.Collect$$libinit$$00000017)
    __rt_lib_init_lc_time_1                  0x0000027b   Thumb Code     0  libinit2.o(.ARM.Collect$$libinit$$00000019)
    __rt_lib_init_preinit_1                  0x0000027b   Thumb Code     0  libinit2.o(.ARM.Collect$$libinit$$00000004)
    __rt_lib_init_rand_1                     0x0000027b   Thumb Code     0  libinit2.o(.ARM.Collect$$libinit$$0000000E)
    __rt_lib_init_return                     0x0000027b   Thumb Code     0  libinit2.o(.ARM.Collect$$libinit$$00000033)
    __rt_lib_init_signal_1                   0x0000027b   Thumb Code     0  libinit2.o(.ARM.Collect$$libinit$$0000001D)
    __rt_lib_init_stdio_1                    0x0000027b   Thumb Code     0  libinit2.o(.ARM.Collect$$libinit$$00000025)
    __rt_lib_init_user_alloc_1               0x0000027b   Thumb Code     0  libinit2.o(.ARM.Collect$$libinit$$0000000C)
    __rt_lib_shutdown                        0x0000027d   Thumb Code     0  libshutdown.o(.ARM.Collect$$libshutdown$$00000000)
    __rt_lib_shutdown_cpp_1                  0x0000027f   Thumb Code     0  libshutdown2.o(.ARM.Collect$$libshutdown$$00000002)
    __rt_lib_shutdown_fp_trap_1              0x0000027f   Thumb Code     0  libshutdown2.o(.ARM.Collect$$libshutdown$$00000007)
    __rt_lib_shutdown_heap_1                 0x0000027f   Thumb Code     0  libshutdown2.o(.ARM.Collect$$libshutdown$$0000000F)
    __rt_lib_shutdown_return                 0x0000027f   Thumb Code     0  libshutdown2.o(.ARM.Collect$$libshutdown$$00000010)
    __rt_lib_shutdown_signal_1               0x0000027f   Thumb Code     0  libshutdown2.o(.ARM.Collect$$libshutdown$$0000000A)
    __rt_lib_shutdown_stdio_1                0x0000027f   Thumb Code     0  libshutdown2.o(.ARM.Collect$$libshutdown$$00000004)
    __rt_lib_shutdown_user_alloc_1           0x0000027f   Thumb Code     0  libshutdown2.o(.ARM.Collect$$libshutdown$$0000000C)
    __rt_entry                               0x00000281   Thumb Code     0  __rtentry.o(.ARM.Collect$$rtentry$$00000000)
    __rt_entry_presh_1                       0x00000281   Thumb Code     0  __rtentry2.o(.ARM.Collect$$rtentry$$00000002)
    __rt_entry_sh                            0x00000281   Thumb Code     0  __rtentry4.o(.ARM.Collect$$rtentry$$00000004)
    __rt_entry_li                            0x00000287   Thumb Code     0  __rtentry2.o(.ARM.Collect$$rtentry$$0000000A)
    __rt_entry_postsh_1                      0x00000287   Thumb Code     0  __rtentry2.o(.ARM.Collect$$rtentry$$00000009)
    __rt_entry_postli_1                      0x0000028b   Thumb Code     0  __rtentry2.o(.ARM.Collect$$rtentry$$0000000B)
    __rt_entry_main                          0x00000293   Thumb Code     0  __rtentry2.o(.ARM.Collect$$rtentry$$0000000D)
    __rt_exit                                0x0000029b   Thumb Code     0  rtexit.o(.ARM.Collect$$rtexit$$00000000)
    __rt_exit_ls                             0x0000029d   Thumb Code     0  rtexit2.o(.ARM.Collect$$rtexit$$00000003)
    __rt_exit_prels_1                        0x0000029d   Thumb Code     0  rtexit2.o(.ARM.Collect$$rtexit$$00000002)
    __rt_exit_exit                           0x000002a1   Thumb Code     0  rtexit2.o(.ARM.Collect$$rtexit$$00000004)
    _platform_post_lib_init                  0x000002a9   Thumb Code    24  rtx_conf_cm.o(.emb_text)
    rt_set_PSP                               0x000002c5   Thumb Code     6  hal_cm4.o(.emb_text)
    rt_get_PSP                               0x000002cb   Thumb Code     6  hal_cm4.o(.emb_text)
    os_set_env                               0x000002d1   Thumb Code    24  hal_cm4.o(.emb_text)
    _alloc_box                               0x000002ed   Thumb Code    28  hal_cm4.o(.emb_text)
    _free_box                                0x0000030d   Thumb Code    28  hal_cm4.o(.emb_text)
    SVC_Handler                              0x0000032d   Thumb Code   168  hal_cm4.o(.emb_text)
    PendSV_Handler                           0x000003e5   Thumb Code    96  hal_cm4.o(.emb_text)
    SysTick_Handler                          0x00000449   Thumb Code     8  hal_cm4.o(.emb_text)
    OS_Tick_Handler                          0x00000451   Thumb Code    12  hal_cm4.o(.emb_text)
    __RL_RTX_VER                             0x00000482   Number         0  rt_system.o ABSOLUTE
    check_colision                           0x00000527   Thumb Code   172  exemplotiva.o(.text)
    print                                    0x000005d3   Thumb Code   916  exemplotiva.o(.text)
    print_painel                             0x00000967   Thumb Code   182  exemplotiva.o(.text)
    init_all                                 0x00000a1d   Thumb Code    26  exemplotiva.o(.text)
    init_sidelong_menu                       0x00000a37   Thumb Code    58  exemplotiva.o(.text)
    GameState                                0x00000a71   Thumb Code     2  exemplotiva.o(.text)
    InteracaoUsuario                         0x00000a73   Thumb Code    98  exemplotiva.o(.text)
    Cenario                                  0x00000ad5   Thumb Code    48  exemplotiva.o(.text)
    VeiculoJogador                           0x00000b05   Thumb Code   122  exemplotiva.o(.text)
    PainelControle                           0x00000b7f   Thumb Code    76  exemplotiva.o(.text)
    Obstaculos                               0x00000bcb   Thumb Code   278  exemplotiva.o(.text)
    refresh                                  0x00000ce1   Thumb Code    48  exemplotiva.o(.text)
    Init_Thread                              0x00000d11   Thumb Code   148  exemplotiva.o(.text)
    main                                     0x00000da5   Thumb Code   158  exemplotiva.o(.text)
    buzzer_write                             0x00000ea5   Thumb Code    14  buzzer.o(.text)
    buzzer_vol_set                           0x00000eb3   Thumb Code    54  buzzer.o(.text)
    buzzer_per_set                           0x00000ee9   Thumb Code    48  buzzer.o(.text)
    buzzer_init                              0x00000f19   Thumb Code   120  buzzer.o(.text)
    button_init                              0x00000fad   Thumb Code    42  buttons.o(.text)
    button_read_s1                           0x00000fd7   Thumb Code    20  buttons.o(.text)
    button_read_s2                           0x00000feb   Thumb Code    20  buttons.o(.text)
    cfaf128x128x16Rect                       0x00001199   Thumb Code   100  cfaf128x128x16.o(.text)
    cfaf128x128x16LineVer                    0x000011fd   Thumb Code    22  cfaf128x128x16.o(.text)
    cfaf128x128x16LineHor                    0x00001213   Thumb Code    16  cfaf128x128x16.o(.text)
    cfaf128x128x16Dot                        0x00001223   Thumb Code    22  cfaf128x128x16.o(.text)
    cfaf128x128x16SetOrientation             0x0000147d   Thumb Code    70  cfaf128x128x16.o(.text)
    cfaf128x128x16ClearColor                 0x000014c3   Thumb Code    36  cfaf128x128x16.o(.text)
    cfaf128x128x16Clear                      0x000014e7   Thumb Code     4  cfaf128x128x16.o(.text)
    InitSSICom                               0x000014eb   Thumb Code   138  cfaf128x128x16.o(.text)
    cfaf128x128x16Init                       0x00001575   Thumb Code   322  cfaf128x128x16.o(.text)
    rgb_write_r                              0x00001705   Thumb Code    82  rgb.o(.text)
    rgb_write_g                              0x00001757   Thumb Code    82  rgb.o(.text)
    rgb_write_b                              0x000017a9   Thumb Code    82  rgb.o(.text)
    rgb_write                                0x000017fb   Thumb Code    24  rgb.o(.text)
    rgb_write_color                          0x00001813   Thumb Code    12  rgb.o(.text)
    rgb_init                                 0x0000181f   Thumb Code   272  rgb.o(.text)
    joy_init                                 0x00001959   Thumb Code    46  joy.o(.text)
    joy_read_center                          0x000019ef   Thumb Code    20  joy.o(.text)
    joy_read_x                               0x00001a03   Thumb Code     8  joy.o(.text)
    joy_read_y                               0x00001a0b   Thumb Code     8  joy.o(.text)
    os_idle_demon                            0x00001a29   Thumb Code     2  rtx_conf_cm.o(.text)
    os_error                                 0x00001a2b   Thumb Code     2  rtx_conf_cm.o(.text)
    __user_perthread_libspace                0x00001a2d   Thumb Code    32  rtx_conf_cm.o(.text)
    _mutex_initialize                        0x00001a4d   Thumb Code    34  rtx_conf_cm.o(.text)
    _mutex_acquire                           0x00001a6f   Thumb Code    22  rtx_conf_cm.o(.text)
    _mutex_release                           0x00001a85   Thumb Code    18  rtx_conf_cm.o(.text)
    Reset_Handler                            0x00001ab5   Thumb Code     8  startup_tm4c129.o(.text)
    NMI_Handler                              0x00001abd   Thumb Code     2  startup_tm4c129.o(.text)
    HardFault_Handler                        0x00001abf   Thumb Code     2  startup_tm4c129.o(.text)
    MemManage_Handler                        0x00001ac1   Thumb Code     2  startup_tm4c129.o(.text)
    BusFault_Handler                         0x00001ac3   Thumb Code     2  startup_tm4c129.o(.text)
    UsageFault_Handler                       0x00001ac5   Thumb Code     2  startup_tm4c129.o(.text)
    DebugMon_Handler                         0x00001ac9   Thumb Code     2  startup_tm4c129.o(.text)
    GPIOA_Handler                            0x00001acf   Thumb Code     2  startup_tm4c129.o(.text)
    GPIOB_Handler                            0x00001ad1   Thumb Code     2  startup_tm4c129.o(.text)
    GPIOC_Handler                            0x00001ad3   Thumb Code     2  startup_tm4c129.o(.text)
    GPIOD_Handler                            0x00001ad5   Thumb Code     2  startup_tm4c129.o(.text)
    GPIOE_Handler                            0x00001ad7   Thumb Code     2  startup_tm4c129.o(.text)
    UART0_Handler                            0x00001ad9   Thumb Code     2  startup_tm4c129.o(.text)
    UART1_Handler                            0x00001adb   Thumb Code     2  startup_tm4c129.o(.text)
    SSI0_Handler                             0x00001add   Thumb Code     2  startup_tm4c129.o(.text)
    I2C0_Handler                             0x00001adf   Thumb Code     2  startup_tm4c129.o(.text)
    PMW0_FAULT_Handler                       0x00001ae1   Thumb Code     2  startup_tm4c129.o(.text)
    PWM0_0_Handler                           0x00001ae3   Thumb Code     2  startup_tm4c129.o(.text)
    PWM0_1_Handler                           0x00001ae5   Thumb Code     2  startup_tm4c129.o(.text)
    PWM0_2_Handler                           0x00001ae7   Thumb Code     2  startup_tm4c129.o(.text)
    QEI0_Handler                             0x00001ae9   Thumb Code     2  startup_tm4c129.o(.text)
    ADC0SS0_Handler                          0x00001aeb   Thumb Code     2  startup_tm4c129.o(.text)
    ADC0SS1_Handler                          0x00001aed   Thumb Code     2  startup_tm4c129.o(.text)
    ADC0SS2_Handler                          0x00001aef   Thumb Code     2  startup_tm4c129.o(.text)
    ADC0SS3_Handler                          0x00001af1   Thumb Code     2  startup_tm4c129.o(.text)
    WDT0_Handler                             0x00001af3   Thumb Code     2  startup_tm4c129.o(.text)
    TIMER0A_Handler                          0x00001af5   Thumb Code     2  startup_tm4c129.o(.text)
    TIMER0B_Handler                          0x00001af7   Thumb Code     2  startup_tm4c129.o(.text)
    TIMER1A_Handler                          0x00001af9   Thumb Code     2  startup_tm4c129.o(.text)
    TIMER1B_Handler                          0x00001afb   Thumb Code     2  startup_tm4c129.o(.text)
    TIMER2A_Handler                          0x00001afd   Thumb Code     2  startup_tm4c129.o(.text)
    TIMER2B_Handler                          0x00001aff   Thumb Code     2  startup_tm4c129.o(.text)
    COMP0_Handler                            0x00001b01   Thumb Code     2  startup_tm4c129.o(.text)
    COMP1_Handler                            0x00001b03   Thumb Code     2  startup_tm4c129.o(.text)
    COMP2_Handler                            0x00001b05   Thumb Code     2  startup_tm4c129.o(.text)
    SYSCTL_Handler                           0x00001b07   Thumb Code     2  startup_tm4c129.o(.text)
    FLASH_Handler                            0x00001b09   Thumb Code     2  startup_tm4c129.o(.text)
    GPIOF_Handler                            0x00001b0b   Thumb Code     2  startup_tm4c129.o(.text)
    GPIOG_Handler                            0x00001b0d   Thumb Code     2  startup_tm4c129.o(.text)
    GPIOH_Handler                            0x00001b0f   Thumb Code     2  startup_tm4c129.o(.text)
    UART2_Handler                            0x00001b11   Thumb Code     2  startup_tm4c129.o(.text)
    SSI1_Handler                             0x00001b13   Thumb Code     2  startup_tm4c129.o(.text)
    TIMER3A_Handler                          0x00001b15   Thumb Code     2  startup_tm4c129.o(.text)
    TIMER3B_Handler                          0x00001b17   Thumb Code     2  startup_tm4c129.o(.text)
    I2C1_Handler                             0x00001b19   Thumb Code     2  startup_tm4c129.o(.text)
    CAN0_Handler                             0x00001b1b   Thumb Code     2  startup_tm4c129.o(.text)
    CAN1_Handler                             0x00001b1d   Thumb Code     2  startup_tm4c129.o(.text)
    ETH_Handler                              0x00001b1f   Thumb Code     2  startup_tm4c129.o(.text)
    HIB_Handler                              0x00001b21   Thumb Code     2  startup_tm4c129.o(.text)
    USB0_Handler                             0x00001b23   Thumb Code     2  startup_tm4c129.o(.text)
    PWM0_3_Handler                           0x00001b25   Thumb Code     2  startup_tm4c129.o(.text)
    UDMA_Handler                             0x00001b27   Thumb Code     2  startup_tm4c129.o(.text)
    UDMAERR_Handler                          0x00001b29   Thumb Code     2  startup_tm4c129.o(.text)
    ADC1SS0_Handler                          0x00001b2b   Thumb Code     2  startup_tm4c129.o(.text)
    ADC1SS1_Handler                          0x00001b2d   Thumb Code     2  startup_tm4c129.o(.text)
    ADC1SS2_Handler                          0x00001b2f   Thumb Code     2  startup_tm4c129.o(.text)
    ADC1SS3_Handler                          0x00001b31   Thumb Code     2  startup_tm4c129.o(.text)
    EBI0_Handler                             0x00001b33   Thumb Code     2  startup_tm4c129.o(.text)
    GPIOJ_Handler                            0x00001b35   Thumb Code     2  startup_tm4c129.o(.text)
    GPIOK_Handler                            0x00001b37   Thumb Code     2  startup_tm4c129.o(.text)
    GPIOL_Handler                            0x00001b39   Thumb Code     2  startup_tm4c129.o(.text)
    SSI2_Handler                             0x00001b3b   Thumb Code     2  startup_tm4c129.o(.text)
    SSI3_Handler                             0x00001b3d   Thumb Code     2  startup_tm4c129.o(.text)
    UART3_Handler                            0x00001b3f   Thumb Code     2  startup_tm4c129.o(.text)
    UART4_Handler                            0x00001b41   Thumb Code     2  startup_tm4c129.o(.text)
    UART5_Handler                            0x00001b43   Thumb Code     2  startup_tm4c129.o(.text)
    UART6_Handler                            0x00001b45   Thumb Code     2  startup_tm4c129.o(.text)
    UART7_Handler                            0x00001b47   Thumb Code     2  startup_tm4c129.o(.text)
    I2C2_Handler                             0x00001b49   Thumb Code     2  startup_tm4c129.o(.text)
    I2C3_Handler                             0x00001b4b   Thumb Code     2  startup_tm4c129.o(.text)
    TIMER4A_Handler                          0x00001b4d   Thumb Code     2  startup_tm4c129.o(.text)
    TIMER4B_Handler                          0x00001b4f   Thumb Code     2  startup_tm4c129.o(.text)
    TIMER5A_Handler                          0x00001b51   Thumb Code     2  startup_tm4c129.o(.text)
    TIMER5B_Handler                          0x00001b53   Thumb Code     2  startup_tm4c129.o(.text)
    WTIMER0A_Handler                         0x00001b55   Thumb Code     2  startup_tm4c129.o(.text)
    WTIMER0B_Handler                         0x00001b57   Thumb Code     2  startup_tm4c129.o(.text)
    WTIMER1A_Handler                         0x00001b59   Thumb Code     2  startup_tm4c129.o(.text)
    WTIMER1B_Handler                         0x00001b5b   Thumb Code     2  startup_tm4c129.o(.text)
    WTIMER2A_Handler                         0x00001b5d   Thumb Code     2  startup_tm4c129.o(.text)
    WTIMER2B_Handler                         0x00001b5f   Thumb Code     2  startup_tm4c129.o(.text)
    WTIMER3A_Handler                         0x00001b61   Thumb Code     2  startup_tm4c129.o(.text)
    WTIMER3B_Handler                         0x00001b63   Thumb Code     2  startup_tm4c129.o(.text)
    WTIMER4A_Handler                         0x00001b65   Thumb Code     2  startup_tm4c129.o(.text)
    WTIMER4B_Handler                         0x00001b67   Thumb Code     2  startup_tm4c129.o(.text)
    WTIMER5A_Handler                         0x00001b69   Thumb Code     2  startup_tm4c129.o(.text)
    WTIMER5B_Handler                         0x00001b6b   Thumb Code     2  startup_tm4c129.o(.text)
    FPU_Handler                              0x00001b6d   Thumb Code     2  startup_tm4c129.o(.text)
    I2C4_Handler                             0x00001b6f   Thumb Code     2  startup_tm4c129.o(.text)
    I2C5_Handler                             0x00001b71   Thumb Code     2  startup_tm4c129.o(.text)
    GPIOM_Handler                            0x00001b73   Thumb Code     2  startup_tm4c129.o(.text)
    GPION_Handler                            0x00001b75   Thumb Code     2  startup_tm4c129.o(.text)
    TAMPER_Handler                           0x00001b77   Thumb Code     2  startup_tm4c129.o(.text)
    GPIOP0_Handler                           0x00001b79   Thumb Code     2  startup_tm4c129.o(.text)
    GPIOP1_Handler                           0x00001b7b   Thumb Code     2  startup_tm4c129.o(.text)
    GPIOP2_Handler                           0x00001b7d   Thumb Code     2  startup_tm4c129.o(.text)
    GPIOP3_Handler                           0x00001b7f   Thumb Code     2  startup_tm4c129.o(.text)
    GPIOP4_Handler                           0x00001b81   Thumb Code     2  startup_tm4c129.o(.text)
    GPIOP5_Handler                           0x00001b83   Thumb Code     2  startup_tm4c129.o(.text)
    GPIOP6_Handler                           0x00001b85   Thumb Code     2  startup_tm4c129.o(.text)
    GPIOP7_Handler                           0x00001b87   Thumb Code     2  startup_tm4c129.o(.text)
    GPIOQ0_Handler                           0x00001b89   Thumb Code     2  startup_tm4c129.o(.text)
    GPIOQ1_Handler                           0x00001b8b   Thumb Code     2  startup_tm4c129.o(.text)
    GPIOQ2_Handler                           0x00001b8d   Thumb Code     2  startup_tm4c129.o(.text)
    GPIOQ3_Handler                           0x00001b8f   Thumb Code     2  startup_tm4c129.o(.text)
    GPIOQ4_Handler                           0x00001b91   Thumb Code     2  startup_tm4c129.o(.text)
    GPIOQ5_Handler                           0x00001b93   Thumb Code     2  startup_tm4c129.o(.text)
    GPIOQ6_Handler                           0x00001b95   Thumb Code     2  startup_tm4c129.o(.text)
    GPIOQ7_Handler                           0x00001b97   Thumb Code     2  startup_tm4c129.o(.text)
    GPIOR_Handler                            0x00001b99   Thumb Code     2  startup_tm4c129.o(.text)
    GPIOS_Handler                            0x00001b9b   Thumb Code     2  startup_tm4c129.o(.text)
    SHAMD5_Handler                           0x00001b9d   Thumb Code     2  startup_tm4c129.o(.text)
    AES_Handler                              0x00001b9f   Thumb Code     2  startup_tm4c129.o(.text)
    DES3DES_Handler                          0x00001ba1   Thumb Code     2  startup_tm4c129.o(.text)
    LCDCONTROLLER_Handler                    0x00001ba3   Thumb Code     2  startup_tm4c129.o(.text)
    TIMER6A_Handler                          0x00001ba5   Thumb Code     2  startup_tm4c129.o(.text)
    TIMER6B_Handler                          0x00001ba7   Thumb Code     2  startup_tm4c129.o(.text)
    TIMER7A_Handler                          0x00001ba9   Thumb Code     2  startup_tm4c129.o(.text)
    TIMER7B_Handler                          0x00001bab   Thumb Code     2  startup_tm4c129.o(.text)
    I2C6_Handler                             0x00001bad   Thumb Code     2  startup_tm4c129.o(.text)
    I2C7_Handler                             0x00001baf   Thumb Code     2  startup_tm4c129.o(.text)
    HIMSCANKEYBOARD_Handler                  0x00001bb1   Thumb Code     2  startup_tm4c129.o(.text)
    ONEWIRE_Handler                          0x00001bb3   Thumb Code     2  startup_tm4c129.o(.text)
    HIMPS2_Handler                           0x00001bb5   Thumb Code     2  startup_tm4c129.o(.text)
    HIMLEDSEQUENCER_Handler                  0x00001bb7   Thumb Code     2  startup_tm4c129.o(.text)
    HIMCONSUMERIR_Handler                    0x00001bb9   Thumb Code     2  startup_tm4c129.o(.text)
    I2C8_Handler                             0x00001bbb   Thumb Code     2  startup_tm4c129.o(.text)
    I2C9_Handler                             0x00001bbd   Thumb Code     2  startup_tm4c129.o(.text)
    GPIOT_Handler                            0x00001bbf   Thumb Code     2  startup_tm4c129.o(.text)
    __user_initial_stackheap                 0x00001bc1   Thumb Code     0  startup_tm4c129.o(.text)
    SystemCoreClockUpdate                    0x00001be1   Thumb Code     8  system_tm4c129.o(.text)
    SystemInit                               0x00001be9   Thumb Code    18  system_tm4c129.o(.text)
    __user_libspace                          0x00001c09   Thumb Code     8  libspace.o(.text)
    __user_perproc_libspace                  0x00001c09   Thumb Code     0  libspace.o(.text)
    __aeabi_uldivmod                         0x00001c11   Thumb Code     0  lludivv7m.o(.text)
    _ll_udiv                                 0x00001c11   Thumb Code   238  lludivv7m.o(.text)
    __aeabi_ldivmod                          0x00001cff   Thumb Code     0  llsdiv.o(.text)
    _ll_sdiv                                 0x00001cff   Thumb Code    72  llsdiv.o(.text)
    exit                                     0x00001d47   Thumb Code    18  exit.o(.text)
    __use_two_region_memory                  0x00001d59   Thumb Code     2  heapauxi.o(.text)
    __rt_heap_escrow$2region                 0x00001d5b   Thumb Code     2  heapauxi.o(.text)
    __rt_heap_expand$2region                 0x00001d5d   Thumb Code     2  heapauxi.o(.text)
    _sys_exit                                0x00001d61   Thumb Code     8  sys_exit.o(.text)
    __user_setup_stackheap                   0x00001d6d   Thumb Code    74  sys_stackheap_outer.o(.text)
    __I$use$semihosting                      0x00001db7   Thumb Code     0  use_no_semi.o(.text)
    __use_no_semihosting_swi                 0x00001db7   Thumb Code     2  use_no_semi.o(.text)
    SVC_Count                                0x00001db8   Data           4  svc_table.o(SVC_TABLE)
    __semihosting_library_function           0x00001db9   Thumb Code     0  indicate_semi.o(.text)
    ADCIntClear                              0x00001dbd   Thumb Code    10  adc.o(i.ADCIntClear)
    SVC_Table                                0x00001dbc   Data           0  svc_table.o(SVC_TABLE)
    ADCIntStatus                             0x00001dc7   Thumb Code    52  adc.o(i.ADCIntStatus)
    ADCProcessorTrigger                      0x00001dfb   Thumb Code    26  adc.o(i.ADCProcessorTrigger)
    ADCSequenceConfigure                     0x00001e15   Thumb Code    96  adc.o(i.ADCSequenceConfigure)
    ADCSequenceDataGet                       0x00001e75   Thumb Code    36  adc.o(i.ADCSequenceDataGet)
    ADCSequenceEnable                        0x00001e99   Thumb Code    14  adc.o(i.ADCSequenceEnable)
    ADCSequenceStepConfigure                 0x00001ea7   Thumb Code   154  adc.o(i.ADCSequenceStepConfigure)
    GPIODirModeSet                           0x00001f41   Thumb Code    40  gpio.o(i.GPIODirModeSet)
    GPIOPadConfigSet                         0x00001f69   Thumb Code   312  gpio.o(i.GPIOPadConfigSet)
    GPIOPinConfigure                         0x000020a1   Thumb Code    60  gpio.o(i.GPIOPinConfigure)
    GPIOPinRead                              0x000020e5   Thumb Code     6  gpio.o(i.GPIOPinRead)
    GPIOPinTypeADC                           0x000020eb   Thumb Code    28  gpio.o(i.GPIOPinTypeADC)
    GPIOPinTypeGPIOInput                     0x00002107   Thumb Code    28  gpio.o(i.GPIOPinTypeGPIOInput)
    GPIOPinTypePWM                           0x00002123   Thumb Code    28  gpio.o(i.GPIOPinTypePWM)
    GrContextFontSet                         0x0000213f   Thumb Code     6  string.o(i.GrContextFontSet)
    GrContextInit                            0x00002145   Thumb Code    88  context.o(i.GrContextInit)
    GrDefaultStringRenderer                  0x000021a9   Thumb Code   280  string.o(i.GrDefaultStringRenderer)
    GrFontGlyphDataGet                       0x000022c1   Thumb Code   166  string.o(i.GrFontGlyphDataGet)
    GrFontGlyphRender                        0x00002367   Thumb Code   648  string.o(i.GrFontGlyphRender)
    GrMapISO8859_1_Unicode                   0x000025ef   Thumb Code     8  charmap.o(i.GrMapISO8859_1_Unicode)
    GrStringDraw                             0x000025f7   Thumb Code    32  string.o(i.GrStringDraw)
    PWMClockSet                              0x00002617   Thumb Code    20  pwm.o(i.PWMClockSet)
    PWMGenConfigure                          0x0000262b   Thumb Code    38  pwm.o(i.PWMGenConfigure)
    PWMGenDisable                            0x00002651   Thumb Code    10  pwm.o(i.PWMGenDisable)
    PWMGenEnable                             0x0000265b   Thumb Code    10  pwm.o(i.PWMGenEnable)
    PWMGenPeriodGet                          0x00002665   Thumb Code    18  pwm.o(i.PWMGenPeriodGet)
    PWMGenPeriodSet                          0x00002677   Thumb Code    18  pwm.o(i.PWMGenPeriodSet)
    PWMOutputInvert                          0x00002689   Thumb Code    16  pwm.o(i.PWMOutputInvert)
    PWMOutputState                           0x00002699   Thumb Code    16  pwm.o(i.PWMOutputState)
    PWMPulseWidthSet                         0x000026a9   Thumb Code    32  pwm.o(i.PWMPulseWidthSet)
    SysCtlClockFreqSet                       0x000026c9   Thumb Code   706  sysctl.o(i.SysCtlClockFreqSet)
    SysCtlPeripheralEnable                   0x000029b5   Thumb Code    36  sysctl.o(i.SysCtlPeripheralEnable)
    SysCtlPeripheralReady                    0x000029dd   Thumb Code    40  sysctl.o(i.SysCtlPeripheralReady)
    _init_box                                0x00002a75   Thumb Code    70  rt_membox.o(i._init_box)
    dbg_init                                 0x00002abd   Thumb Code    34  hal_cm.o(i.dbg_init)
    dbg_task_notify                          0x00002aed   Thumb Code    32  hal_cm.o(i.dbg_task_notify)
    dbg_task_switch                          0x00002b0d   Thumb Code    16  hal_cm.o(i.dbg_task_switch)
    isrMessageGet                            0x00002b1d   Thumb Code    42  rt_cmsis.o(i.isrMessageGet)
    isrMessagePut                            0x00002b47   Thumb Code    44  rt_cmsis.o(i.isrMessagePut)
    isrSignalSet                             0x00002b73   Thumb Code    36  rt_cmsis.o(i.isrSignalSet)
    isr_evt_set                              0x00002b99   Thumb Code    34  rt_event.o(i.isr_evt_set)
    isr_mbx_receive                          0x00002bc1   Thumb Code    86  rt_mailbox.o(i.isr_mbx_receive)
    isr_mbx_send                             0x00002c17   Thumb Code    14  rt_mailbox.o(i.isr_mbx_send)
    osDelay                                  0x00002c25   Thumb Code    18  rt_cmsis.o(i.osDelay)
    osKernelInitialize                       0x00002c3d   Thumb Code    30  rt_cmsis.o(i.osKernelInitialize)
    osKernelStart                            0x00002c61   Thumb Code    98  rt_cmsis.o(i.osKernelStart)
    osMessageGet                             0x00002ccd   Thumb Code    18  rt_cmsis.o(i.osMessageGet)
    osMutexCreate                            0x00002ce5   Thumb Code    36  rt_cmsis.o(i.osMutexCreate)
    osMutexRelease                           0x00002d11   Thumb Code    18  rt_cmsis.o(i.osMutexRelease)
    osMutexWait                              0x00002d29   Thumb Code    18  rt_cmsis.o(i.osMutexWait)
    osSignalSet                              0x00002d41   Thumb Code    18  rt_cmsis.o(i.osSignalSet)
    osSignalWait                             0x00002d59   Thumb Code    18  rt_cmsis.o(i.osSignalWait)
    osThreadCreate                           0x00002d71   Thumb Code    36  rt_cmsis.o(i.osThreadCreate)
    osThreadExit                             0x00002d9d   Thumb Code    14  rt_cmsis.o(i.osThreadExit)
    osThreadYield                            0x00002db5   Thumb Code    18  rt_cmsis.o(i.osThreadYield)
    osTimerCall                              0x00002dcd   Thumb Code     8  rt_cmsis.o(i.osTimerCall)
    osTimerCreate                            0x00002dd9   Thumb Code    36  rt_cmsis.o(i.osTimerCreate)
    osTimerStart                             0x00002e05   Thumb Code    18  rt_cmsis.o(i.osTimerStart)
    osTimerThread                            0x00002e1d   Thumb Code    38  rt_cmsis.o(i.osTimerThread)
    os_tick_init                             0x00002e49   Thumb Code    32  rt_system.o(i.os_tick_init)
    os_tick_irqack                           0x00002e71   Thumb Code     2  rt_system.o(i.os_tick_irqack)
    rt_alloc_box                             0x00002e73   Thumb Code    26  rt_membox.o(i.rt_alloc_box)
    rt_alloc_mem                             0x00002e8d   Thumb Code    62  rt_memory.o(i.rt_alloc_mem)
    rt_block                                 0x00002ecd   Thumb Code    48  rt_task.o(i.rt_block)
    rt_chk_robin                             0x00002f05   Thumb Code    60  rt_robin.o(i.rt_chk_robin)
    rt_dec_dly                               0x00002f4d   Thumb Code   102  rt_list.o(i.rt_dec_dly)
    rt_dispatch                              0x00002fbd   Thumb Code    60  rt_task.o(i.rt_dispatch)
    rt_dly_wait                              0x00003001   Thumb Code     6  rt_time.o(i.rt_dly_wait)
    rt_evt_psh                               0x00003009   Thumb Code    76  rt_event.o(i.rt_evt_psh)
    rt_evt_set                               0x00003059   Thumb Code    88  rt_event.o(i.rt_evt_set)
    rt_evt_wait                              0x000030b5   Thumb Code    56  rt_event.o(i.rt_evt_wait)
    rt_free_box                              0x000030f1   Thumb Code    44  rt_membox.o(i.rt_free_box)
    rt_free_mem                              0x0000311d   Thumb Code    40  rt_memory.o(i.rt_free_mem)
    rt_get_first                             0x00003145   Thumb Code    40  rt_list.o(i.rt_get_first)
    rt_get_same_rdy_prio                     0x0000316d   Thumb Code    26  rt_list.o(i.rt_get_same_rdy_prio)
    rt_init_mem                              0x000031e1   Thumb Code    26  rt_memory.o(i.rt_init_mem)
    rt_init_robin                            0x000031fd   Thumb Code    14  rt_robin.o(i.rt_init_robin)
    rt_init_stack                            0x00003215   Thumb Code   118  hal_cm.o(i.rt_init_stack)
    rt_mbx_check                             0x00003295   Thumb Code     8  rt_mailbox.o(i.rt_mbx_check)
    rt_mbx_init                              0x0000329d   Thumb Code    26  rt_mailbox.o(i.rt_mbx_init)
    rt_mbx_psh                               0x000032b9   Thumb Code   236  rt_mailbox.o(i.rt_mbx_psh)
    rt_mbx_wait                              0x000033a9   Thumb Code   174  rt_mailbox.o(i.rt_mbx_wait)
    rt_mut_init                              0x000034a1   Thumb Code    16  rt_mutex.o(i.rt_mut_init)
    rt_mut_release                           0x000034b1   Thumb Code   208  rt_mutex.o(i.rt_mut_release)
    rt_mut_wait                              0x00003589   Thumb Code   114  rt_mutex.o(i.rt_mut_wait)
    rt_pop_req                               0x00003601   Thumb Code   112  rt_system.o(i.rt_pop_req)
    rt_psh_req                               0x0000367d   Thumb Code    22  rt_system.o(i.rt_psh_req)
    rt_psq_enq                               0x0000369d   Thumb Code    88  rt_list.o(i.rt_psq_enq)
    rt_put_dly                               0x000036f9   Thumb Code    68  rt_list.o(i.rt_put_dly)
    rt_put_prio                              0x00003741   Thumb Code    54  rt_list.o(i.rt_put_prio)
    rt_put_rdy_first                         0x00003779   Thumb Code    14  rt_list.o(i.rt_put_rdy_first)
    rt_resort_prio                           0x0000378d   Thumb Code    46  rt_list.o(i.rt_resort_prio)
    rt_ret_val                               0x000037d1   Thumb Code    12  hal_cm.o(i.rt_ret_val)
    rt_ret_val2                              0x000037dd   Thumb Code    16  hal_cm.o(i.rt_ret_val2)
    rt_rmv_dly                               0x000037ed   Thumb Code    40  rt_list.o(i.rt_rmv_dly)
    rt_rmv_list                              0x00003815   Thumb Code    44  rt_list.o(i.rt_rmv_list)
    rt_sem_psh                               0x00003845   Thumb Code    48  rt_semaphore.o(i.rt_sem_psh)
    rt_stk_check                             0x00003879   Thumb Code    28  rt_system.o(i.rt_stk_check)
    rt_switch_req                            0x0000389d   Thumb Code    30  rt_task.o(i.rt_switch_req)
    rt_sys_init                              0x000038c5   Thumb Code   138  rt_task.o(i.rt_sys_init)
    rt_sys_start                             0x00003991   Thumb Code   110  rt_task.o(i.rt_sys_start)
    rt_systick                               0x00003a09   Thumb Code    50  rt_system.o(i.rt_systick)
    rt_tsk_create                            0x00003acd   Thumb Code   118  rt_task.o(i.rt_tsk_create)
    rt_tsk_delete                            0x00003b55   Thumb Code   352  rt_task.o(i.rt_tsk_delete)
    rt_tsk_pass                              0x00003cd1   Thumb Code    38  rt_task.o(i.rt_tsk_pass)
    rt_tsk_prio                              0x00003d01   Thumb Code   108  rt_task.o(i.rt_tsk_prio)
    rt_tsk_self                              0x00003d7d   Thumb Code    12  rt_task.o(i.rt_tsk_self)
    svcDelay                                 0x00003d8d   Thumb Code    18  rt_cmsis.o(i.svcDelay)
    svcKernelInitialize                      0x00003da1   Thumb Code    80  rt_cmsis.o(i.svcKernelInitialize)
    svcKernelStart                           0x00003e11   Thumb Code    62  rt_cmsis.o(i.svcKernelStart)
    svcMessageCreate                         0x00003e59   Thumb Code    36  rt_cmsis.o(i.svcMessageCreate)
    svcMessageGet                            0x00003e7d   Thumb Code    58  rt_cmsis.o(i.svcMessageGet)
    svcMutexCreate                           0x00003eb7   Thumb Code    28  rt_cmsis.o(i.svcMutexCreate)
    svcMutexRelease                          0x00003ed3   Thumb Code    34  rt_cmsis.o(i.svcMutexRelease)
    svcMutexWait                             0x00003ef5   Thumb Code    58  rt_cmsis.o(i.svcMutexWait)
    svcSignalSet                             0x00003f2f   Thumb Code    36  rt_cmsis.o(i.svcSignalSet)
    svcSignalWait                            0x00003f55   Thumb Code    80  rt_cmsis.o(i.svcSignalWait)
    svcThreadCreate                          0x00003fa9   Thumb Code    96  rt_cmsis.o(i.svcThreadCreate)
    svcThreadGetId                           0x00004015   Thumb Code    22  rt_cmsis.o(i.svcThreadGetId)
    svcThreadTerminate                       0x00004031   Thumb Code    50  rt_cmsis.o(i.svcThreadTerminate)
    svcThreadYield                           0x00004069   Thumb Code    10  rt_cmsis.o(i.svcThreadYield)
    svcTimerCall                             0x00004073   Thumb Code    24  rt_cmsis.o(i.svcTimerCall)
    svcTimerCreate                           0x0000408d   Thumb Code    52  rt_cmsis.o(i.svcTimerCreate)
    svcTimerStart                            0x000040c5   Thumb Code    96  rt_cmsis.o(i.svcTimerStart)
    sysTimerTick                             0x00004129   Thumb Code    84  rt_cmsis.o(i.sysTimerTick)
    _fp_init                                 0x00004185   Thumb Code    10  fpinit.o(x$fpl$fpinit)
    __fplib_config_fpu_vfp                   0x0000418d   Thumb Code     0  fpinit.o(x$fpl$fpinit)
    __fplib_config_pureend_doubles           0x0000418d   Thumb Code     0  fpinit.o(x$fpl$fpinit)
    Plane_Image                              0x00004190   Data           1  exemplotiva.o(.constdata)
    Bridge_Image                             0x00004191   Data           1  exemplotiva.o(.constdata)
    Bullet_Image                             0x00004192   Data           3  exemplotiva.o(.constdata)
    os_mutex_def_display_mutex               0x00004198   Data           4  exemplotiva.o(.constdata)
    os_timer_def_timer_0                     0x0000419c   Data           8  exemplotiva.o(.constdata)
    Player_Image                             0x000041a4   Data          21  exemplotiva.o(.constdata)
    Ship_Image                               0x000041b9   Data          24  exemplotiva.o(.constdata)
    Copter_Image                             0x000041d1   Data          20  exemplotiva.o(.constdata)
    Fuel_Image                               0x000041e5   Data          37  exemplotiva.o(.constdata)
    display_fuel                             0x0000420a   Data          96  exemplotiva.o(.constdata)
    os_thread_def_GameState                  0x0000426c   Data          16  exemplotiva.o(.constdata)
    os_thread_def_Obstaculos                 0x0000427c   Data          16  exemplotiva.o(.constdata)
    os_thread_def_VeiculoJogador             0x0000428c   Data          16  exemplotiva.o(.constdata)
    os_thread_def_Cenario                    0x0000429c   Data          16  exemplotiva.o(.constdata)
    os_thread_def_InteracaoUsuario           0x000042ac   Data          16  exemplotiva.o(.constdata)
    os_thread_def_PainelControle             0x000042bc   Data          16  exemplotiva.o(.constdata)
    g_sCfaf128x128x16                        0x000042cc   Data          40  cfaf128x128x16.o(.constdata)
    os_maxtaskrun                            0x000042f4   Data           2  rtx_conf_cm.o(.constdata)
    os_stackinfo                             0x000042f8   Data           4  rtx_conf_cm.o(.constdata)
    os_rrobin                                0x000042fc   Data           4  rtx_conf_cm.o(.constdata)
    os_trv                                   0x00004300   Data           4  rtx_conf_cm.o(.constdata)
    os_flags                                 0x00004304   Data           1  rtx_conf_cm.o(.constdata)
    CMSIS_RTOS_API_Version                   0x00004308   Data           4  rtx_conf_cm.o(.constdata)
    CMSIS_RTOS_RTX_Version                   0x0000430c   Data           4  rtx_conf_cm.o(.constdata)
    os_clockrate                             0x00004310   Data           4  rtx_conf_cm.o(.constdata)
    os_timernum                              0x00004314   Data           4  rtx_conf_cm.o(.constdata)
    mp_tcb_size                              0x00004318   Data           2  rtx_conf_cm.o(.constdata)
    mp_stk_size                              0x0000431c   Data           4  rtx_conf_cm.o(.constdata)
    os_stack_sz                              0x00004320   Data           4  rtx_conf_cm.o(.constdata)
    os_fifo_size                             0x00004324   Data           1  rtx_conf_cm.o(.constdata)
    os_thread_def_osTimerThread              0x00004328   Data          16  rtx_conf_cm.o(.constdata)
    os_messageQ_def_osTimerMessageQ          0x00004338   Data           8  rtx_conf_cm.o(.constdata)
    mp_tmr_size                              0x00004340   Data           2  rtx_conf_cm.o(.constdata)
    os_thread_def_main                       0x00004344   Data          16  rtx_conf_cm.o(.constdata)
    g_psDefaultCodePointMapTable             0x000047d0   Data          16  context.o(.constdata)
    g_sFontFixed6x8                          0x00004ad8   Data         200  fontfixed6x8.o(.constdata)
    Region$$Table$$Base                      0x00004bc8   Number         0  anon$$obj.o(Region$$Table)
    Region$$Table$$Limit                     0x00004be8   Number         0  anon$$obj.o(Region$$Table)
    velocidade                               0x20000000   Data           2  exemplotiva.o(.data)
    progresso                                0x20000002   Data           2  exemplotiva.o(.data)
    combustivel                              0x20000004   Data           2  exemplotiva.o(.data)
    tid_GameState                            0x2000000c   Data           4  exemplotiva.o(.data)
    tid_Obstaculos                           0x20000010   Data           4  exemplotiva.o(.data)
    tid_VeiculoJogador                       0x20000014   Data           4  exemplotiva.o(.data)
    tid_Cenario                              0x20000018   Data           4  exemplotiva.o(.data)
    tid_InteracaoUsuario                     0x2000001c   Data           4  exemplotiva.o(.data)
    tid_PainelControle                       0x20000020   Data           4  exemplotiva.o(.data)
    timer_Id                                 0x20000024   Data           4  exemplotiva.o(.data)
    display_mutex_id                         0x20000028   Data           4  exemplotiva.o(.data)
    bullet                                   0x2000002c   Data           8  exemplotiva.o(.data)
    player                                   0x20000034   Data           8  exemplotiva.o(.data)
    obstacleList                             0x2000003c   Data         104  exemplotiva.o(.data)
    m_tmr                                    0x200000c0   Data           4  rtx_conf_cm.o(.data)
    osThreadId_osTimerThread                 0x200000c4   Data           4  rtx_conf_cm.o(.data)
    osMessageQId_osTimerMessageQ             0x200000c8   Data           4  rtx_conf_cm.o(.data)
    SystemCoreClock                          0x200000d0   Data           4  system_tm4c129.o(.data)
    os_initialized                           0x200000d8   Data           1  rt_cmsis.o(.data)
    os_running                               0x200000d9   Data           1  rt_cmsis.o(.data)
    os_timer_head                            0x200000dc   Data           4  rt_cmsis.o(.data)
    os_tsk                                   0x200000e0   Data           8  rt_task.o(.data)
    os_tick_irqn                             0x200000ec   Data           4  rt_system.o(.data)
    os_time                                  0x200000f0   Data           4  rt_time.o(.data)
    os_robin                                 0x200000f4   Data           8  rt_robin.o(.data)
    dbg_msg                                  0x200000fc   Data           1  hal_cm.o(.data)
    os_mutex_cb_display_mutex                0x20000100   Data          16  exemplotiva.o(.bss)
    sContext                                 0x20000110   Data          44  exemplotiva.o(.bss)
    os_timer_cb_timer_0                      0x2000013c   Data          24  exemplotiva.o(.bss)
    os_messageQ_q_osTimerMessageQ            0x20000154   Data          32  rtx_conf_cm.o(.bss)
    mp_tcb                                   0x20000174   Data         584  rtx_conf_cm.o(.bss)
    mp_stk                                   0x200003c0   Data        8016  rtx_conf_cm.o(.bss)
    os_stack_mem                             0x20002310   Data        1032  rtx_conf_cm.o(.bss)
    os_fifo                                  0x20002718   Data         132  rtx_conf_cm.o(.bss)
    os_active_TCB                            0x2000279c   Data          44  rtx_conf_cm.o(.bss)
    os_idle_TCB                              0x20002c68   Data          52  rt_task.o(.bss)
    os_rdy                                   0x20002c9c   Data          24  rt_list.o(.bss)
    os_dly                                   0x20002cb4   Data          24  rt_list.o(.bss)
    __libspace_start                         0x20002ccc   Data          96  libspace.o(.bss)
    __temporary_stack_top$libspace           0x20002d2c   Data           0  libspace.o(.bss)



==============================================================================

Memory Map of the image

  Image Entry point : 0x00000201

  Load Region LR_IROM1 (Base: 0x00000000, Size: 0x00004ce8, Max: 0x00100000, ABSOLUTE)

    Execution Region ER_IROM1 (Exec base: 0x00000000, Load base: 0x00000000, Size: 0x00004be8, Max: 0x00100000, ABSOLUTE)

    Exec Addr    Load Addr    Size         Type   Attr      Idx    E Section Name        Object

    0x00000000   0x00000000   0x00000200   Data   RO          406    RESET               startup_tm4c129.o
    0x00000200   0x00000200   0x00000008   Code   RO         3873  * !!!main             c_w.l(__main.o)
    0x00000208   0x00000208   0x00000034   Code   RO         4034    !!!scatter          c_w.l(__scatter.o)
    0x0000023c   0x0000023c   0x0000001a   Code   RO         4036    !!handler_copy      c_w.l(__scatter_copy.o)
    0x00000256   0x00000256   0x00000002   PAD
    0x00000258   0x00000258   0x0000001c   Code   RO         4038    !!handler_zi        c_w.l(__scatter_zi.o)
    0x00000274   0x00000274   0x00000002   Code   RO         3920    .ARM.Collect$$libinit$$00000000  c_w.l(libinit.o)
    0x00000276   0x00000276   0x00000004   Code   RO         3931    .ARM.Collect$$libinit$$00000001  c_w.l(libinit2.o)
    0x0000027a   0x0000027a   0x00000000   Code   RO         3934    .ARM.Collect$$libinit$$00000004  c_w.l(libinit2.o)
    0x0000027a   0x0000027a   0x00000000   Code   RO         3937    .ARM.Collect$$libinit$$0000000A  c_w.l(libinit2.o)
    0x0000027a   0x0000027a   0x00000000   Code   RO         3939    .ARM.Collect$$libinit$$0000000C  c_w.l(libinit2.o)
    0x0000027a   0x0000027a   0x00000000   Code   RO         3941    .ARM.Collect$$libinit$$0000000E  c_w.l(libinit2.o)
    0x0000027a   0x0000027a   0x00000000   Code   RO         3944    .ARM.Collect$$libinit$$00000011  c_w.l(libinit2.o)
    0x0000027a   0x0000027a   0x00000000   Code   RO         3946    .ARM.Collect$$libinit$$00000013  c_w.l(libinit2.o)
    0x0000027a   0x0000027a   0x00000000   Code   RO         3948    .ARM.Collect$$libinit$$00000015  c_w.l(libinit2.o)
    0x0000027a   0x0000027a   0x00000000   Code   RO         3950    .ARM.Collect$$libinit$$00000017  c_w.l(libinit2.o)
    0x0000027a   0x0000027a   0x00000000   Code   RO         3952    .ARM.Collect$$libinit$$00000019  c_w.l(libinit2.o)
    0x0000027a   0x0000027a   0x00000000   Code   RO         3954    .ARM.Collect$$libinit$$0000001B  c_w.l(libinit2.o)
    0x0000027a   0x0000027a   0x00000000   Code   RO         3956    .ARM.Collect$$libinit$$0000001D  c_w.l(libinit2.o)
    0x0000027a   0x0000027a   0x00000000   Code   RO         3958    .ARM.Collect$$libinit$$0000001F  c_w.l(libinit2.o)
    0x0000027a   0x0000027a   0x00000000   Code   RO         3960    .ARM.Collect$$libinit$$00000021  c_w.l(libinit2.o)
    0x0000027a   0x0000027a   0x00000000   Code   RO         3962    .ARM.Collect$$libinit$$00000023  c_w.l(libinit2.o)
    0x0000027a   0x0000027a   0x00000000   Code   RO         3964    .ARM.Collect$$libinit$$00000025  c_w.l(libinit2.o)
    0x0000027a   0x0000027a   0x00000000   Code   RO         3968    .ARM.Collect$$libinit$$0000002C  c_w.l(libinit2.o)
    0x0000027a   0x0000027a   0x00000000   Code   RO         3970    .ARM.Collect$$libinit$$0000002E  c_w.l(libinit2.o)
    0x0000027a   0x0000027a   0x00000000   Code   RO         3972    .ARM.Collect$$libinit$$00000030  c_w.l(libinit2.o)
    0x0000027a   0x0000027a   0x00000000   Code   RO         3974    .ARM.Collect$$libinit$$00000032  c_w.l(libinit2.o)
    0x0000027a   0x0000027a   0x00000002   Code   RO         3975    .ARM.Collect$$libinit$$00000033  c_w.l(libinit2.o)
    0x0000027c   0x0000027c   0x00000002   Code   RO         3921    .ARM.Collect$$libshutdown$$00000000  c_w.l(libshutdown.o)
    0x0000027e   0x0000027e   0x00000000   Code   RO         3977    .ARM.Collect$$libshutdown$$00000002  c_w.l(libshutdown2.o)
    0x0000027e   0x0000027e   0x00000000   Code   RO         3979    .ARM.Collect$$libshutdown$$00000004  c_w.l(libshutdown2.o)
    0x0000027e   0x0000027e   0x00000000   Code   RO         3982    .ARM.Collect$$libshutdown$$00000007  c_w.l(libshutdown2.o)
    0x0000027e   0x0000027e   0x00000000   Code   RO         3985    .ARM.Collect$$libshutdown$$0000000A  c_w.l(libshutdown2.o)
    0x0000027e   0x0000027e   0x00000000   Code   RO         3987    .ARM.Collect$$libshutdown$$0000000C  c_w.l(libshutdown2.o)
    0x0000027e   0x0000027e   0x00000000   Code   RO         3990    .ARM.Collect$$libshutdown$$0000000F  c_w.l(libshutdown2.o)
    0x0000027e   0x0000027e   0x00000002   Code   RO         3991    .ARM.Collect$$libshutdown$$00000010  c_w.l(libshutdown2.o)
    0x00000280   0x00000280   0x00000000   Code   RO         3875    .ARM.Collect$$rtentry$$00000000  c_w.l(__rtentry.o)
    0x00000280   0x00000280   0x00000000   Code   RO         3883    .ARM.Collect$$rtentry$$00000002  c_w.l(__rtentry2.o)
    0x00000280   0x00000280   0x00000006   Code   RO         3895    .ARM.Collect$$rtentry$$00000004  c_w.l(__rtentry4.o)
    0x00000286   0x00000286   0x00000000   Code   RO         3885    .ARM.Collect$$rtentry$$00000009  c_w.l(__rtentry2.o)
    0x00000286   0x00000286   0x00000004   Code   RO         3886    .ARM.Collect$$rtentry$$0000000A  c_w.l(__rtentry2.o)
    0x0000028a   0x0000028a   0x00000008   Code   RO         3887    .ARM.Collect$$rtentry$$0000000B  c_w.l(__rtentry2.o)
    0x00000292   0x00000292   0x00000008   Code   RO         3889    .ARM.Collect$$rtentry$$0000000D  c_w.l(__rtentry2.o)
    0x0000029a   0x0000029a   0x00000002   Code   RO         3876    .ARM.Collect$$rtexit$$00000000  c_w.l(rtexit.o)
    0x0000029c   0x0000029c   0x00000000   Code   RO         3898    .ARM.Collect$$rtexit$$00000002  c_w.l(rtexit2.o)
    0x0000029c   0x0000029c   0x00000004   Code   RO         3899    .ARM.Collect$$rtexit$$00000003  c_w.l(rtexit2.o)
    0x000002a0   0x000002a0   0x00000006   Code   RO         3900    .ARM.Collect$$rtexit$$00000004  c_w.l(rtexit2.o)
    0x000002a6   0x000002a6   0x00000002   PAD
    0x000002a8   0x000002a8   0x0000001c   Code   RO          350    .emb_text           rtx_conf_cm.o
    0x000002c4   0x000002c4   0x00000198   Code   RO         3847    .emb_text           RTX_CM4.lib(hal_cm4.o)
    0x0000045c   0x0000045c   0x000009fc   Code   RO            4    .text               exemplotiva.o
    0x00000e58   0x00000e58   0x00000154   Code   RO           95    .text               buzzer.o
    0x00000fac   0x00000fac   0x0000005c   Code   RO          154    .text               buttons.o
    0x00001008   0x00001008   0x000006fc   Code   RO          169    .text               cfaf128x128x16.o
    0x00001704   0x00001704   0x00000254   Code   RO          283    .text               rgb.o
    0x00001958   0x00001958   0x000000d0   Code   RO          317    .text               joy.o
    0x00001a28   0x00001a28   0x0000008c   Code   RO          351    .text               rtx_conf_cm.o
    0x00001ab4   0x00001ab4   0x0000012c   Code   RO          407    .text               startup_tm4c129.o
    0x00001be0   0x00001be0   0x00000028   Code   RO          414    .text               system_tm4c129.o
    0x00001c08   0x00001c08   0x00000008   Code   RO         3862    .text               c_w.l(libspace.o)
    0x00001c10   0x00001c10   0x000000ee   Code   RO         3865    .text               c_w.l(lludivv7m.o)
    0x00001cfe   0x00001cfe   0x00000048   Code   RO         3867    .text               c_w.l(llsdiv.o)
    0x00001d46   0x00001d46   0x00000012   Code   RO         3869    .text               c_w.l(exit.o)
    0x00001d58   0x00001d58   0x00000006   Code   RO         3871    .text               c_w.l(heapauxi.o)
    0x00001d5e   0x00001d5e   0x00000002   PAD
    0x00001d60   0x00001d60   0x0000000c   Code   RO         3906    .text               c_w.l(sys_exit.o)
    0x00001d6c   0x00001d6c   0x0000004a   Code   RO         3908    .text               c_w.l(sys_stackheap_outer.o)
    0x00001db6   0x00001db6   0x00000002   Code   RO         3922    .text               c_w.l(use_no_semi.o)
    0x00001db8   0x00001db8   0x00000000   Code   RO         3924    .text               c_w.l(indicate_semi.o)
    0x00001db8   0x00001db8   0x00000004   Code   RO         3857    SVC_TABLE           RTX_CM4.lib(svc_table.o)
    0x00001dbc   0x00001dbc   0x0000000a   Code   RO          452    i.ADCIntClear       driverlib.lib(adc.o)
    0x00001dc6   0x00001dc6   0x00000034   Code   RO          459    i.ADCIntStatus      driverlib.lib(adc.o)
    0x00001dfa   0x00001dfa   0x0000001a   Code   RO          464    i.ADCProcessorTrigger  driverlib.lib(adc.o)
    0x00001e14   0x00001e14   0x00000060   Code   RO          467    i.ADCSequenceConfigure  driverlib.lib(adc.o)
    0x00001e74   0x00001e74   0x00000024   Code   RO          470    i.ADCSequenceDataGet  driverlib.lib(adc.o)
    0x00001e98   0x00001e98   0x0000000e   Code   RO          472    i.ADCSequenceEnable  driverlib.lib(adc.o)
    0x00001ea6   0x00001ea6   0x0000009a   Code   RO          475    i.ADCSequenceStepConfigure  driverlib.lib(adc.o)
    0x00001f40   0x00001f40   0x00000028   Code   RO          724    i.GPIODirModeSet    driverlib.lib(gpio.o)
    0x00001f68   0x00001f68   0x00000138   Code   RO          736    i.GPIOPadConfigSet  driverlib.lib(gpio.o)
    0x000020a0   0x000020a0   0x00000044   Code   RO          737    i.GPIOPinConfigure  driverlib.lib(gpio.o)
    0x000020e4   0x000020e4   0x00000006   Code   RO          738    i.GPIOPinRead       driverlib.lib(gpio.o)
    0x000020ea   0x000020ea   0x0000001c   Code   RO          739    i.GPIOPinTypeADC    driverlib.lib(gpio.o)
    0x00002106   0x00002106   0x0000001c   Code   RO          747    i.GPIOPinTypeGPIOInput  driverlib.lib(gpio.o)
    0x00002122   0x00002122   0x0000001c   Code   RO          755    i.GPIOPinTypePWM    driverlib.lib(gpio.o)
    0x0000213e   0x0000213e   0x00000006   Code   RO         2352    i.GrContextFontSet  grlib.lib(string.o)
    0x00002144   0x00002144   0x00000064   Code   RO         2303    i.GrContextInit     grlib.lib(context.o)
    0x000021a8   0x000021a8   0x00000118   Code   RO         2353    i.GrDefaultStringRenderer  grlib.lib(string.o)
    0x000022c0   0x000022c0   0x000000a6   Code   RO         2357    i.GrFontGlyphDataGet  grlib.lib(string.o)
    0x00002366   0x00002366   0x00000288   Code   RO         2358    i.GrFontGlyphRender  grlib.lib(string.o)
    0x000025ee   0x000025ee   0x00000008   Code   RO         3235    i.GrMapISO8859_1_Unicode  grlib.lib(charmap.o)
    0x000025f6   0x000025f6   0x00000020   Code   RO         2364    i.GrStringDraw      grlib.lib(string.o)
    0x00002616   0x00002616   0x00000014   Code   RO         1480    i.PWMClockSet       driverlib.lib(pwm.o)
    0x0000262a   0x0000262a   0x00000026   Code   RO         1487    i.PWMGenConfigure   driverlib.lib(pwm.o)
    0x00002650   0x00002650   0x0000000a   Code   RO         1488    i.PWMGenDisable     driverlib.lib(pwm.o)
    0x0000265a   0x0000265a   0x0000000a   Code   RO         1489    i.PWMGenEnable      driverlib.lib(pwm.o)
    0x00002664   0x00002664   0x00000012   Code   RO         1501    i.PWMGenPeriodGet   driverlib.lib(pwm.o)
    0x00002676   0x00002676   0x00000012   Code   RO         1502    i.PWMGenPeriodSet   driverlib.lib(pwm.o)
    0x00002688   0x00002688   0x00000010   Code   RO         1508    i.PWMOutputInvert   driverlib.lib(pwm.o)
    0x00002698   0x00002698   0x00000010   Code   RO         1509    i.PWMOutputState    driverlib.lib(pwm.o)
    0x000026a8   0x000026a8   0x00000020   Code   RO         1512    i.PWMPulseWidthSet  driverlib.lib(pwm.o)
    0x000026c8   0x000026c8   0x000002ec   Code   RO         1714    i.SysCtlClockFreqSet  driverlib.lib(sysctl.o)
    0x000029b4   0x000029b4   0x00000028   Code   RO         1746    i.SysCtlPeripheralEnable  driverlib.lib(sysctl.o)
    0x000029dc   0x000029dc   0x0000002c   Code   RO         1750    i.SysCtlPeripheralReady  driverlib.lib(sysctl.o)
    0x00002a08   0x00002a08   0x0000006c   Code   RO         2370    i.UpdateContextCharMapping  grlib.lib(string.o)
    0x00002a74   0x00002a74   0x00000046   Code   RO         3741    i._init_box         RTX_CM4.lib(rt_membox.o)
    0x00002aba   0x00002aba   0x00000002   PAD
    0x00002abc   0x00002abc   0x00000030   Code   RO         3794    i.dbg_init          RTX_CM4.lib(hal_cm.o)
    0x00002aec   0x00002aec   0x00000020   Code   RO         3795    i.dbg_task_notify   RTX_CM4.lib(hal_cm.o)
    0x00002b0c   0x00002b0c   0x00000010   Code   RO         3796    i.dbg_task_switch   RTX_CM4.lib(hal_cm.o)
    0x00002b1c   0x00002b1c   0x0000002a   Code   RO         2482    i.isrMessageGet     RTX_CM4.lib(rt_cmsis.o)
    0x00002b46   0x00002b46   0x0000002c   Code   RO         2483    i.isrMessagePut     RTX_CM4.lib(rt_cmsis.o)
    0x00002b72   0x00002b72   0x00000024   Code   RO         2485    i.isrSignalSet      RTX_CM4.lib(rt_cmsis.o)
    0x00002b96   0x00002b96   0x00000002   PAD
    0x00002b98   0x00002b98   0x00000028   Code   RO         3478    i.isr_evt_set       RTX_CM4.lib(rt_event.o)
    0x00002bc0   0x00002bc0   0x00000056   Code   RO         3596    i.isr_mbx_receive   RTX_CM4.lib(rt_mailbox.o)
    0x00002c16   0x00002c16   0x0000000e   Code   RO         3597    i.isr_mbx_send      RTX_CM4.lib(rt_mailbox.o)
    0x00002c24   0x00002c24   0x00000018   Code   RO         2486    i.osDelay           RTX_CM4.lib(rt_cmsis.o)
    0x00002c3c   0x00002c3c   0x00000024   Code   RO         2487    i.osKernelInitialize  RTX_CM4.lib(rt_cmsis.o)
    0x00002c60   0x00002c60   0x0000006c   Code   RO         2489    i.osKernelStart     RTX_CM4.lib(rt_cmsis.o)
    0x00002ccc   0x00002ccc   0x00000018   Code   RO         2498    i.osMessageGet      RTX_CM4.lib(rt_cmsis.o)
    0x00002ce4   0x00002ce4   0x0000002c   Code   RO         2500    i.osMutexCreate     RTX_CM4.lib(rt_cmsis.o)
    0x00002d10   0x00002d10   0x00000018   Code   RO         2502    i.osMutexRelease    RTX_CM4.lib(rt_cmsis.o)
    0x00002d28   0x00002d28   0x00000018   Code   RO         2503    i.osMutexWait       RTX_CM4.lib(rt_cmsis.o)
    0x00002d40   0x00002d40   0x00000018   Code   RO         2513    i.osSignalSet       RTX_CM4.lib(rt_cmsis.o)
    0x00002d58   0x00002d58   0x00000018   Code   RO         2514    i.osSignalWait      RTX_CM4.lib(rt_cmsis.o)
    0x00002d70   0x00002d70   0x0000002c   Code   RO         2515    i.osThreadCreate    RTX_CM4.lib(rt_cmsis.o)
    0x00002d9c   0x00002d9c   0x00000018   Code   RO         2516    i.osThreadExit      RTX_CM4.lib(rt_cmsis.o)
    0x00002db4   0x00002db4   0x00000018   Code   RO         2521    i.osThreadYield     RTX_CM4.lib(rt_cmsis.o)
    0x00002dcc   0x00002dcc   0x0000000c   Code   RO         2522    i.osTimerCall       RTX_CM4.lib(rt_cmsis.o)
    0x00002dd8   0x00002dd8   0x0000002c   Code   RO         2523    i.osTimerCreate     RTX_CM4.lib(rt_cmsis.o)
    0x00002e04   0x00002e04   0x00000018   Code   RO         2525    i.osTimerStart      RTX_CM4.lib(rt_cmsis.o)
    0x00002e1c   0x00002e1c   0x0000002c   Code   RO         2527    i.osTimerThread     RTX_CM4.lib(rt_cmsis.o)
    0x00002e48   0x00002e48   0x00000028   Code   RO         3388    i.os_tick_init      RTX_CM4.lib(rt_system.o)
    0x00002e70   0x00002e70   0x00000002   Code   RO         3389    i.os_tick_irqack    RTX_CM4.lib(rt_system.o)
    0x00002e72   0x00002e72   0x0000001a   Code   RO         3742    i.rt_alloc_box      RTX_CM4.lib(rt_membox.o)
    0x00002e8c   0x00002e8c   0x0000003e   Code   RO         3770    i.rt_alloc_mem      RTX_CM4.lib(rt_memory.o)
    0x00002eca   0x00002eca   0x00000002   PAD
    0x00002ecc   0x00002ecc   0x00000038   Code   RO         3101    i.rt_block          RTX_CM4.lib(rt_task.o)
    0x00002f04   0x00002f04   0x00000048   Code   RO         3719    i.rt_chk_robin      RTX_CM4.lib(rt_robin.o)
    0x00002f4c   0x00002f4c   0x00000070   Code   RO         3520    i.rt_dec_dly        RTX_CM4.lib(rt_list.o)
    0x00002fbc   0x00002fbc   0x00000044   Code   RO         3102    i.rt_dispatch       RTX_CM4.lib(rt_task.o)
    0x00003000   0x00003000   0x00000006   Code   RO         3686    i.rt_dly_wait       RTX_CM4.lib(rt_time.o)
    0x00003006   0x00003006   0x00000002   PAD
    0x00003008   0x00003008   0x00000050   Code   RO         3481    i.rt_evt_psh        RTX_CM4.lib(rt_event.o)
    0x00003058   0x00003058   0x0000005c   Code   RO         3482    i.rt_evt_set        RTX_CM4.lib(rt_event.o)
    0x000030b4   0x000030b4   0x0000003c   Code   RO         3483    i.rt_evt_wait       RTX_CM4.lib(rt_event.o)
    0x000030f0   0x000030f0   0x0000002c   Code   RO         3743    i.rt_free_box       RTX_CM4.lib(rt_membox.o)
    0x0000311c   0x0000311c   0x00000028   Code   RO         3771    i.rt_free_mem       RTX_CM4.lib(rt_memory.o)
    0x00003144   0x00003144   0x00000028   Code   RO         3521    i.rt_get_first      RTX_CM4.lib(rt_list.o)
    0x0000316c   0x0000316c   0x00000024   Code   RO         3522    i.rt_get_same_rdy_prio  RTX_CM4.lib(rt_list.o)
    0x00003190   0x00003190   0x00000008   Code   RO         2532    i.rt_id2obj         RTX_CM4.lib(rt_cmsis.o)
    0x00003198   0x00003198   0x00000048   Code   RO         3103    i.rt_init_context   RTX_CM4.lib(rt_task.o)
    0x000031e0   0x000031e0   0x0000001a   Code   RO         3772    i.rt_init_mem       RTX_CM4.lib(rt_memory.o)
    0x000031fa   0x000031fa   0x00000002   PAD
    0x000031fc   0x000031fc   0x00000018   Code   RO         3720    i.rt_init_robin     RTX_CM4.lib(rt_robin.o)
    0x00003214   0x00003214   0x00000080   Code   RO         3797    i.rt_init_stack     RTX_CM4.lib(hal_cm.o)
    0x00003294   0x00003294   0x00000008   Code   RO         3598    i.rt_mbx_check      RTX_CM4.lib(rt_mailbox.o)
    0x0000329c   0x0000329c   0x0000001a   Code   RO         3599    i.rt_mbx_init       RTX_CM4.lib(rt_mailbox.o)
    0x000032b6   0x000032b6   0x00000002   PAD
    0x000032b8   0x000032b8   0x000000f0   Code   RO         3600    i.rt_mbx_psh        RTX_CM4.lib(rt_mailbox.o)
    0x000033a8   0x000033a8   0x000000b4   Code   RO         3602    i.rt_mbx_wait       RTX_CM4.lib(rt_mailbox.o)
    0x0000345c   0x0000345c   0x00000044   Code   RO         2533    i.rt_ms2tick        RTX_CM4.lib(rt_cmsis.o)
    0x000034a0   0x000034a0   0x00000010   Code   RO         3186    i.rt_mut_init       RTX_CM4.lib(rt_mutex.o)
    0x000034b0   0x000034b0   0x000000d8   Code   RO         3187    i.rt_mut_release    RTX_CM4.lib(rt_mutex.o)
    0x00003588   0x00003588   0x00000078   Code   RO         3188    i.rt_mut_wait       RTX_CM4.lib(rt_mutex.o)
    0x00003600   0x00003600   0x0000007c   Code   RO         3392    i.rt_pop_req        RTX_CM4.lib(rt_system.o)
    0x0000367c   0x0000367c   0x00000020   Code   RO         3393    i.rt_psh_req        RTX_CM4.lib(rt_system.o)
    0x0000369c   0x0000369c   0x0000005c   Code   RO         3523    i.rt_psq_enq        RTX_CM4.lib(rt_list.o)
    0x000036f8   0x000036f8   0x00000048   Code   RO         3524    i.rt_put_dly        RTX_CM4.lib(rt_list.o)
    0x00003740   0x00003740   0x00000036   Code   RO         3525    i.rt_put_prio       RTX_CM4.lib(rt_list.o)
    0x00003776   0x00003776   0x00000002   PAD
    0x00003778   0x00003778   0x00000014   Code   RO         3526    i.rt_put_rdy_first  RTX_CM4.lib(rt_list.o)
    0x0000378c   0x0000378c   0x00000034   Code   RO         3527    i.rt_resort_prio    RTX_CM4.lib(rt_list.o)
    0x000037c0   0x000037c0   0x00000010   Code   RO         3798    i.rt_ret_regs       RTX_CM4.lib(hal_cm.o)
    0x000037d0   0x000037d0   0x0000000c   Code   RO         3799    i.rt_ret_val        RTX_CM4.lib(hal_cm.o)
    0x000037dc   0x000037dc   0x00000010   Code   RO         3800    i.rt_ret_val2       RTX_CM4.lib(hal_cm.o)
    0x000037ec   0x000037ec   0x00000028   Code   RO         3528    i.rt_rmv_dly        RTX_CM4.lib(rt_list.o)
    0x00003814   0x00003814   0x00000030   Code   RO         3529    i.rt_rmv_list       RTX_CM4.lib(rt_list.o)
    0x00003844   0x00003844   0x00000034   Code   RO         3647    i.rt_sem_psh        RTX_CM4.lib(rt_semaphore.o)
    0x00003878   0x00003878   0x00000024   Code   RO         3395    i.rt_stk_check      RTX_CM4.lib(rt_system.o)
    0x0000389c   0x0000389c   0x00000028   Code   RO         3104    i.rt_switch_req     RTX_CM4.lib(rt_task.o)
    0x000038c4   0x000038c4   0x000000cc   Code   RO         3105    i.rt_sys_init       RTX_CM4.lib(rt_task.o)
    0x00003990   0x00003990   0x00000078   Code   RO         3106    i.rt_sys_start      RTX_CM4.lib(rt_task.o)
    0x00003a08   0x00003a08   0x00000040   Code   RO         3397    i.rt_systick        RTX_CM4.lib(rt_system.o)
    0x00003a48   0x00003a48   0x00000012   Code   RO         2534    i.rt_tid2ptcb       RTX_CM4.lib(rt_cmsis.o)
    0x00003a5a   0x00003a5a   0x00000002   PAD
    0x00003a5c   0x00003a5c   0x00000034   Code   RO         2535    i.rt_timer_insert   RTX_CM4.lib(rt_cmsis.o)
    0x00003a90   0x00003a90   0x0000003c   Code   RO         2536    i.rt_timer_remove   RTX_CM4.lib(rt_cmsis.o)
    0x00003acc   0x00003acc   0x00000088   Code   RO         3107    i.rt_tsk_create     RTX_CM4.lib(rt_task.o)
    0x00003b54   0x00003b54   0x0000017c   Code   RO         3108    i.rt_tsk_delete     RTX_CM4.lib(rt_task.o)
    0x00003cd0   0x00003cd0   0x00000030   Code   RO         3109    i.rt_tsk_pass       RTX_CM4.lib(rt_task.o)
    0x00003d00   0x00003d00   0x0000007c   Code   RO         3110    i.rt_tsk_prio       RTX_CM4.lib(rt_task.o)
    0x00003d7c   0x00003d7c   0x00000010   Code   RO         3111    i.rt_tsk_self       RTX_CM4.lib(rt_task.o)
    0x00003d8c   0x00003d8c   0x00000012   Code   RO         2537    i.svcDelay          RTX_CM4.lib(rt_cmsis.o)
    0x00003d9e   0x00003d9e   0x00000002   PAD
    0x00003da0   0x00003da0   0x00000070   Code   RO         2538    i.svcKernelInitialize  RTX_CM4.lib(rt_cmsis.o)
    0x00003e10   0x00003e10   0x00000048   Code   RO         2540    i.svcKernelStart    RTX_CM4.lib(rt_cmsis.o)
    0x00003e58   0x00003e58   0x00000024   Code   RO         2543    i.svcMessageCreate  RTX_CM4.lib(rt_cmsis.o)
    0x00003e7c   0x00003e7c   0x0000003a   Code   RO         2544    i.svcMessageGet     RTX_CM4.lib(rt_cmsis.o)
    0x00003eb6   0x00003eb6   0x0000001c   Code   RO         2546    i.svcMutexCreate    RTX_CM4.lib(rt_cmsis.o)
    0x00003ed2   0x00003ed2   0x00000022   Code   RO         2548    i.svcMutexRelease   RTX_CM4.lib(rt_cmsis.o)
    0x00003ef4   0x00003ef4   0x0000003a   Code   RO         2549    i.svcMutexWait      RTX_CM4.lib(rt_cmsis.o)
    0x00003f2e   0x00003f2e   0x00000024   Code   RO         2556    i.svcSignalSet      RTX_CM4.lib(rt_cmsis.o)
    0x00003f52   0x00003f52   0x00000002   PAD
    0x00003f54   0x00003f54   0x00000054   Code   RO         2557    i.svcSignalWait     RTX_CM4.lib(rt_cmsis.o)
    0x00003fa8   0x00003fa8   0x0000006c   Code   RO         2558    i.svcThreadCreate   RTX_CM4.lib(rt_cmsis.o)
    0x00004014   0x00004014   0x0000001c   Code   RO         2559    i.svcThreadGetId    RTX_CM4.lib(rt_cmsis.o)
    0x00004030   0x00004030   0x00000038   Code   RO         2562    i.svcThreadTerminate  RTX_CM4.lib(rt_cmsis.o)
    0x00004068   0x00004068   0x0000000a   Code   RO         2563    i.svcThreadYield    RTX_CM4.lib(rt_cmsis.o)
    0x00004072   0x00004072   0x00000018   Code   RO         2564    i.svcTimerCall      RTX_CM4.lib(rt_cmsis.o)
    0x0000408a   0x0000408a   0x00000002   PAD
    0x0000408c   0x0000408c   0x00000038   Code   RO         2565    i.svcTimerCreate    RTX_CM4.lib(rt_cmsis.o)
    0x000040c4   0x000040c4   0x00000064   Code   RO         2567    i.svcTimerStart     RTX_CM4.lib(rt_cmsis.o)
    0x00004128   0x00004128   0x0000005c   Code   RO         2573    i.sysTimerTick      RTX_CM4.lib(rt_cmsis.o)
    0x00004184   0x00004184   0x0000000a   Code   RO         3998    x$fpl$fpinit        fz_wm.l(fpinit.o)
    0x0000418e   0x0000418e   0x00000002   PAD
    0x00004190   0x00004190   0x0000013c   Data   RO            8    .constdata          exemplotiva.o
    0x000042cc   0x000042cc   0x00000028   Data   RO          182    .constdata          cfaf128x128x16.o
    0x000042f4   0x000042f4   0x00000002   Data   RO          359    .constdata          rtx_conf_cm.o
    0x000042f6   0x000042f6   0x00000002   PAD
    0x000042f8   0x000042f8   0x00000004   Data   RO          360    .constdata          rtx_conf_cm.o
    0x000042fc   0x000042fc   0x00000004   Data   RO          361    .constdata          rtx_conf_cm.o
    0x00004300   0x00004300   0x00000004   Data   RO          365    .constdata          rtx_conf_cm.o
    0x00004304   0x00004304   0x00000001   Data   RO          366    .constdata          rtx_conf_cm.o
    0x00004305   0x00004305   0x00000003   PAD
    0x00004308   0x00004308   0x00000010   Data   RO          367    .constdata          rtx_conf_cm.o
    0x00004318   0x00004318   0x00000002   Data   RO          368    .constdata          rtx_conf_cm.o
    0x0000431a   0x0000431a   0x00000002   PAD
    0x0000431c   0x0000431c   0x00000004   Data   RO          369    .constdata          rtx_conf_cm.o
    0x00004320   0x00004320   0x00000004   Data   RO          370    .constdata          rtx_conf_cm.o
    0x00004324   0x00004324   0x00000001   Data   RO          371    .constdata          rtx_conf_cm.o
    0x00004325   0x00004325   0x00000003   PAD
    0x00004328   0x00004328   0x00000010   Data   RO          372    .constdata          rtx_conf_cm.o
    0x00004338   0x00004338   0x00000008   Data   RO          373    .constdata          rtx_conf_cm.o
    0x00004340   0x00004340   0x00000002   Data   RO          374    .constdata          rtx_conf_cm.o
    0x00004342   0x00004342   0x00000002   PAD
    0x00004344   0x00004344   0x00000010   Data   RO          375    .constdata          rtx_conf_cm.o
    0x00004354   0x00004354   0x00000228   Data   RO          768    .constdata          driverlib.lib(gpio.o)
    0x0000457c   0x0000457c   0x00000254   Data   RO         1768    .constdata          driverlib.lib(sysctl.o)
    0x000047d0   0x000047d0   0x00000010   Data   RO         2305    .constdata          grlib.lib(context.o)
    0x000047e0   0x000047e0   0x000002f8   Data   RO         2337    .constdata          grlib.lib(fontfixed6x8.o)
    0x00004ad8   0x00004ad8   0x000000c8   Data   RO         2338    .constdata          grlib.lib(fontfixed6x8.o)
    0x00004ba0   0x00004ba0   0x00000025   Data   RO            9    .conststring        exemplotiva.o
    0x00004bc5   0x00004bc5   0x00000003   PAD
    0x00004bc8   0x00004bc8   0x00000020   Data   RO         4032    Region$$Table       anon$$obj.o


    Execution Region RW_IRAM1 (Exec base: 0x20000000, Load base: 0x00004be8, Size: 0x00002f30, Max: 0x00040000, ABSOLUTE)

    Exec Addr    Load Addr    Size         Type   Attr      Idx    E Section Name        Object

    0x20000000   0x00004be8   0x000000a4   Data   RW           10    .data               exemplotiva.o
    0x200000a4   0x00004c8c   0x0000000c   Data   RW           96    .data               buzzer.o
    0x200000b0   0x00004c98   0x00000008   Data   RW          183    .data               cfaf128x128x16.o
    0x200000b8   0x00004ca0   0x00000008   Data   RW          284    .data               rgb.o
    0x200000c0   0x00004ca8   0x00000004   Data   RW          377    .data               rtx_conf_cm.o
    0x200000c4   0x00004cac   0x00000004   Data   RW          378    .data               rtx_conf_cm.o
    0x200000c8   0x00004cb0   0x00000004   Data   RW          379    .data               rtx_conf_cm.o
    0x200000cc   0x00004cb4   0x00000004   Data   RW          380    .data               rtx_conf_cm.o
    0x200000d0   0x00004cb8   0x00000004   Data   RW          415    .data               system_tm4c129.o
    0x200000d4   0x00004cbc   0x00000004   Data   RW         2306    .data               grlib.lib(context.o)
    0x200000d8   0x00004cc0   0x00000008   Data   RW         2576    .data               RTX_CM4.lib(rt_cmsis.o)
    0x200000e0   0x00004cc8   0x00000008   Data   RW         3113    .data               RTX_CM4.lib(rt_task.o)
    0x200000e8   0x00004cd0   0x00000008   Data   RW         3400    .data               RTX_CM4.lib(rt_system.o)
    0x200000f0   0x00004cd8   0x00000004   Data   RW         3690    .data               RTX_CM4.lib(rt_time.o)
    0x200000f4   0x00004cdc   0x00000008   Data   RW         3721    .data               RTX_CM4.lib(rt_robin.o)
    0x200000fc   0x00004ce4   0x00000001   Data   RW         3801    .data               RTX_CM4.lib(hal_cm.o)
    0x200000fd   0x00004ce5   0x00000003   PAD
    0x20000100        -       0x00000010   Zero   RW            5    .bss                exemplotiva.o
    0x20000110        -       0x0000002c   Zero   RW            6    .bss                exemplotiva.o
    0x2000013c        -       0x00000018   Zero   RW            7    .bss                exemplotiva.o
    0x20000154        -       0x00000020   Zero   RW          352    .bss                rtx_conf_cm.o
    0x20000174        -       0x00000248   Zero   RW          353    .bss                rtx_conf_cm.o
    0x200003bc   0x00004ce5   0x00000004   PAD
    0x200003c0        -       0x00001f50   Zero   RW          354    .bss                rtx_conf_cm.o
    0x20002310        -       0x00000408   Zero   RW          355    .bss                rtx_conf_cm.o
    0x20002718        -       0x00000084   Zero   RW          356    .bss                rtx_conf_cm.o
    0x2000279c        -       0x0000002c   Zero   RW          357    .bss                rtx_conf_cm.o
    0x200027c8        -       0x000004a0   Zero   RW          358    .bss                rtx_conf_cm.o
    0x20002c68        -       0x00000034   Zero   RW         3112    .bss                RTX_CM4.lib(rt_task.o)
    0x20002c9c        -       0x00000030   Zero   RW         3530    .bss                RTX_CM4.lib(rt_list.o)
    0x20002ccc        -       0x00000060   Zero   RW         3863    .bss                c_w.l(libspace.o)
    0x20002d2c   0x00004ce5   0x00000004   PAD
    0x20002d30        -       0x00000000   Zero   RW          405    HEAP                startup_tm4c129.o
    0x20002d30        -       0x00000200   Zero   RW          404    STACK               startup_tm4c129.o


==============================================================================

Image component sizes


      Code (inc. data)   RO Data    RW Data    ZI Data      Debug   Object Name

        92         10          0          0          0        876   buttons.o
       340         36          0         12          0       2301   buzzer.o
      1788         94         40          8          0      10718   cfaf128x128x16.o
      2556         58        353        164         84      44265   exemplotiva.o
       208         22          0          0          0       1241   joy.o
       596         42          0          8          0       1913   rgb.o
       168         36         84         16      11024       8957   rtx_conf_cm.o
       300         22        512          0        512       6036   startup_tm4c129.o
        40         14          0          4          0        893   system_tm4c129.o

    ----------------------------------------------------------------------
      6088        334       1036        212      11624      77200   Object Totals
         0          0         32          0          0          0   (incl. Generated)
         0          0         15          0          4          0   (incl. Padding)

    ----------------------------------------------------------------------

      Code (inc. data)   RO Data    RW Data    ZI Data      Debug   Library Member Name

       268         24          0          1          0       4524   hal_cm.o
       408         34          0          0          0        824   hal_cm4.o
      1886        212          0          8          0      48231   rt_cmsis.o
       272         18          0          0          0       2842   rt_event.o
       566         44          0          0         48       9272   rt_list.o
       554         10          0          0          0       4237   rt_mailbox.o
       140          0          0          0          0       2069   rt_membox.o
       128          0          0          0          0       2451   rt_memory.o
       352         14          0          0          0       2249   rt_mutex.o
        96         22          0          8          0       1254   rt_robin.o
        52          4          0          0          0        621   rt_semaphore.o
       298         52          0          8          0       6511   rt_system.o
      1264        184          0          8         52      10675   rt_task.o
         6          0          0          4          0        700   rt_time.o
         4          4          0          0          0        208   svc_table.o
         8          0          0          0          0         68   __main.o
         0          0          0          0          0          0   __rtentry.o
        20          0          0          0          0          0   __rtentry2.o
         6          0          0          0          0          0   __rtentry4.o
        52          8          0          0          0          0   __scatter.o
        26          0          0          0          0          0   __scatter_copy.o
        28          0          0          0          0          0   __scatter_zi.o
        18          0          0          0          0         80   exit.o
         6          0          0          0          0        152   heapauxi.o
         0          0          0          0          0          0   indicate_semi.o
         2          0          0          0          0          0   libinit.o
         6          0          0          0          0          0   libinit2.o
         2          0          0          0          0          0   libshutdown.o
         2          0          0          0          0          0   libshutdown2.o
         8          4          0          0         96         68   libspace.o
        72          0          0          0          0         76   llsdiv.o
       238          0          0          0          0        100   lludivv7m.o
         2          0          0          0          0          0   rtexit.o
        10          0          0          0          0          0   rtexit2.o
        12          4          0          0          0         68   sys_exit.o
        74          0          0          0          0         80   sys_stackheap_outer.o
         2          0          0          0          0         68   use_no_semi.o
       388          0          0          0          0       8694   adc.o
       510          8        552          0          0       5722   gpio.o
       178          0          0          0          0       5153   pwm.o
       832         50        596          0          0       5470   sysctl.o
        10          0          0          0          0        116   fpinit.o
         8          0          0          0          0       1494   charmap.o
       100         12         16          4          0      26443   context.o
         0          0        960          0          0      25662   fontfixed6x8.o
      1240          0          0          0          0       9079   string.o

    ----------------------------------------------------------------------
     10184        708       2124         44        200     185261   Library Totals
        30          0          0          3          4          0   (incl. Padding)

    ----------------------------------------------------------------------

      Code (inc. data)   RO Data    RW Data    ZI Data      Debug   Library Name

      6294        622          0         37        100      96668   RTX_CM4.lib
       594         16          0          0         96        760   c_w.l
      1908         58       1148          0          0      25039   driverlib.lib
        10          0          0          0          0        116   fz_wm.l
      1348         12        976          4          0      62678   grlib.lib

    ----------------------------------------------------------------------
     10184        708       2124         44        200     185261   Library Totals

    ----------------------------------------------------------------------

==============================================================================


      Code (inc. data)   RO Data    RW Data    ZI Data      Debug   

     16272       1042       3160        256      11824     248401   Grand Totals
     16272       1042       3160        256      11824     248401   ELF Image Totals
     16272       1042       3160        256          0          0   ROM Totals

==============================================================================

    Total RO  Size (Code + RO Data)                19432 (  18.98kB)
    Total RW  Size (RW Data + ZI Data)             12080 (  11.80kB)
    Total ROM Size (Code + RO Data + RW Data)      19688 (  19.23kB)

==============================================================================

