<html>
<body>
<pre>
<h1>µVision Build Log</h1>
<h2>Tool Versions:</h2>
IDE-Version: µVision V5.24.2.0
Copyright (C) 2017 ARM Ltd and ARM Germany GmbH. All rights reserved.
License Information: fdg dfs dfgdfs, dfgdgdf, LIC=----
 
Tool Versions:
Toolchain:       MDK-Lite  Version: 5.24.1
Toolchain Path:  C:\Keil_v5\ARM\ARMCC\Bin
C Compiler:      Armcc.exe V5.06 update 5 (build 528)
Assembler:       Armasm.exe V5.06 update 5 (build 528)
Linker/Locator:  ArmLink.exe V5.06 update 5 (build 528)
Library Manager: ArmAr.exe V5.06 update 5 (build 528)
Hex Converter:   FromElf.exe V5.06 update 5 (build 528)
CPU DLL:         SARMCM3.DLL V5.24.1
Dialog DLL:      DCM.DLL V1.16.0.0
Target DLL:      lmidk-agdi.dll V???
Dialog DLL:      TCM.DLL V1.32.0.0
 
<h2>Project:</h2>
C:\Users\Mathias\Downloads\estudos\Embarcados\Lab_4\ProjectFiles\base_project.uvprojx
Project File Date:  11/01/2018

<h2>Output:</h2>
*** Using Compiler 'V5.06 update 5 (build 528)', folder: 'C:\Keil_v5\ARM\ARMCC\Bin'
*** Note: Rebuilding project, since 'Options->Output->Create Batch File' is selected.
Rebuild Project 'base_project' - Target 'TM4C129 Flash'
compiling exemploTIVA.c...
C:\Users\Mathias\Downloads\estudos\Embarcados\Lab_4\ProjectFiles\PWM.h(396): warning:  #1295-D: Deprecated declaration PWM_init - give arg types
  extern void PWM_init();
C:\Users\Mathias\Downloads\estudos\Embarcados\Lab_4\ProjectFiles\UART.h(367): warning:  #1295-D: Deprecated declaration UART_init - give arg types
  void UART_init();
C:\Users\Mathias\Downloads\estudos\Embarcados\Lab_4\driverlib\timer.h(330): warning:  #1295-D: Deprecated declaration timer_init - give arg types
  extern void timer_init();
C:\Users\Mathias\Downloads\estudos\Embarcados\Lab_4\ProjectFiles\exemploTIVA.c(131): warning:  #111-D: statement is unreachable
                        break;
C:\Users\Mathias\Downloads\estudos\Embarcados\Lab_4\ProjectFiles\exemploTIVA.c(137): warning:  #111-D: statement is unreachable
                        break;
C:\Users\Mathias\Downloads\estudos\Embarcados\Lab_4\ProjectFiles\exemploTIVA.c(140): warning:  #111-D: statement is unreachable
                        break;
C:\Users\Mathias\Downloads\estudos\Embarcados\Lab_4\ProjectFiles\exemploTIVA.c(145): warning:  #111-D: statement is unreachable
                        break;
C:\Users\Mathias\Downloads\estudos\Embarcados\Lab_4\ProjectFiles\exemploTIVA.c(148): warning:  #940-D: missing return statement at end of non-void function "gerarOnda" 
  }
C:\Users\Mathias\Downloads\estudos\Embarcados\Lab_4\ProjectFiles\exemploTIVA.c(124): warning:  #177-D: variable "pBuf"  was declared but never referenced
                char pBuf[20];
C:\Users\Mathias\Downloads\estudos\Embarcados\Lab_4\ProjectFiles\exemploTIVA.c(162): warning:  #177-D: variable "pBuf"  was declared but never referenced
                                char pBuf[20];
C:\Users\Mathias\Downloads\estudos\Embarcados\Lab_4\ProjectFiles\exemploTIVA.c(195): warning:  #128-D: loop is not reachable
                                while(1){
C:\Users\Mathias\Downloads\estudos\Embarcados\Lab_4\ProjectFiles\exemploTIVA.c(213): warning:  #186-D: pointless comparison of unsigned integer with zero
        if(n<0 || n>100){
C:\Users\Mathias\Downloads\estudos\Embarcados\Lab_4\ProjectFiles\exemploTIVA.c(208): warning:  #177-D: variable "evt"  was declared but never referenced
        osEvent evt;
C:\Users\Mathias\Downloads\estudos\Embarcados\Lab_4\ProjectFiles\exemploTIVA.c(209): warning:  #177-D: variable "val"  was declared but never referenced
        uint16_t val;
C:\Users\Mathias\Downloads\estudos\Embarcados\Lab_4\ProjectFiles\exemploTIVA.c(211): warning:  #177-D: variable "c"  was declared but never referenced
        char c;
C:\Users\Mathias\Downloads\estudos\Embarcados\Lab_4\ProjectFiles\UART.h(9): warning:  #2525-D: #pragma push with no matching #pragma pop
    #pragma push
exemploTIVA.c: 16 warnings, 0 errors
compiling PWM.c...
C:\Users\Mathias\Downloads\estudos\Embarcados\Lab_4\ProjectFiles\PWM.h(396): warning:  #1295-D: Deprecated declaration PWM_init - give arg types
  extern void PWM_init();
C:\Users\Mathias\Downloads\estudos\Embarcados\Lab_4\ProjectFiles\PWM.c(81): warning:  #1-D: last line of file ends without a newline
  }
C:\Users\Mathias\Downloads\estudos\Embarcados\Lab_4\ProjectFiles\PWM.c(69): warning:  #177-D: variable "pBuf"  was declared but never referenced
        char pBuf[30];
PWM.c: 3 warnings, 0 errors
compiling timer.c...
C:\Users\Mathias\Downloads\estudos\Embarcados\Lab_4\driverlib\timer.h(330): warning:  #1295-D: Deprecated declaration timer_init - give arg types
  extern void timer_init();
C:\Users\Mathias\Downloads\estudos\Embarcados\Lab_4\ProjectFiles\timer.c(46): warning:  #1-D: last line of file ends without a newline
  }
timer.c: 2 warnings, 0 errors
compiling UART.c...
C:\Users\Mathias\Downloads\estudos\Embarcados\Lab_4\ProjectFiles\UART.h(367): warning:  #1295-D: Deprecated declaration UART_init - give arg types
  void UART_init();
C:\Users\Mathias\Downloads\estudos\Embarcados\Lab_4\ProjectFiles\UART.h(9): warning:  #2525-D: #pragma push with no matching #pragma pop
    #pragma push
UART.c: 2 warnings, 0 errors
compiling RTX_Conf_CM.c...
assembling startup_TM4C129.s...
compiling system_TM4C129.c...
linking...
Program Size: Code=13336 RO-data=1032 RW-data=84 ZI-data=11780  
".\Flash\base_project.axf" - 0 Error(s), 23 Warning(s).

<h2>Software Packages used:</h2>

Package Vendor: ARM
                http://www.keil.com/pack/ARM.CMSIS.5.3.0.pack
                ARM.CMSIS.5.3.0
                CMSIS (Cortex Microcontroller Software Interface Standard)
   * Component: Keil RTX Version: 4.81.1
   * Component: CORE Version: 5.1.1
   * Component: RTOS Version: 1.0.0

Package Vendor: Keil
                http://www.keil.com/pack/Keil.TM4C_DFP.1.1.0.pack
                Keil.TM4C_DFP.1.1.0
                Texas Instruments Tiva C Series Device Support and Examples
   * Component: Startup Version: 1.0.0

<h2>Collection of Component include folders:</h2>
  .\RTE\_TM4C129_Flash
  C:\Keil_v5\ARM\PACK\ARM\CMSIS\5.3.0\CMSIS\Include
  C:\Keil_v5\ARM\PACK\ARM\CMSIS\5.3.0\CMSIS\RTOS\RTX\INC
  C:\Keil_v5\ARM\PACK\Keil\TM4C_DFP\1.1.0\Device\Include\TM4C129

<h2>Collection of Component Files used:</h2>

   * Component: Keil::Device:Startup:1.0.0
      Include file:  Device\Include\TM4C129\TM4C129.h
      Source file:   Device\Source\system_TM4C129.c
      Source file:   Device\Source\ARM\startup_TM4C129.s

   * Component: ARM::CMSIS:RTOS:Keil RTX:4.81.1
      Source file:   CMSIS\RTOS\RTX\UserCodeTemplates\Thread.c
      Include file:  CMSIS\RTOS\RTX\UserCodeTemplates\osObjects.h
      Include file:  CMSIS\RTOS\RTX\INC\cmsis_os.h
      Source file:   CMSIS\RTOS\RTX\UserCodeTemplates\MailQueue.c
      Source file:   CMSIS\RTOS\RTX\UserCodeTemplates\Mutex.c
      Source file:   CMSIS\RTOS\RTX\UserCodeTemplates\Semaphore.c
      Source file:   CMSIS\RTOS\RTX\SRC\ARM\SVC_Table.s
      Source file:   CMSIS\RTOS\RTX\UserCodeTemplates\MemPool.c
      Source file:   CMSIS\RTOS\RTX\UserCodeTemplates\Timer.c
      Source file:   CMSIS\RTOS\RTX\Templates\RTX_Conf_CM.c
      Source file:   CMSIS\RTOS\RTX\UserCodeTemplates\MsgQueue.c
      Source file:   CMSIS\RTOS\RTX\UserCodeTemplates\main.c
      Library file:  CMSIS\RTOS\RTX\LIB\ARM\RTX_CM4.lib

   * Component: ARM::CMSIS:CORE:5.1.1

   * Component: ::CMSIS:RTOS:1.0.0 (API)
Build Time Elapsed:  00:00:04
</pre>
</body>
</html>
