Component: ARM Compiler 5.06 update 5 (build 528) Tool: armlink [4d35e2]

==============================================================================

Section Cross References

    exemplotiva.o(.text) refers to llsdiv.o(.text) for __aeabi_ldivmod
    exemplotiva.o(.text) refers to uart.o(.text) for UART_init
    exemplotiva.o(.text) refers to pwm.o(.text) for PWM_init
    exemplotiva.o(.text) refers to timer.o(.text) for timer_init
    exemplotiva.o(.text) refers to dflt_clz.o(x$fpl$dfltu) for __aeabi_ui2d
    exemplotiva.o(.text) refers to dmul.o(x$fpl$dmul) for __aeabi_dmul
    exemplotiva.o(.text) refers to ddiv.o(x$fpl$ddiv) for __aeabi_ddiv
    exemplotiva.o(.text) refers to sin.o(i.__hardfp_sin) for __hardfp_sin
    exemplotiva.o(.text) refers to daddsub_clz.o(x$fpl$dadd) for __aeabi_dadd
    exemplotiva.o(.text) refers to d2f.o(x$fpl$d2f) for __aeabi_d2f
    exemplotiva.o(.text) refers to rt_cmsis.o(i.osSignalWait) for osSignalWait
    exemplotiva.o(.text) refers to rt_cmsis.o(i.osThreadYield) for osThreadYield
    exemplotiva.o(.text) refers to rt_cmsis.o(i.osSignalSet) for osSignalSet
    exemplotiva.o(.text) refers to rt_cmsis.o(i.osTimerCreate) for osTimerCreate
    exemplotiva.o(.text) refers to rt_cmsis.o(i.osTimerStart) for osTimerStart
    exemplotiva.o(.text) refers to rt_cmsis.o(i.osMutexCreate) for osMutexCreate
    exemplotiva.o(.text) refers to rt_cmsis.o(i.osThreadCreate) for osThreadCreate
    exemplotiva.o(.text) refers to rt_cmsis.o(i.osKernelInitialize) for osKernelInitialize
    exemplotiva.o(.text) refers to rt_cmsis.o(i.osKernelStart) for osKernelStart
    exemplotiva.o(.text) refers to rt_cmsis.o(i.osDelay) for osDelay
    exemplotiva.o(.text) refers to exemplotiva.o(.data) for .data
    exemplotiva.o(.text) refers to exemplotiva.o(.constdata) for .constdata
    exemplotiva.o(.constdata) refers to exemplotiva.o(.bss) for os_mutex_cb_data_mutex
    exemplotiva.o(.constdata) refers to exemplotiva.o(.text) for refresh
    exemplotiva.o(.constdata) refers to exemplotiva.o(.bss) for os_timer_cb_timer_0
    exemplotiva.o(.data) refers to exemplotiva.o(.conststring) for .conststring
    buttons.o(.text) refers to sysctl.o(i.SysCtlPeripheralEnable) for SysCtlPeripheralEnable
    buttons.o(.text) refers to sysctl.o(i.SysCtlPeripheralReady) for SysCtlPeripheralReady
    buttons.o(.text) refers to gpio.o(i.GPIOPinTypeGPIOInput) for GPIOPinTypeGPIOInput
    buttons.o(.text) refers to gpio.o(i.GPIOPinRead) for GPIOPinRead
    cfaf128x128x16.o(.text) refers to cfaf128x128x16.o(.data) for .data
    cfaf128x128x16.o(.text) refers to sysctl.o(i.SysCtlClockFreqSet) for SysCtlClockFreqSet
    cfaf128x128x16.o(.constdata) refers to cfaf128x128x16.o(.text) for cfaf128x128x16PixelDraw
    servo.o(.text) refers to timer.o(i.TimerMatchSet) for TimerMatchSet
    servo.o(.text) refers to sysctl.o(i.SysCtlClockFreqSet) for SysCtlClockFreqSet
    servo.o(.text) refers to sysctl.o(i.SysCtlPeripheralEnable) for SysCtlPeripheralEnable
    servo.o(.text) refers to sysctl.o(i.SysCtlPeripheralReady) for SysCtlPeripheralReady
    servo.o(.text) refers to gpio.o(i.GPIOPinConfigure) for GPIOPinConfigure
    servo.o(.text) refers to gpio.o(i.GPIOPinTypeTimer) for GPIOPinTypeTimer
    servo.o(.text) refers to timer.o(i.TimerClockSourceSet) for TimerClockSourceSet
    servo.o(.text) refers to timer.o(i.TimerConfigure) for TimerConfigure
    servo.o(.text) refers to timer.o(i.TimerControlLevel) for TimerControlLevel
    servo.o(.text) refers to timer.o(i.TimerUpdateMode) for TimerUpdateMode
    servo.o(.text) refers to timer.o(i.TimerPrescaleSet) for TimerPrescaleSet
    servo.o(.text) refers to timer.o(i.TimerLoadSet) for TimerLoadSet
    servo.o(.text) refers to timer.o(i.TimerEnable) for TimerEnable
    servo.o(.text) refers to servo.o(.data) for .data
    joy.o(.text) refers to sysctl.o(i.SysCtlPeripheralEnable) for SysCtlPeripheralEnable
    joy.o(.text) refers to sysctl.o(i.SysCtlPeripheralReady) for SysCtlPeripheralReady
    joy.o(.text) refers to gpio.o(i.GPIOPinTypeGPIOInput) for GPIOPinTypeGPIOInput
    joy.o(.text) refers to adc.o(i.ADCSequenceStepConfigure) for ADCSequenceStepConfigure
    joy.o(.text) refers to gpio.o(i.GPIOPinTypeADC) for GPIOPinTypeADC
    joy.o(.text) refers to adc.o(i.ADCSequenceConfigure) for ADCSequenceConfigure
    joy.o(.text) refers to adc.o(i.ADCSequenceEnable) for ADCSequenceEnable
    joy.o(.text) refers to adc.o(i.ADCIntClear) for ADCIntClear
    joy.o(.text) refers to adc.o(i.ADCProcessorTrigger) for ADCProcessorTrigger
    joy.o(.text) refers to adc.o(i.ADCIntStatus) for ADCIntStatus
    joy.o(.text) refers to adc.o(i.ADCSequenceDataGet) for ADCSequenceDataGet
    joy.o(.text) refers to gpio.o(i.GPIOPinRead) for GPIOPinRead
    rtx_conf_cm.o(.emb_text) refers to rt_cmsis.o(i.osKernelInitialize) for osKernelInitialize
    rtx_conf_cm.o(.emb_text) refers to rt_cmsis.o(i.osThreadCreate) for osThreadCreate
[...]
    i.rt_put_dly                             0x000022c4   Section        0  rt_list.o(i.rt_put_dly)
    i.rt_put_prio                            0x0000230c   Section        0  rt_list.o(i.rt_put_prio)
    i.rt_put_rdy_first                       0x00002344   Section        0  rt_list.o(i.rt_put_rdy_first)
    i.rt_resort_prio                         0x00002358   Section        0  rt_list.o(i.rt_resort_prio)
    i.rt_ret_regs                            0x0000238c   Section        0  hal_cm.o(i.rt_ret_regs)
    rt_ret_regs                              0x0000238d   Thumb Code    16  hal_cm.o(i.rt_ret_regs)
    i.rt_ret_val                             0x0000239c   Section        0  hal_cm.o(i.rt_ret_val)
    i.rt_ret_val2                            0x000023a8   Section        0  hal_cm.o(i.rt_ret_val2)
    i.rt_rmv_dly                             0x000023b8   Section        0  rt_list.o(i.rt_rmv_dly)
    i.rt_rmv_list                            0x000023e0   Section        0  rt_list.o(i.rt_rmv_list)
    i.rt_sem_psh                             0x00002410   Section        0  rt_semaphore.o(i.rt_sem_psh)
    i.rt_stk_check                           0x00002444   Section        0  rt_system.o(i.rt_stk_check)
    i.rt_switch_req                          0x00002468   Section        0  rt_task.o(i.rt_switch_req)
    i.rt_sys_init                            0x00002490   Section        0  rt_task.o(i.rt_sys_init)
    i.rt_sys_start                           0x0000255c   Section        0  rt_task.o(i.rt_sys_start)
    i.rt_systick                             0x000025d4   Section        0  rt_system.o(i.rt_systick)
    i.rt_tid2ptcb                            0x00002614   Section        0  rt_cmsis.o(i.rt_tid2ptcb)
    rt_tid2ptcb                              0x00002615   Thumb Code    18  rt_cmsis.o(i.rt_tid2ptcb)
    i.rt_timer_insert                        0x00002628   Section        0  rt_cmsis.o(i.rt_timer_insert)
    rt_timer_insert                          0x00002629   Thumb Code    48  rt_cmsis.o(i.rt_timer_insert)
    i.rt_timer_remove                        0x0000265c   Section        0  rt_cmsis.o(i.rt_timer_remove)
    rt_timer_remove                          0x0000265d   Thumb Code    56  rt_cmsis.o(i.rt_timer_remove)
    i.rt_tsk_create                          0x00002698   Section        0  rt_task.o(i.rt_tsk_create)
    i.rt_tsk_delete                          0x00002720   Section        0  rt_task.o(i.rt_tsk_delete)
    i.rt_tsk_pass                            0x0000289c   Section        0  rt_task.o(i.rt_tsk_pass)
    i.rt_tsk_prio                            0x000028cc   Section        0  rt_task.o(i.rt_tsk_prio)
    i.rt_tsk_self                            0x00002948   Section        0  rt_task.o(i.rt_tsk_self)
    i.svcDelay                               0x00002958   Section        0  rt_cmsis.o(i.svcDelay)
    i.svcKernelInitialize                    0x0000296c   Section        0  rt_cmsis.o(i.svcKernelInitialize)
    i.svcKernelStart                         0x000029dc   Section        0  rt_cmsis.o(i.svcKernelStart)
    i.svcMessageCreate                       0x00002a24   Section        0  rt_cmsis.o(i.svcMessageCreate)
    i.svcMessageGet                          0x00002a48   Section        0  rt_cmsis.o(i.svcMessageGet)
    i.svcMutexCreate                         0x00002a82   Section        0  rt_cmsis.o(i.svcMutexCreate)
    i.svcSignalSet                           0x00002a9e   Section        0  rt_cmsis.o(i.svcSignalSet)
    i.svcSignalWait                          0x00002ac4   Section        0  rt_cmsis.o(i.svcSignalWait)
    i.svcThreadCreate                        0x00002b18   Section        0  rt_cmsis.o(i.svcThreadCreate)
    i.svcThreadGetId                         0x00002b84   Section        0  rt_cmsis.o(i.svcThreadGetId)
    i.svcThreadTerminate                     0x00002ba0   Section        0  rt_cmsis.o(i.svcThreadTerminate)
    i.svcThreadYield                         0x00002bd8   Section        0  rt_cmsis.o(i.svcThreadYield)
    i.svcTimerCall                           0x00002be2   Section        0  rt_cmsis.o(i.svcTimerCall)
    i.svcTimerCreate                         0x00002bfc   Section        0  rt_cmsis.o(i.svcTimerCreate)
    i.svcTimerStart                          0x00002c34   Section        0  rt_cmsis.o(i.svcTimerStart)
    i.sysTimerTick                           0x00002c98   Section        0  rt_cmsis.o(i.sysTimerTick)
    x$fpl$basic                              0x00002cf4   Section       24  basic.o(x$fpl$basic)
    $v0                                      0x00002cf4   Number         0  basic.o(x$fpl$basic)
    x$fpl$d2f                                0x00002d0c   Section       98  d2f.o(x$fpl$d2f)
    $v0                                      0x00002d0c   Number         0  d2f.o(x$fpl$d2f)
    x$fpl$dadd                               0x00002d70   Section      336  daddsub_clz.o(x$fpl$dadd)
    $v0                                      0x00002d70   Number         0  daddsub_clz.o(x$fpl$dadd)
    _dadd1                                   0x00002d81   Thumb Code     0  daddsub_clz.o(x$fpl$dadd)
    x$fpl$ddiv                               0x00002ec0   Section      688  ddiv.o(x$fpl$ddiv)
    $v0                                      0x00002ec0   Number         0  ddiv.o(x$fpl$ddiv)
    ddiv_entry                               0x00002ec7   Thumb Code     0  ddiv.o(x$fpl$ddiv)
    x$fpl$dfix                               0x00003170   Section       94  dfix.o(x$fpl$dfix)
    $v0                                      0x00003170   Number         0  dfix.o(x$fpl$dfix)
    x$fpl$dflt                               0x000031ce   Section       46  dflt_clz.o(x$fpl$dflt)
    $v0                                      0x000031ce   Number         0  dflt_clz.o(x$fpl$dflt)
    x$fpl$dfltu                              0x000031fc   Section       38  dflt_clz.o(x$fpl$dfltu)
    $v0                                      0x000031fc   Number         0  dflt_clz.o(x$fpl$dfltu)
    x$fpl$dmul                               0x00003224   Section      340  dmul.o(x$fpl$dmul)
    $v0                                      0x00003224   Number         0  dmul.o(x$fpl$dmul)
    x$fpl$dnaninf                            0x00003378   Section      156  dnaninf.o(x$fpl$dnaninf)
    $v0                                      0x00003378   Number         0  dnaninf.o(x$fpl$dnaninf)
    x$fpl$dretinf                            0x00003414   Section       12  dretinf.o(x$fpl$dretinf)
    $v0                                      0x00003414   Number         0  dretinf.o(x$fpl$dretinf)
    x$fpl$drsb                               0x00003420   Section       22  daddsub_clz.o(x$fpl$drsb)
    $v0                                      0x00003420   Number         0  daddsub_clz.o(x$fpl$drsb)
    x$fpl$dsub                               0x00003438   Section      468  daddsub_clz.o(x$fpl$dsub)
    $v0                                      0x00003438   Number         0  daddsub_clz.o(x$fpl$dsub)
    _dsub1                                   0x00003449   Thumb Code     0  daddsub_clz.o(x$fpl$dsub)
    x$fpl$fpinit                             0x0000360c   Section       10  fpinit.o(x$fpl$fpinit)
    $v0                                      0x0000360c   Number         0  fpinit.o(x$fpl$fpinit)
    x$fpl$fretinf                            0x00003616   Section       10  fretinf.o(x$fpl$fretinf)
    $v0                                      0x00003616   Number         0  fretinf.o(x$fpl$fretinf)
    .constdata                               0x00003620   Section       60  exemplotiva.o(.constdata)
    x$fpl$usenofp                            0x00003620   Section        0  usenofp.o(x$fpl$usenofp)
    .constdata                               0x0000365c   Section        2  rtx_conf_cm.o(.constdata)
    .constdata                               0x00003660   Section        4  rtx_conf_cm.o(.constdata)
    .constdata                               0x00003664   Section        4  rtx_conf_cm.o(.constdata)
    .constdata                               0x00003668   Section        4  rtx_conf_cm.o(.constdata)
    .constdata                               0x0000366c   Section        1  rtx_conf_cm.o(.constdata)
    .constdata                               0x00003670   Section       16  rtx_conf_cm.o(.constdata)
    __tagsym$$used                           0x00003670   Number         0  rtx_conf_cm.o(.constdata)
    __tagsym$$used                           0x00003674   Number         0  rtx_conf_cm.o(.constdata)
    __tagsym$$used                           0x00003678   Number         0  rtx_conf_cm.o(.constdata)
    __tagsym$$used                           0x0000367c   Number         0  rtx_conf_cm.o(.constdata)
    .constdata                               0x00003680   Section        2  rtx_conf_cm.o(.constdata)
    .constdata                               0x00003684   Section        4  rtx_conf_cm.o(.constdata)
    .constdata                               0x00003688   Section        4  rtx_conf_cm.o(.constdata)
    .constdata                               0x0000368c   Section        1  rtx_conf_cm.o(.constdata)
    .constdata                               0x00003690   Section       16  rtx_conf_cm.o(.constdata)
    .constdata                               0x000036a0   Section        8  rtx_conf_cm.o(.constdata)
    .constdata                               0x000036a8   Section        2  rtx_conf_cm.o(.constdata)
    .constdata                               0x000036ac   Section       16  rtx_conf_cm.o(.constdata)
    .constdata                               0x000036c0   Section       48  cos_i.o(.constdata)
    C                                        0x000036c0   Data          48  cos_i.o(.constdata)
    .constdata                               0x000036f0   Section      200  rred.o(.constdata)
    pio2s                                    0x000036f0   Data          48  rred.o(.constdata)
    twooverpi                                0x00003720   Data         152  rred.o(.constdata)
    .constdata                               0x000037b8   Section       40  sin_i.o(.constdata)
    S                                        0x000037b8   Data          40  sin_i.o(.constdata)
    .conststring                             0x000037e0   Section       37  exemplotiva.o(.conststring)
    .data                                    0x20000000   Section       24  exemplotiva.o(.data)
    pAscii                                   0x20000000   Data           4  exemplotiva.o(.data)
    .data                                    0x20000018   Section        4  rtx_conf_cm.o(.data)
    .data                                    0x2000001c   Section        4  rtx_conf_cm.o(.data)
    .data                                    0x20000020   Section        4  rtx_conf_cm.o(.data)
    .data                                    0x20000024   Section        4  rtx_conf_cm.o(.data)
    nr_mutex                                 0x20000024   Data           4  rtx_conf_cm.o(.data)
    .data                                    0x20000028   Section        4  system_tm4c129.o(.data)
    .data                                    0x2000002c   Section        8  rt_cmsis.o(.data)
    .data                                    0x20000034   Section        8  rt_task.o(.data)
    .data                                    0x2000003c   Section        8  rt_system.o(.data)
    os_lock                                  0x2000003c   Data           1  rt_system.o(.data)
    os_psh_flag                              0x2000003d   Data           1  rt_system.o(.data)
    pend_flags                               0x2000003e   Data           1  rt_system.o(.data)
    .data                                    0x20000044   Section        4  rt_time.o(.data)
    .data                                    0x20000048   Section        8  rt_robin.o(.data)
    .data                                    0x20000050   Section        1  hal_cm.o(.data)
    .bss                                     0x20000054   Section       16  exemplotiva.o(.bss)
    .bss                                     0x20000064   Section       24  exemplotiva.o(.bss)
    .bss                                     0x2000007c   Section       32  rtx_conf_cm.o(.bss)
    .bss                                     0x2000009c   Section      584  rtx_conf_cm.o(.bss)
    .bss                                     0x200002e8   Section     8016  rtx_conf_cm.o(.bss)
    .bss                                     0x20002238   Section     1032  rtx_conf_cm.o(.bss)
    .bss                                     0x20002640   Section      132  rtx_conf_cm.o(.bss)
    .bss                                     0x200026c4   Section       44  rtx_conf_cm.o(.bss)
    .bss                                     0x200026f0   Section     1184  rtx_conf_cm.o(.bss)
    std_libspace                             0x200026f0   Data        1056  rtx_conf_cm.o(.bss)
    std_libmutex                             0x20002b10   Data         128  rtx_conf_cm.o(.bss)
    .bss                                     0x20002b90   Section       52  rt_task.o(.bss)
    .bss                                     0x20002bc4   Section       48  rt_list.o(.bss)
    .bss                                     0x20002bf4   Section       96  libspace.o(.bss)
    HEAP                                     0x20002c58   Section        0  startup_tm4c129.o(HEAP)
    STACK                                    0x20002c58   Section      512  startup_tm4c129.o(STACK)
    Heap_Mem                                 0x20002c58   Data           0  startup_tm4c129.o(HEAP)
    Stack_Mem                                0x20002c58   Data         512  startup_tm4c129.o(STACK)
    __initial_sp                             0x20002e58   Data           0  startup_tm4c129.o(STACK)

    Global Symbols

    Symbol Name                              Value     Ov Type        Size  Object(Section)

    BuildAttributes$$THM_ISAv4$E$P$D$K$B$S$7EM$VFPi3$EXTD16$VFPS$VFMA$PE$A:L22UL41UL21$X:L11$S22US41US21$IEEE1$IW$USESV6$~STKCKD$USESV7$~SHL$OTIME$ROPI$IEEEX$EBA8$UX$STANDARDLIB$REQ8$PRES8$EABIv2 0x00000000   Number         0  anon$$obj.o ABSOLUTE
    __ARM_use_no_argv                        0x00000000   Number         0  exemplotiva.o ABSOLUTE
    __Vectors                                0x00000000   Data           4  startup_tm4c129.o(RESET)
    __ARM_exceptions_init                     - Undefined Weak Reference
    __alloca_initialize                       - Undefined Weak Reference
    __arm_preinit_                            - Undefined Weak Reference
    __cpp_initialize__aeabi_                  - Undefined Weak Reference
    __cxa_finalize                            - Undefined Weak Reference
    __rt_locale                               - Undefined Weak Reference
    __sigvec_lookup                           - Undefined Weak Reference
    _atexit_init                              - Undefined Weak Reference
    _call_atexit_fns                          - Undefined Weak Reference
    _clock_init                               - Undefined Weak Reference
    _fp_trap_init                             - Undefined Weak Reference
    _fp_trap_shutdown                         - Undefined Weak Reference
    _get_lc_collate                           - Undefined Weak Reference
    _get_lc_ctype                             - Undefined Weak Reference
    _get_lc_monetary                          - Undefined Weak Reference
    _get_lc_numeric                           - Undefined Weak Reference
    _get_lc_time                              - Undefined Weak Reference
    _getenv_init                              - Undefined Weak Reference
    _handle_redirection                       - Undefined Weak Reference
    _init_alloc                               - Undefined Weak Reference
    _init_user_alloc                          - Undefined Weak Reference
    _initio                                   - Undefined Weak Reference
    _rand_init                                - Undefined Weak Reference
    _signal_finish                            - Undefined Weak Reference
    _signal_init                              - Undefined Weak Reference
    _terminate_alloc                          - Undefined Weak Reference
    _terminate_user_alloc                     - Undefined Weak Reference
    _terminateio                              - Undefined Weak Reference
    __Vectors_End                            0x00000200   Data           0  startup_tm4c129.o(RESET)
    __Vectors_Size                           0x00000200   Number         0  startup_tm4c129.o ABSOLUTE
    __main                                   0x00000201   Thumb Code     8  __main.o(!!!main)
    __scatterload                            0x00000209   Thumb Code     0  __scatter.o(!!!scatter)
    __scatterload_rt2                        0x00000209   Thumb Code    44  __scatter.o(!!!scatter)
    __scatterload_rt2_thumb_only             0x00000209   Thumb Code     0  __scatter.o(!!!scatter)
    __scatterload_null                       0x00000217   Thumb Code     0  __scatter.o(!!!scatter)
    __scatterload_copy                       0x0000023d   Thumb Code    26  __scatter_copy.o(!!handler_copy)
    __scatterload_zeroinit                   0x00000259   Thumb Code    28  __scatter_zi.o(!!handler_zi)
    __rt_lib_init                            0x00000275   Thumb Code     0  libinit.o(.ARM.Collect$$libinit$$00000000)
    __rt_lib_init_fp_1                       0x00000277   Thumb Code     0  libinit2.o(.ARM.Collect$$libinit$$00000001)
    __rt_lib_init_alloca_1                   0x0000027b   Thumb Code     0  libinit2.o(.ARM.Collect$$libinit$$0000002E)
    __rt_lib_init_argv_1                     0x0000027b   Thumb Code     0  libinit2.o(.ARM.Collect$$libinit$$0000002C)
    __rt_lib_init_atexit_1                   0x0000027b   Thumb Code     0  libinit2.o(.ARM.Collect$$libinit$$0000001B)
    __rt_lib_init_clock_1                    0x0000027b   Thumb Code     0  libinit2.o(.ARM.Collect$$libinit$$00000021)
    __rt_lib_init_cpp_1                      0x0000027b   Thumb Code     0  libinit2.o(.ARM.Collect$$libinit$$00000032)
    __rt_lib_init_exceptions_1               0x0000027b   Thumb Code     0  libinit2.o(.ARM.Collect$$libinit$$00000030)
    __rt_lib_init_fp_trap_1                  0x0000027b   Thumb Code     0  libinit2.o(.ARM.Collect$$libinit$$0000001F)
    __rt_lib_init_getenv_1                   0x0000027b   Thumb Code     0  libinit2.o(.ARM.Collect$$libinit$$00000023)
    __rt_lib_init_heap_1                     0x0000027b   Thumb Code     0  libinit2.o(.ARM.Collect$$libinit$$0000000A)
    __rt_lib_init_lc_collate_1               0x0000027b   Thumb Code     0  libinit2.o(.ARM.Collect$$libinit$$00000011)
    __rt_lib_init_lc_ctype_1                 0x0000027b   Thumb Code     0  libinit2.o(.ARM.Collect$$libinit$$00000013)
    __rt_lib_init_lc_monetary_1              0x0000027b   Thumb Code     0  libinit2.o(.ARM.Collect$$libinit$$00000015)
    __rt_lib_init_lc_numeric_1               0x0000027b   Thumb Code     0  libinit2.o(.ARM.Collect$$libinit$$00000017)
    __rt_lib_init_lc_time_1                  0x0000027b   Thumb Code     0  libinit2.o(.ARM.Collect$$libinit$$00000019)
    __rt_lib_init_preinit_1                  0x0000027b   Thumb Code     0  libinit2.o(.ARM.Collect$$libinit$$00000004)
    __rt_lib_init_rand_1                     0x0000027b   Thumb Code     0  libinit2.o(.ARM.Collect$$libinit$$0000000E)
    __rt_lib_init_return                     0x0000027b   Thumb Code     0  libinit2.o(.ARM.Collect$$libinit$$00000033)
    __rt_lib_init_signal_1                   0x0000027b   Thumb Code     0  libinit2.o(.ARM.Collect$$libinit$$0000001D)
    __rt_lib_init_stdio_1                    0x0000027b   Thumb Code     0  libinit2.o(.ARM.Collect$$libinit$$00000025)
    __rt_lib_init_user_alloc_1               0x0000027b   Thumb Code     0  libinit2.o(.ARM.Collect$$libinit$$0000000C)
    __rt_lib_shutdown                        0x0000027d   Thumb Code     0  libshutdown.o(.ARM.Collect$$libshutdown$$00000000)
    __rt_lib_shutdown_cpp_1                  0x0000027f   Thumb Code     0  libshutdown2.o(.ARM.Collect$$libshutdown$$00000002)
    __rt_lib_shutdown_fp_trap_1              0x0000027f   Thumb Code     0  libshutdown2.o(.ARM.Collect$$libshutdown$$00000007)
    __rt_lib_shutdown_heap_1                 0x0000027f   Thumb Code     0  libshutdown2.o(.ARM.Collect$$libshutdown$$0000000F)
    __rt_lib_shutdown_return                 0x0000027f   Thumb Code     0  libshutdown2.o(.ARM.Collect$$libshutdown$$00000010)
    __rt_lib_shutdown_signal_1               0x0000027f   Thumb Code     0  libshutdown2.o(.ARM.Collect$$libshutdown$$0000000A)
    __rt_lib_shutdown_stdio_1                0x0000027f   Thumb Code     0  libshutdown2.o(.ARM.Collect$$libshutdown$$00000004)
    __rt_lib_shutdown_user_alloc_1           0x0000027f   Thumb Code     0  libshutdown2.o(.ARM.Collect$$libshutdown$$0000000C)
    __rt_entry                               0x00000281   Thumb Code     0  __rtentry.o(.ARM.Collect$$rtentry$$00000000)
    __rt_entry_presh_1                       0x00000281   Thumb Code     0  __rtentry2.o(.ARM.Collect$$rtentry$$00000002)
    __rt_entry_sh                            0x00000281   Thumb Code     0  __rtentry4.o(.ARM.Collect$$rtentry$$00000004)
    __rt_entry_li                            0x00000287   Thumb Code     0  __rtentry2.o(.ARM.Collect$$rtentry$$0000000A)
    __rt_entry_postsh_1                      0x00000287   Thumb Code     0  __rtentry2.o(.ARM.Collect$$rtentry$$00000009)
    __rt_entry_postli_1                      0x0000028b   Thumb Code     0  __rtentry2.o(.ARM.Collect$$rtentry$$0000000B)
    __rt_entry_main                          0x00000293   Thumb Code     0  __rtentry2.o(.ARM.Collect$$rtentry$$0000000D)
    __rt_exit                                0x0000029b   Thumb Code     0  rtexit.o(.ARM.Collect$$rtexit$$00000000)
    __rt_exit_ls                             0x0000029d   Thumb Code     0  rtexit2.o(.ARM.Collect$$rtexit$$00000003)
    __rt_exit_prels_1                        0x0000029d   Thumb Code     0  rtexit2.o(.ARM.Collect$$rtexit$$00000002)
    __rt_exit_exit                           0x000002a1   Thumb Code     0  rtexit2.o(.ARM.Collect$$rtexit$$00000004)
    _platform_post_lib_init                  0x000002a9   Thumb Code    24  rtx_conf_cm.o(.emb_text)
    rt_set_PSP                               0x000002c5   Thumb Code     6  hal_cm4.o(.emb_text)
    rt_get_PSP                               0x000002cb   Thumb Code     6  hal_cm4.o(.emb_text)
    os_set_env                               0x000002d1   Thumb Code    24  hal_cm4.o(.emb_text)
    _alloc_box                               0x000002ed   Thumb Code    28  hal_cm4.o(.emb_text)
    _free_box                                0x0000030d   Thumb Code    28  hal_cm4.o(.emb_text)
    SVC_Handler                              0x0000032d   Thumb Code   168  hal_cm4.o(.emb_text)
    PendSV_Handler                           0x000003e5   Thumb Code    96  hal_cm4.o(.emb_text)
    SysTick_Handler                          0x00000449   Thumb Code     8  hal_cm4.o(.emb_text)
    OS_Tick_Handler                          0x00000451   Thumb Code    12  hal_cm4.o(.emb_text)
    __RL_RTX_VER                             0x00000482   Number         0  rt_system.o ABSOLUTE
    init_all                                 0x00000527   Thumb Code    18  exemplotiva.o(.text)
    gerarOnda                                0x00000539   Thumb Code   146  exemplotiva.o(.text)
    PWM_Update                               0x000005cb   Thumb Code    84  exemplotiva.o(.text)
    UART_Publish                             0x0000061f   Thumb Code    46  exemplotiva.o(.text)
    UART_Subscriber                          0x0000064d   Thumb Code    14  exemplotiva.o(.text)
    refresh                                  0x0000065b   Thumb Code    24  exemplotiva.o(.text)
    Init_Thread                              0x00000673   Thumb Code    94  exemplotiva.o(.text)
    main                                     0x000006d1   Thumb Code    30  exemplotiva.o(.text)
    TIMER0A_Handler                          0x000006ef   Thumb Code    20  exemplotiva.o(.text)
    UART0_Handler                            0x00000703   Thumb Code    20  exemplotiva.o(.text)
    PWM_init                                 0x00000765   Thumb Code   148  pwm.o(.text)
    PWM_set_duty                             0x000007f9   Thumb Code     8  pwm.o(.text)
    timer_init                               0x00000815   Thumb Code    76  timer.o(.text)
    timer_change                             0x00000861   Thumb Code    18  timer.o(.text)
    set_frequency                            0x00000873   Thumb Code    16  timer.o(.text)
    readChar                                 0x00000899   Thumb Code    32  uart.o(.text)
    printChar                                0x000008b9   Thumb Code    32  uart.o(.text)
    printString                              0x000008d9   Thumb Code    20  uart.o(.text)
    UART_init                                0x000008ed   Thumb Code   134  uart.o(.text)
    os_idle_demon                            0x0000098d   Thumb Code     2  rtx_conf_cm.o(.text)
    os_error                                 0x0000098f   Thumb Code     2  rtx_conf_cm.o(.text)
    __user_perthread_libspace                0x00000991   Thumb Code    32  rtx_conf_cm.o(.text)
    _mutex_initialize                        0x000009b1   Thumb Code    34  rtx_conf_cm.o(.text)
    _mutex_acquire                           0x000009d3   Thumb Code    22  rtx_conf_cm.o(.text)
    _mutex_release                           0x000009e9   Thumb Code    18  rtx_conf_cm.o(.text)
    Reset_Handler                            0x00000a19   Thumb Code     8  startup_tm4c129.o(.text)
    NMI_Handler                              0x00000a21   Thumb Code     2  startup_tm4c129.o(.text)
    HardFault_Handler                        0x00000a23   Thumb Code     2  startup_tm4c129.o(.text)
    MemManage_Handler                        0x00000a25   Thumb Code     2  startup_tm4c129.o(.text)
    BusFault_Handler                         0x00000a27   Thumb Code     2  startup_tm4c129.o(.text)
    UsageFault_Handler                       0x00000a29   Thumb Code     2  startup_tm4c129.o(.text)
    DebugMon_Handler                         0x00000a2d   Thumb Code     2  startup_tm4c129.o(.text)
    GPIOA_Handler                            0x00000a33   Thumb Code     2  startup_tm4c129.o(.text)
    GPIOB_Handler                            0x00000a35   Thumb Code     2  startup_tm4c129.o(.text)
    GPIOC_Handler                            0x00000a37   Thumb Code     2  startup_tm4c129.o(.text)
    GPIOD_Handler                            0x00000a39   Thumb Code     2  startup_tm4c129.o(.text)
    GPIOE_Handler                            0x00000a3b   Thumb Code     2  startup_tm4c129.o(.text)
    UART1_Handler                            0x00000a3f   Thumb Code     2  startup_tm4c129.o(.text)
    SSI0_Handler                             0x00000a41   Thumb Code     2  startup_tm4c129.o(.text)
    I2C0_Handler                             0x00000a43   Thumb Code     2  startup_tm4c129.o(.text)
    PMW0_FAULT_Handler                       0x00000a45   Thumb Code     2  startup_tm4c129.o(.text)
    PWM0_0_Handler                           0x00000a47   Thumb Code     2  startup_tm4c129.o(.text)
    PWM0_1_Handler                           0x00000a49   Thumb Code     2  startup_tm4c129.o(.text)
    PWM0_2_Handler                           0x00000a4b   Thumb Code     2  startup_tm4c129.o(.text)
    QEI0_Handler                             0x00000a4d   Thumb Code     2  startup_tm4c129.o(.text)
    ADC0SS0_Handler                          0x00000a4f   Thumb Code     2  startup_tm4c129.o(.text)
    ADC0SS1_Handler                          0x00000a51   Thumb Code     2  startup_tm4c129.o(.text)
    ADC0SS2_Handler                          0x00000a53   Thumb Code     2  startup_tm4c129.o(.text)
    ADC0SS3_Handler                          0x00000a55   Thumb Code     2  startup_tm4c129.o(.text)
    WDT0_Handler                             0x00000a57   Thumb Code     2  startup_tm4c129.o(.text)
    TIMER0B_Handler                          0x00000a5b   Thumb Code     2  startup_tm4c129.o(.text)
    TIMER1A_Handler                          0x00000a5d   Thumb Code     2  startup_tm4c129.o(.text)
    TIMER1B_Handler                          0x00000a5f   Thumb Code     2  startup_tm4c129.o(.text)
    TIMER2A_Handler                          0x00000a61   Thumb Code     2  startup_tm4c129.o(.text)
    TIMER2B_Handler                          0x00000a63   Thumb Code     2  startup_tm4c129.o(.text)
    COMP0_Handler                            0x00000a65   Thumb Code     2  startup_tm4c129.o(.text)
    COMP1_Handler                            0x00000a67   Thumb Code     2  startup_tm4c129.o(.text)
    COMP2_Handler                            0x00000a69   Thumb Code     2  startup_tm4c129.o(.text)
    SYSCTL_Handler                           0x00000a6b   Thumb Code     2  startup_tm4c129.o(.text)
    FLASH_Handler                            0x00000a6d   Thumb Code     2  startup_tm4c129.o(.text)
    GPIOF_Handler                            0x00000a6f   Thumb Code     2  startup_tm4c129.o(.text)
    GPIOG_Handler                            0x00000a71   Thumb Code     2  startup_tm4c129.o(.text)
    GPIOH_Handler                            0x00000a73   Thumb Code     2  startup_tm4c129.o(.text)
    UART2_Handler                            0x00000a75   Thumb Code     2  startup_tm4c129.o(.text)
    SSI1_Handler                             0x00000a77   Thumb Code     2  startup_tm4c129.o(.text)
    TIMER3A_Handler                          0x00000a79   Thumb Code     2  startup_tm4c129.o(.text)
    TIMER3B_Handler                          0x00000a7b   Thumb Code     2  startup_tm4c129.o(.text)
    I2C1_Handler                             0x00000a7d   Thumb Code     2  startup_tm4c129.o(.text)
    CAN0_Handler                             0x00000a7f   Thumb Code     2  startup_tm4c129.o(.text)
    CAN1_Handler                             0x00000a81   Thumb Code     2  startup_tm4c129.o(.text)
    ETH_Handler                              0x00000a83   Thumb Code     2  startup_tm4c129.o(.text)
    HIB_Handler                              0x00000a85   Thumb Code     2  startup_tm4c129.o(.text)
    USB0_Handler                             0x00000a87   Thumb Code     2  startup_tm4c129.o(.text)
    PWM0_3_Handler                           0x00000a89   Thumb Code     2  startup_tm4c129.o(.text)
    UDMA_Handler                             0x00000a8b   Thumb Code     2  startup_tm4c129.o(.text)
    UDMAERR_Handler                          0x00000a8d   Thumb Code     2  startup_tm4c129.o(.text)
    ADC1SS0_Handler                          0x00000a8f   Thumb Code     2  startup_tm4c129.o(.text)
    ADC1SS1_Handler                          0x00000a91   Thumb Code     2  startup_tm4c129.o(.text)
    ADC1SS2_Handler                          0x00000a93   Thumb Code     2  startup_tm4c129.o(.text)
    ADC1SS3_Handler                          0x00000a95   Thumb Code     2  startup_tm4c129.o(.text)
    EBI0_Handler                             0x00000a97   Thumb Code     2  startup_tm4c129.o(.text)
    GPIOJ_Handler                            0x00000a99   Thumb Code     2  startup_tm4c129.o(.text)
    GPIOK_Handler                            0x00000a9b   Thumb Code     2  startup_tm4c129.o(.text)
    GPIOL_Handler                            0x00000a9d   Thumb Code     2  startup_tm4c129.o(.text)
    SSI2_Handler                             0x00000a9f   Thumb Code     2  startup_tm4c129.o(.text)
    SSI3_Handler                             0x00000aa1   Thumb Code     2  startup_tm4c129.o(.text)
    UART3_Handler                            0x00000aa3   Thumb Code     2  startup_tm4c129.o(.text)
    UART4_Handler                            0x00000aa5   Thumb Code     2  startup_tm4c129.o(.text)
    UART5_Handler                            0x00000aa7   Thumb Code     2  startup_tm4c129.o(.text)
    UART6_Handler                            0x00000aa9   Thumb Code     2  startup_tm4c129.o(.text)
    UART7_Handler                            0x00000aab   Thumb Code     2  startup_tm4c129.o(.text)
    I2C2_Handler                             0x00000aad   Thumb Code     2  startup_tm4c129.o(.text)
    I2C3_Handler                             0x00000aaf   Thumb Code     2  startup_tm4c129.o(.text)
    TIMER4A_Handler                          0x00000ab1   Thumb Code     2  startup_tm4c129.o(.text)
    TIMER4B_Handler                          0x00000ab3   Thumb Code     2  startup_tm4c129.o(.text)
    TIMER5A_Handler                          0x00000ab5   Thumb Code     2  startup_tm4c129.o(.text)
    TIMER5B_Handler                          0x00000ab7   Thumb Code     2  startup_tm4c129.o(.text)
    WTIMER0A_Handler                         0x00000ab9   Thumb Code     2  startup_tm4c129.o(.text)
    WTIMER0B_Handler                         0x00000abb   Thumb Code     2  startup_tm4c129.o(.text)
    WTIMER1A_Handler                         0x00000abd   Thumb Code     2  startup_tm4c129.o(.text)
    WTIMER1B_Handler                         0x00000abf   Thumb Code     2  startup_tm4c129.o(.text)
    WTIMER2A_Handler                         0x00000ac1   Thumb Code     2  startup_tm4c129.o(.text)
    WTIMER2B_Handler                         0x00000ac3   Thumb Code     2  startup_tm4c129.o(.text)
    WTIMER3A_Handler                         0x00000ac5   Thumb Code     2  startup_tm4c129.o(.text)
    WTIMER3B_Handler                         0x00000ac7   Thumb Code     2  startup_tm4c129.o(.text)
    WTIMER4A_Handler                         0x00000ac9   Thumb Code     2  startup_tm4c129.o(.text)
    WTIMER4B_Handler                         0x00000acb   Thumb Code     2  startup_tm4c129.o(.text)
    WTIMER5A_Handler                         0x00000acd   Thumb Code     2  startup_tm4c129.o(.text)
    WTIMER5B_Handler                         0x00000acf   Thumb Code     2  startup_tm4c129.o(.text)
    FPU_Handler                              0x00000ad1   Thumb Code     2  startup_tm4c129.o(.text)
    I2C4_Handler                             0x00000ad3   Thumb Code     2  startup_tm4c129.o(.text)
    I2C5_Handler                             0x00000ad5   Thumb Code     2  startup_tm4c129.o(.text)
    GPIOM_Handler                            0x00000ad7   Thumb Code     2  startup_tm4c129.o(.text)
    GPION_Handler                            0x00000ad9   Thumb Code     2  startup_tm4c129.o(.text)
    TAMPER_Handler                           0x00000adb   Thumb Code     2  startup_tm4c129.o(.text)
    GPIOP0_Handler                           0x00000add   Thumb Code     2  startup_tm4c129.o(.text)
    GPIOP1_Handler                           0x00000adf   Thumb Code     2  startup_tm4c129.o(.text)
    GPIOP2_Handler                           0x00000ae1   Thumb Code     2  startup_tm4c129.o(.text)
    GPIOP3_Handler                           0x00000ae3   Thumb Code     2  startup_tm4c129.o(.text)
    GPIOP4_Handler                           0x00000ae5   Thumb Code     2  startup_tm4c129.o(.text)
    GPIOP5_Handler                           0x00000ae7   Thumb Code     2  startup_tm4c129.o(.text)
    GPIOP6_Handler                           0x00000ae9   Thumb Code     2  startup_tm4c129.o(.text)
    GPIOP7_Handler                           0x00000aeb   Thumb Code     2  startup_tm4c129.o(.text)
    GPIOQ0_Handler                           0x00000aed   Thumb Code     2  startup_tm4c129.o(.text)
    GPIOQ1_Handler                           0x00000aef   Thumb Code     2  startup_tm4c129.o(.text)
    GPIOQ2_Handler                           0x00000af1   Thumb Code     2  startup_tm4c129.o(.text)
    GPIOQ3_Handler                           0x00000af3   Thumb Code     2  startup_tm4c129.o(.text)
    GPIOQ4_Handler                           0x00000af5   Thumb Code     2  startup_tm4c129.o(.text)
    GPIOQ5_Handler                           0x00000af7   Thumb Code     2  startup_tm4c129.o(.text)
    GPIOQ6_Handler                           0x00000af9   Thumb Code     2  startup_tm4c129.o(.text)
    GPIOQ7_Handler                           0x00000afb   Thumb Code     2  startup_tm4c129.o(.text)
    GPIOR_Handler                            0x00000afd   Thumb Code     2  startup_tm4c129.o(.text)
    GPIOS_Handler                            0x00000aff   Thumb Code     2  startup_tm4c129.o(.text)
    SHAMD5_Handler                           0x00000b01   Thumb Code     2  startup_tm4c129.o(.text)
    AES_Handler                              0x00000b03   Thumb Code     2  startup_tm4c129.o(.text)
    DES3DES_Handler                          0x00000b05   Thumb Code     2  startup_tm4c129.o(.text)
    LCDCONTROLLER_Handler                    0x00000b07   Thumb Code     2  startup_tm4c129.o(.text)
    TIMER6A_Handler                          0x00000b09   Thumb Code     2  startup_tm4c129.o(.text)
    TIMER6B_Handler                          0x00000b0b   Thumb Code     2  startup_tm4c129.o(.text)
    TIMER7A_Handler                          0x00000b0d   Thumb Code     2  startup_tm4c129.o(.text)
    TIMER7B_Handler                          0x00000b0f   Thumb Code     2  startup_tm4c129.o(.text)
    I2C6_Handler                             0x00000b11   Thumb Code     2  startup_tm4c129.o(.text)
    I2C7_Handler                             0x00000b13   Thumb Code     2  startup_tm4c129.o(.text)
    HIMSCANKEYBOARD_Handler                  0x00000b15   Thumb Code     2  startup_tm4c129.o(.text)
    ONEWIRE_Handler                          0x00000b17   Thumb Code     2  startup_tm4c129.o(.text)
    HIMPS2_Handler                           0x00000b19   Thumb Code     2  startup_tm4c129.o(.text)
    HIMLEDSEQUENCER_Handler                  0x00000b1b   Thumb Code     2  startup_tm4c129.o(.text)
    HIMCONSUMERIR_Handler                    0x00000b1d   Thumb Code     2  startup_tm4c129.o(.text)
    I2C8_Handler                             0x00000b1f   Thumb Code     2  startup_tm4c129.o(.text)
    I2C9_Handler                             0x00000b21   Thumb Code     2  startup_tm4c129.o(.text)
    GPIOT_Handler                            0x00000b23   Thumb Code     2  startup_tm4c129.o(.text)
    __user_initial_stackheap                 0x00000b25   Thumb Code     0  startup_tm4c129.o(.text)
    SystemCoreClockUpdate                    0x00000b45   Thumb Code     8  system_tm4c129.o(.text)
    SystemInit                               0x00000b4d   Thumb Code    18  system_tm4c129.o(.text)
    __user_libspace                          0x00000b6d   Thumb Code     8  libspace.o(.text)
    __user_perproc_libspace                  0x00000b6d   Thumb Code     0  libspace.o(.text)
    __aeabi_uldivmod                         0x00000b75   Thumb Code     0  lludivv7m.o(.text)
    _ll_udiv                                 0x00000b75   Thumb Code   238  lludivv7m.o(.text)
    __aeabi_ldivmod                          0x00000c63   Thumb Code     0  llsdiv.o(.text)
    _ll_sdiv                                 0x00000c63   Thumb Code    72  llsdiv.o(.text)
    exit                                     0x00000cab   Thumb Code    18  exit.o(.text)
    __use_two_region_memory                  0x00000cbd   Thumb Code     2  heapauxi.o(.text)
    __rt_heap_escrow$2region                 0x00000cbf   Thumb Code     2  heapauxi.o(.text)
    __rt_heap_expand$2region                 0x00000cc1   Thumb Code     2  heapauxi.o(.text)
    __read_errno                             0x00000cc3   Thumb Code    10  _rserrno.o(.text)
    __set_errno                              0x00000ccd   Thumb Code    12  _rserrno.o(.text)
    __aeabi_errno_addr                       0x00000cd9   Thumb Code     4  rt_errno_addr_twolibspace.o(.text)
    __errno$twolibspace                      0x00000cd9   Thumb Code     0  rt_errno_addr_twolibspace.o(.text)
    __rt_errno_addr$twolibspace              0x00000cd9   Thumb Code     0  rt_errno_addr_twolibspace.o(.text)
    _sys_exit                                0x00000cdd   Thumb Code     8  sys_exit.o(.text)
    __user_setup_stackheap                   0x00000ce9   Thumb Code    74  sys_stackheap_outer.o(.text)
    __I$use$semihosting                      0x00000d33   Thumb Code     0  use_no_semi.o(.text)
    __use_no_semihosting_swi                 0x00000d33   Thumb Code     2  use_no_semi.o(.text)
    SVC_Count                                0x00000d34   Data           4  svc_table.o(SVC_TABLE)
    __semihosting_library_function           0x00000d35   Thumb Code     0  indicate_semi.o(.text)
    SVC_Table                                0x00000d38   Data           0  svc_table.o(SVC_TABLE)
    __ARM_fpclassify                         0x00000d39   Thumb Code    48  fpclassify.o(i.__ARM_fpclassify)
    __hardfp_sin                             0x00000d69   Thumb Code   180  sin.o(i.__hardfp_sin)
    __ieee754_rem_pio2                       0x00000e31   Thumb Code   938  rred.o(i.__ieee754_rem_pio2)
    __kernel_cos                             0x00001269   Thumb Code   322  cos_i.o(i.__kernel_cos)
    __kernel_poly                            0x000013d9   Thumb Code   248  poly.o(i.__kernel_poly)
    __kernel_sin                             0x000014d1   Thumb Code   280  sin_i.o(i.__kernel_sin)
    __mathlib_dbl_infnan                     0x00001601   Thumb Code    20  dunder.o(i.__mathlib_dbl_infnan)
    __mathlib_dbl_invalid                    0x00001619   Thumb Code    24  dunder.o(i.__mathlib_dbl_invalid)
    __mathlib_dbl_underflow                  0x00001639   Thumb Code    24  dunder.o(i.__mathlib_dbl_underflow)
    _init_box                                0x00001659   Thumb Code    70  rt_membox.o(i._init_box)
    dbg_init                                 0x000016a1   Thumb Code    34  hal_cm.o(i.dbg_init)
    dbg_task_notify                          0x000016d1   Thumb Code    32  hal_cm.o(i.dbg_task_notify)
    dbg_task_switch                          0x000016f1   Thumb Code    16  hal_cm.o(i.dbg_task_switch)
    fabs                                     0x00001701   Thumb Code    24  fabs.o(i.fabs)
    isrMessageGet                            0x00001719   Thumb Code    42  rt_cmsis.o(i.isrMessageGet)
    isrMessagePut                            0x00001743   Thumb Code    44  rt_cmsis.o(i.isrMessagePut)
    isrSignalSet                             0x0000176f   Thumb Code    36  rt_cmsis.o(i.isrSignalSet)
    isr_evt_set                              0x00001795   Thumb Code    34  rt_event.o(i.isr_evt_set)
    isr_mbx_receive                          0x000017bd   Thumb Code    86  rt_mailbox.o(i.isr_mbx_receive)
    isr_mbx_send                             0x00001813   Thumb Code    14  rt_mailbox.o(i.isr_mbx_send)
    osDelay                                  0x00001821   Thumb Code    18  rt_cmsis.o(i.osDelay)
    osKernelInitialize                       0x00001839   Thumb Code    30  rt_cmsis.o(i.osKernelInitialize)
    osKernelStart                            0x0000185d   Thumb Code    98  rt_cmsis.o(i.osKernelStart)
    osMessageGet                             0x000018c9   Thumb Code    18  rt_cmsis.o(i.osMessageGet)
    osMutexCreate                            0x000018e1   Thumb Code    36  rt_cmsis.o(i.osMutexCreate)
    osSignalSet                              0x0000190d   Thumb Code    18  rt_cmsis.o(i.osSignalSet)
    osSignalWait                             0x00001925   Thumb Code    18  rt_cmsis.o(i.osSignalWait)
    osThreadCreate                           0x0000193d   Thumb Code    36  rt_cmsis.o(i.osThreadCreate)
    osThreadExit                             0x00001969   Thumb Code    14  rt_cmsis.o(i.osThreadExit)
    osThreadYield                            0x00001981   Thumb Code    18  rt_cmsis.o(i.osThreadYield)
    osTimerCall                              0x00001999   Thumb Code     8  rt_cmsis.o(i.osTimerCall)
    osTimerCreate                            0x000019a5   Thumb Code    36  rt_cmsis.o(i.osTimerCreate)
    osTimerStart                             0x000019d1   Thumb Code    18  rt_cmsis.o(i.osTimerStart)
    osTimerThread                            0x000019e9   Thumb Code    38  rt_cmsis.o(i.osTimerThread)
    os_tick_init                             0x00001a15   Thumb Code    32  rt_system.o(i.os_tick_init)
    os_tick_irqack                           0x00001a3d   Thumb Code     2  rt_system.o(i.os_tick_irqack)
    rt_alloc_box                             0x00001a3f   Thumb Code    26  rt_membox.o(i.rt_alloc_box)
    rt_alloc_mem                             0x00001a59   Thumb Code    62  rt_memory.o(i.rt_alloc_mem)
    rt_block                                 0x00001a99   Thumb Code    48  rt_task.o(i.rt_block)
    rt_chk_robin                             0x00001ad1   Thumb Code    60  rt_robin.o(i.rt_chk_robin)
    rt_dec_dly                               0x00001b19   Thumb Code   102  rt_list.o(i.rt_dec_dly)
    rt_dispatch                              0x00001b89   Thumb Code    60  rt_task.o(i.rt_dispatch)
    rt_dly_wait                              0x00001bcd   Thumb Code     6  rt_time.o(i.rt_dly_wait)
    rt_evt_psh                               0x00001bd5   Thumb Code    76  rt_event.o(i.rt_evt_psh)
    rt_evt_set                               0x00001c25   Thumb Code    88  rt_event.o(i.rt_evt_set)
    rt_evt_wait                              0x00001c81   Thumb Code    56  rt_event.o(i.rt_evt_wait)
    rt_free_box                              0x00001cbd   Thumb Code    44  rt_membox.o(i.rt_free_box)
    rt_free_mem                              0x00001ce9   Thumb Code    40  rt_memory.o(i.rt_free_mem)
    rt_get_first                             0x00001d11   Thumb Code    40  rt_list.o(i.rt_get_first)
    rt_get_same_rdy_prio                     0x00001d39   Thumb Code    26  rt_list.o(i.rt_get_same_rdy_prio)
    rt_init_mem                              0x00001dad   Thumb Code    26  rt_memory.o(i.rt_init_mem)
    rt_init_robin                            0x00001dc9   Thumb Code    14  rt_robin.o(i.rt_init_robin)
    rt_init_stack                            0x00001de1   Thumb Code   118  hal_cm.o(i.rt_init_stack)
    rt_mbx_check                             0x00001e61   Thumb Code     8  rt_mailbox.o(i.rt_mbx_check)
    rt_mbx_init                              0x00001e69   Thumb Code    26  rt_mailbox.o(i.rt_mbx_init)
    rt_mbx_psh                               0x00001e85   Thumb Code   236  rt_mailbox.o(i.rt_mbx_psh)
    rt_mbx_wait                              0x00001f75   Thumb Code   174  rt_mailbox.o(i.rt_mbx_wait)
    rt_mut_init                              0x0000206d   Thumb Code    16  rt_mutex.o(i.rt_mut_init)
    rt_mut_release                           0x0000207d   Thumb Code   208  rt_mutex.o(i.rt_mut_release)
    rt_mut_wait                              0x00002155   Thumb Code   114  rt_mutex.o(i.rt_mut_wait)
    rt_pop_req                               0x000021cd   Thumb Code   112  rt_system.o(i.rt_pop_req)
    rt_psh_req                               0x00002249   Thumb Code    22  rt_system.o(i.rt_psh_req)
    rt_psq_enq                               0x00002269   Thumb Code    88  rt_list.o(i.rt_psq_enq)
    rt_put_dly                               0x000022c5   Thumb Code    68  rt_list.o(i.rt_put_dly)
    rt_put_prio                              0x0000230d   Thumb Code    54  rt_list.o(i.rt_put_prio)
    rt_put_rdy_first                         0x00002345   Thumb Code    14  rt_list.o(i.rt_put_rdy_first)
    rt_resort_prio                           0x00002359   Thumb Code    46  rt_list.o(i.rt_resort_prio)
    rt_ret_val                               0x0000239d   Thumb Code    12  hal_cm.o(i.rt_ret_val)
    rt_ret_val2                              0x000023a9   Thumb Code    16  hal_cm.o(i.rt_ret_val2)
    rt_rmv_dly                               0x000023b9   Thumb Code    40  rt_list.o(i.rt_rmv_dly)
    rt_rmv_list                              0x000023e1   Thumb Code    44  rt_list.o(i.rt_rmv_list)
    rt_sem_psh                               0x00002411   Thumb Code    48  rt_semaphore.o(i.rt_sem_psh)
    rt_stk_check                             0x00002445   Thumb Code    28  rt_system.o(i.rt_stk_check)
    rt_switch_req                            0x00002469   Thumb Code    30  rt_task.o(i.rt_switch_req)
    rt_sys_init                              0x00002491   Thumb Code   138  rt_task.o(i.rt_sys_init)
    rt_sys_start                             0x0000255d   Thumb Code   110  rt_task.o(i.rt_sys_start)
    rt_systick                               0x000025d5   Thumb Code    50  rt_system.o(i.rt_systick)
    rt_tsk_create                            0x00002699   Thumb Code   118  rt_task.o(i.rt_tsk_create)
    rt_tsk_delete                            0x00002721   Thumb Code   352  rt_task.o(i.rt_tsk_delete)
    rt_tsk_pass                              0x0000289d   Thumb Code    38  rt_task.o(i.rt_tsk_pass)
    rt_tsk_prio                              0x000028cd   Thumb Code   108  rt_task.o(i.rt_tsk_prio)
    rt_tsk_self                              0x00002949   Thumb Code    12  rt_task.o(i.rt_tsk_self)
    svcDelay                                 0x00002959   Thumb Code    18  rt_cmsis.o(i.svcDelay)
    svcKernelInitialize                      0x0000296d   Thumb Code    80  rt_cmsis.o(i.svcKernelInitialize)
    svcKernelStart                           0x000029dd   Thumb Code    62  rt_cmsis.o(i.svcKernelStart)
    svcMessageCreate                         0x00002a25   Thumb Code    36  rt_cmsis.o(i.svcMessageCreate)
    svcMessageGet                            0x00002a49   Thumb Code    58  rt_cmsis.o(i.svcMessageGet)
    svcMutexCreate                           0x00002a83   Thumb Code    28  rt_cmsis.o(i.svcMutexCreate)
    svcSignalSet                             0x00002a9f   Thumb Code    36  rt_cmsis.o(i.svcSignalSet)
    svcSignalWait                            0x00002ac5   Thumb Code    80  rt_cmsis.o(i.svcSignalWait)
    svcThreadCreate                          0x00002b19   Thumb Code    96  rt_cmsis.o(i.svcThreadCreate)
    svcThreadGetId                           0x00002b85   Thumb Code    22  rt_cmsis.o(i.svcThreadGetId)
    svcThreadTerminate                       0x00002ba1   Thumb Code    50  rt_cmsis.o(i.svcThreadTerminate)
    svcThreadYield                           0x00002bd9   Thumb Code    10  rt_cmsis.o(i.svcThreadYield)
    svcTimerCall                             0x00002be3   Thumb Code    24  rt_cmsis.o(i.svcTimerCall)
    svcTimerCreate                           0x00002bfd   Thumb Code    52  rt_cmsis.o(i.svcTimerCreate)
    svcTimerStart                            0x00002c35   Thumb Code    96  rt_cmsis.o(i.svcTimerStart)
    sysTimerTick                             0x00002c99   Thumb Code    84  rt_cmsis.o(i.sysTimerTick)
    __aeabi_dneg                             0x00002cf5   Thumb Code     0  basic.o(x$fpl$basic)
    _dneg                                    0x00002cf5   Thumb Code     6  basic.o(x$fpl$basic)
    __aeabi_fneg                             0x00002cfb   Thumb Code     0  basic.o(x$fpl$basic)
    _fneg                                    0x00002cfb   Thumb Code     6  basic.o(x$fpl$basic)
    _dabs                                    0x00002d01   Thumb Code     6  basic.o(x$fpl$basic)
    _fabs                                    0x00002d07   Thumb Code     6  basic.o(x$fpl$basic)
    __aeabi_d2f                              0x00002d0d   Thumb Code     0  d2f.o(x$fpl$d2f)
    _d2f                                     0x00002d0d   Thumb Code    98  d2f.o(x$fpl$d2f)
    __aeabi_dadd                             0x00002d71   Thumb Code     0  daddsub_clz.o(x$fpl$dadd)
    _dadd                                    0x00002d71   Thumb Code   332  daddsub_clz.o(x$fpl$dadd)
    __aeabi_ddiv                             0x00002ec1   Thumb Code     0  ddiv.o(x$fpl$ddiv)
    _ddiv                                    0x00002ec1   Thumb Code   552  ddiv.o(x$fpl$ddiv)
    __aeabi_d2iz                             0x00003171   Thumb Code     0  dfix.o(x$fpl$dfix)
    _dfix                                    0x00003171   Thumb Code    94  dfix.o(x$fpl$dfix)
    __aeabi_i2d                              0x000031cf   Thumb Code     0  dflt_clz.o(x$fpl$dflt)
    _dflt                                    0x000031cf   Thumb Code    46  dflt_clz.o(x$fpl$dflt)
    __aeabi_ui2d                             0x000031fd   Thumb Code     0  dflt_clz.o(x$fpl$dfltu)
    _dfltu                                   0x000031fd   Thumb Code    38  dflt_clz.o(x$fpl$dfltu)
    __aeabi_dmul                             0x00003225   Thumb Code     0  dmul.o(x$fpl$dmul)
    _dmul                                    0x00003225   Thumb Code   332  dmul.o(x$fpl$dmul)
    __fpl_dnaninf                            0x00003379   Thumb Code   156  dnaninf.o(x$fpl$dnaninf)
    __fpl_dretinf                            0x00003415   Thumb Code    12  dretinf.o(x$fpl$dretinf)
    __aeabi_drsub                            0x00003421   Thumb Code     0  daddsub_clz.o(x$fpl$drsb)
    _drsb                                    0x00003421   Thumb Code    22  daddsub_clz.o(x$fpl$drsb)
    __aeabi_dsub                             0x00003439   Thumb Code     0  daddsub_clz.o(x$fpl$dsub)
    _dsub                                    0x00003439   Thumb Code   464  daddsub_clz.o(x$fpl$dsub)
    _fp_init                                 0x0000360d   Thumb Code    10  fpinit.o(x$fpl$fpinit)
    __fplib_config_fpu_vfp                   0x00003615   Thumb Code     0  fpinit.o(x$fpl$fpinit)
    __fplib_config_pureend_doubles           0x00003615   Thumb Code     0  fpinit.o(x$fpl$fpinit)
    __fpl_fretinf                            0x00003617   Thumb Code    10  fretinf.o(x$fpl$fretinf)
    __I$use$fp                               0x00003620   Number         0  usenofp.o(x$fpl$usenofp)
    os_mutex_def_data_mutex                  0x00003620   Data           4  exemplotiva.o(.constdata)
    os_timer_def_timer_0                     0x00003624   Data           8  exemplotiva.o(.constdata)
    os_thread_def_PWM_Update                 0x0000362c   Data          16  exemplotiva.o(.constdata)
    os_thread_def_UART_Publish               0x0000363c   Data          16  exemplotiva.o(.constdata)
    os_thread_def_UART_Subscriber            0x0000364c   Data          16  exemplotiva.o(.constdata)
    os_maxtaskrun                            0x0000365c   Data           2  rtx_conf_cm.o(.constdata)
    os_stackinfo                             0x00003660   Data           4  rtx_conf_cm.o(.constdata)
    os_rrobin                                0x00003664   Data           4  rtx_conf_cm.o(.constdata)
    os_trv                                   0x00003668   Data           4  rtx_conf_cm.o(.constdata)
    os_flags                                 0x0000366c   Data           1  rtx_conf_cm.o(.constdata)
    CMSIS_RTOS_API_Version                   0x00003670   Data           4  rtx_conf_cm.o(.constdata)
    CMSIS_RTOS_RTX_Version                   0x00003674   Data           4  rtx_conf_cm.o(.constdata)
    os_clockrate                             0x00003678   Data           4  rtx_conf_cm.o(.constdata)
    os_timernum                              0x0000367c   Data           4  rtx_conf_cm.o(.constdata)
    mp_tcb_size                              0x00003680   Data           2  rtx_conf_cm.o(.constdata)
    mp_stk_size                              0x00003684   Data           4  rtx_conf_cm.o(.constdata)
    os_stack_sz                              0x00003688   Data           4  rtx_conf_cm.o(.constdata)
    os_fifo_size                             0x0000368c   Data           1  rtx_conf_cm.o(.constdata)
    os_thread_def_osTimerThread              0x00003690   Data          16  rtx_conf_cm.o(.constdata)
    os_messageQ_def_osTimerMessageQ          0x000036a0   Data           8  rtx_conf_cm.o(.constdata)
    mp_tmr_size                              0x000036a8   Data           2  rtx_conf_cm.o(.constdata)
    os_thread_def_main                       0x000036ac   Data          16  rtx_conf_cm.o(.constdata)
    Region$$Table$$Base                      0x00003808   Number         0  anon$$obj.o(Region$$Table)
    Region$$Table$$Limit                     0x00003828   Number         0  anon$$obj.o(Region$$Table)
    tid_PWM_Update                           0x20000004   Data           4  exemplotiva.o(.data)
    tid_UART_Publish                         0x20000008   Data           4  exemplotiva.o(.data)
    tid_UART_Subscriber                      0x2000000c   Data           4  exemplotiva.o(.data)
    timer_Id                                 0x20000010   Data           4  exemplotiva.o(.data)
    data_mutex_id                            0x20000014   Data           4  exemplotiva.o(.data)
    m_tmr                                    0x20000018   Data           4  rtx_conf_cm.o(.data)
    osThreadId_osTimerThread                 0x2000001c   Data           4  rtx_conf_cm.o(.data)
    osMessageQId_osTimerMessageQ             0x20000020   Data           4  rtx_conf_cm.o(.data)
    SystemCoreClock                          0x20000028   Data           4  system_tm4c129.o(.data)
    os_initialized                           0x2000002c   Data           1  rt_cmsis.o(.data)
    os_running                               0x2000002d   Data           1  rt_cmsis.o(.data)
    os_timer_head                            0x20000030   Data           4  rt_cmsis.o(.data)
    os_tsk                                   0x20000034   Data           8  rt_task.o(.data)
    os_tick_irqn                             0x20000040   Data           4  rt_system.o(.data)
    os_time                                  0x20000044   Data           4  rt_time.o(.data)
    os_robin                                 0x20000048   Data           8  rt_robin.o(.data)
    dbg_msg                                  0x20000050   Data           1  hal_cm.o(.data)
    os_mutex_cb_data_mutex                   0x20000054   Data          16  exemplotiva.o(.bss)
    os_timer_cb_timer_0                      0x20000064   Data          24  exemplotiva.o(.bss)
    os_messageQ_q_osTimerMessageQ            0x2000007c   Data          32  rtx_conf_cm.o(.bss)
    mp_tcb                                   0x2000009c   Data         584  rtx_conf_cm.o(.bss)
    mp_stk                                   0x200002e8   Data        8016  rtx_conf_cm.o(.bss)
    os_stack_mem                             0x20002238   Data        1032  rtx_conf_cm.o(.bss)
    os_fifo                                  0x20002640   Data         132  rtx_conf_cm.o(.bss)
    os_active_TCB                            0x200026c4   Data          44  rtx_conf_cm.o(.bss)
    os_idle_TCB                              0x20002b90   Data          52  rt_task.o(.bss)
    os_rdy                                   0x20002bc4   Data          24  rt_list.o(.bss)
    os_dly                                   0x20002bdc   Data          24  rt_list.o(.bss)
    __libspace_start                         0x20002bf4   Data          96  libspace.o(.bss)
    __temporary_stack_top$libspace           0x20002c54   Data           0  libspace.o(.bss)



==============================================================================

Memory Map of the image

  Image Entry point : 0x00000201

  Load Region LR_IROM1 (Base: 0x00000000, Size: 0x0000387c, Max: 0x00100000, ABSOLUTE)

    Execution Region ER_IROM1 (Exec base: 0x00000000, Load base: 0x00000000, Size: 0x00003828, Max: 0x00100000, ABSOLUTE)

    Exec Addr    Load Addr    Size         Type   Attr      Idx    E Section Name        Object

    0x00000000   0x00000000   0x00000200   Data   RO          285    RESET               startup_tm4c129.o
    0x00000200   0x00000200   0x00000008   Code   RO         2866  * !!!main             c_w.l(__main.o)
    0x00000208   0x00000208   0x00000034   Code   RO         3119    !!!scatter          c_w.l(__scatter.o)
    0x0000023c   0x0000023c   0x0000001a   Code   RO         3121    !!handler_copy      c_w.l(__scatter_copy.o)
    0x00000256   0x00000256   0x00000002   PAD
    0x00000258   0x00000258   0x0000001c   Code   RO         3123    !!handler_zi        c_w.l(__scatter_zi.o)
    0x00000274   0x00000274   0x00000002   Code   RO         3005    .ARM.Collect$$libinit$$00000000  c_w.l(libinit.o)
    0x00000276   0x00000276   0x00000004   Code   RO         3016    .ARM.Collect$$libinit$$00000001  c_w.l(libinit2.o)
    0x0000027a   0x0000027a   0x00000000   Code   RO         3019    .ARM.Collect$$libinit$$00000004  c_w.l(libinit2.o)
    0x0000027a   0x0000027a   0x00000000   Code   RO         3022    .ARM.Collect$$libinit$$0000000A  c_w.l(libinit2.o)
    0x0000027a   0x0000027a   0x00000000   Code   RO         3024    .ARM.Collect$$libinit$$0000000C  c_w.l(libinit2.o)
    0x0000027a   0x0000027a   0x00000000   Code   RO         3026    .ARM.Collect$$libinit$$0000000E  c_w.l(libinit2.o)
    0x0000027a   0x0000027a   0x00000000   Code   RO         3029    .ARM.Collect$$libinit$$00000011  c_w.l(libinit2.o)
    0x0000027a   0x0000027a   0x00000000   Code   RO         3031    .ARM.Collect$$libinit$$00000013  c_w.l(libinit2.o)
    0x0000027a   0x0000027a   0x00000000   Code   RO         3033    .ARM.Collect$$libinit$$00000015  c_w.l(libinit2.o)
    0x0000027a   0x0000027a   0x00000000   Code   RO         3035    .ARM.Collect$$libinit$$00000017  c_w.l(libinit2.o)
    0x0000027a   0x0000027a   0x00000000   Code   RO         3037    .ARM.Collect$$libinit$$00000019  c_w.l(libinit2.o)
    0x0000027a   0x0000027a   0x00000000   Code   RO         3039    .ARM.Collect$$libinit$$0000001B  c_w.l(libinit2.o)
    0x0000027a   0x0000027a   0x00000000   Code   RO         3041    .ARM.Collect$$libinit$$0000001D  c_w.l(libinit2.o)
    0x0000027a   0x0000027a   0x00000000   Code   RO         3043    .ARM.Collect$$libinit$$0000001F  c_w.l(libinit2.o)
    0x0000027a   0x0000027a   0x00000000   Code   RO         3045    .ARM.Collect$$libinit$$00000021  c_w.l(libinit2.o)
    0x0000027a   0x0000027a   0x00000000   Code   RO         3047    .ARM.Collect$$libinit$$00000023  c_w.l(libinit2.o)
    0x0000027a   0x0000027a   0x00000000   Code   RO         3049    .ARM.Collect$$libinit$$00000025  c_w.l(libinit2.o)
    0x0000027a   0x0000027a   0x00000000   Code   RO         3053    .ARM.Collect$$libinit$$0000002C  c_w.l(libinit2.o)
    0x0000027a   0x0000027a   0x00000000   Code   RO         3055    .ARM.Collect$$libinit$$0000002E  c_w.l(libinit2.o)
    0x0000027a   0x0000027a   0x00000000   Code   RO         3057    .ARM.Collect$$libinit$$00000030  c_w.l(libinit2.o)
    0x0000027a   0x0000027a   0x00000000   Code   RO         3059    .ARM.Collect$$libinit$$00000032  c_w.l(libinit2.o)
    0x0000027a   0x0000027a   0x00000002   Code   RO         3060    .ARM.Collect$$libinit$$00000033  c_w.l(libinit2.o)
    0x0000027c   0x0000027c   0x00000002   Code   RO         3006    .ARM.Collect$$libshutdown$$00000000  c_w.l(libshutdown.o)
    0x0000027e   0x0000027e   0x00000000   Code   RO         3062    .ARM.Collect$$libshutdown$$00000002  c_w.l(libshutdown2.o)
    0x0000027e   0x0000027e   0x00000000   Code   RO         3064    .ARM.Collect$$libshutdown$$00000004  c_w.l(libshutdown2.o)
    0x0000027e   0x0000027e   0x00000000   Code   RO         3067    .ARM.Collect$$libshutdown$$00000007  c_w.l(libshutdown2.o)
    0x0000027e   0x0000027e   0x00000000   Code   RO         3070    .ARM.Collect$$libshutdown$$0000000A  c_w.l(libshutdown2.o)
    0x0000027e   0x0000027e   0x00000000   Code   RO         3072    .ARM.Collect$$libshutdown$$0000000C  c_w.l(libshutdown2.o)
    0x0000027e   0x0000027e   0x00000000   Code   RO         3075    .ARM.Collect$$libshutdown$$0000000F  c_w.l(libshutdown2.o)
    0x0000027e   0x0000027e   0x00000002   Code   RO         3076    .ARM.Collect$$libshutdown$$00000010  c_w.l(libshutdown2.o)
    0x00000280   0x00000280   0x00000000   Code   RO         2900    .ARM.Collect$$rtentry$$00000000  c_w.l(__rtentry.o)
    0x00000280   0x00000280   0x00000000   Code   RO         2947    .ARM.Collect$$rtentry$$00000002  c_w.l(__rtentry2.o)
    0x00000280   0x00000280   0x00000006   Code   RO         2959    .ARM.Collect$$rtentry$$00000004  c_w.l(__rtentry4.o)
    0x00000286   0x00000286   0x00000000   Code   RO         2949    .ARM.Collect$$rtentry$$00000009  c_w.l(__rtentry2.o)
    0x00000286   0x00000286   0x00000004   Code   RO         2950    .ARM.Collect$$rtentry$$0000000A  c_w.l(__rtentry2.o)
    0x0000028a   0x0000028a   0x00000008   Code   RO         2951    .ARM.Collect$$rtentry$$0000000B  c_w.l(__rtentry2.o)
    0x00000292   0x00000292   0x00000008   Code   RO         2953    .ARM.Collect$$rtentry$$0000000D  c_w.l(__rtentry2.o)
    0x0000029a   0x0000029a   0x00000002   Code   RO         2901    .ARM.Collect$$rtexit$$00000000  c_w.l(rtexit.o)
    0x0000029c   0x0000029c   0x00000000   Code   RO         2962    .ARM.Collect$$rtexit$$00000002  c_w.l(rtexit2.o)
    0x0000029c   0x0000029c   0x00000004   Code   RO         2963    .ARM.Collect$$rtexit$$00000003  c_w.l(rtexit2.o)
    0x000002a0   0x000002a0   0x00000006   Code   RO         2964    .ARM.Collect$$rtexit$$00000004  c_w.l(rtexit2.o)
    0x000002a6   0x000002a6   0x00000002   PAD
    0x000002a8   0x000002a8   0x0000001c   Code   RO          228    .emb_text           rtx_conf_cm.o
    0x000002c4   0x000002c4   0x00000198   Code   RO         2840    .emb_text           RTX_CM4.lib(hal_cm4.o)
    0x0000045c   0x0000045c   0x00000308   Code   RO            1    .text               exemplotiva.o
    0x00000764   0x00000764   0x000000b0   Code   RO           56    .text               pwm.o
    0x00000814   0x00000814   0x00000084   Code   RO           71    .text               timer.o
    0x00000898   0x00000898   0x000000f4   Code   RO           86    .text               uart.o
    0x0000098c   0x0000098c   0x0000008c   Code   RO          229    .text               rtx_conf_cm.o
    0x00000a18   0x00000a18   0x0000012c   Code   RO          286    .text               startup_tm4c129.o
    0x00000b44   0x00000b44   0x00000028   Code   RO          293    .text               system_tm4c129.o
    0x00000b6c   0x00000b6c   0x00000008   Code   RO         2855    .text               c_w.l(libspace.o)
    0x00000b74   0x00000b74   0x000000ee   Code   RO         2858    .text               c_w.l(lludivv7m.o)
    0x00000c62   0x00000c62   0x00000048   Code   RO         2860    .text               c_w.l(llsdiv.o)
    0x00000caa   0x00000caa   0x00000012   Code   RO         2862    .text               c_w.l(exit.o)
    0x00000cbc   0x00000cbc   0x00000006   Code   RO         2864    .text               c_w.l(heapauxi.o)
    0x00000cc2   0x00000cc2   0x00000016   Code   RO         2907    .text               c_w.l(_rserrno.o)
    0x00000cd8   0x00000cd8   0x00000004   Code   RO         2975    .text               c_w.l(rt_errno_addr_twolibspace.o)
    0x00000cdc   0x00000cdc   0x0000000c   Code   RO         2991    .text               c_w.l(sys_exit.o)
    0x00000ce8   0x00000ce8   0x0000004a   Code   RO         2993    .text               c_w.l(sys_stackheap_outer.o)
    0x00000d32   0x00000d32   0x00000002   Code   RO         3007    .text               c_w.l(use_no_semi.o)
    0x00000d34   0x00000d34   0x00000000   Code   RO         3009    .text               c_w.l(indicate_semi.o)
    0x00000d34   0x00000d34   0x00000004   Code   RO         2850    SVC_TABLE           RTX_CM4.lib(svc_table.o)
    0x00000d38   0x00000d38   0x00000030   Code   RO         2987    i.__ARM_fpclassify  m_wm.l(fpclassify.o)
    0x00000d68   0x00000d68   0x000000c8   Code   RO         2888    i.__hardfp_sin      m_wm.l(sin.o)
    0x00000e30   0x00000e30   0x00000438   Code   RO         2935    i.__ieee754_rem_pio2  m_wm.l(rred.o)
    0x00001268   0x00001268   0x00000170   Code   RO         2918    i.__kernel_cos      m_wm.l(cos_i.o)
    0x000013d8   0x000013d8   0x000000f8   Code   RO         2989    i.__kernel_poly     m_wm.l(poly.o)
    0x000014d0   0x000014d0   0x00000130   Code   RO         2940    i.__kernel_sin      m_wm.l(sin_i.o)
    0x00001600   0x00001600   0x00000014   Code   RO         2922    i.__mathlib_dbl_infnan  m_wm.l(dunder.o)
    0x00001614   0x00001614   0x00000004   PAD
    0x00001618   0x00001618   0x00000020   Code   RO         2924    i.__mathlib_dbl_invalid  m_wm.l(dunder.o)
    0x00001638   0x00001638   0x00000020   Code   RO         2927    i.__mathlib_dbl_underflow  m_wm.l(dunder.o)
    0x00001658   0x00001658   0x00000046   Code   RO         2734    i._init_box         RTX_CM4.lib(rt_membox.o)
    0x0000169e   0x0000169e   0x00000002   PAD
    0x000016a0   0x000016a0   0x00000030   Code   RO         2787    i.dbg_init          RTX_CM4.lib(hal_cm.o)
    0x000016d0   0x000016d0   0x00000020   Code   RO         2788    i.dbg_task_notify   RTX_CM4.lib(hal_cm.o)
    0x000016f0   0x000016f0   0x00000010   Code   RO         2789    i.dbg_task_switch   RTX_CM4.lib(hal_cm.o)
    0x00001700   0x00001700   0x00000018   Code   RO         2983    i.fabs              m_wm.l(fabs.o)
    0x00001718   0x00001718   0x0000002a   Code   RO         1523    i.isrMessageGet     RTX_CM4.lib(rt_cmsis.o)
    0x00001742   0x00001742   0x0000002c   Code   RO         1524    i.isrMessagePut     RTX_CM4.lib(rt_cmsis.o)
    0x0000176e   0x0000176e   0x00000024   Code   RO         1526    i.isrSignalSet      RTX_CM4.lib(rt_cmsis.o)
    0x00001792   0x00001792   0x00000002   PAD
    0x00001794   0x00001794   0x00000028   Code   RO         2471    i.isr_evt_set       RTX_CM4.lib(rt_event.o)
    0x000017bc   0x000017bc   0x00000056   Code   RO         2589    i.isr_mbx_receive   RTX_CM4.lib(rt_mailbox.o)
    0x00001812   0x00001812   0x0000000e   Code   RO         2590    i.isr_mbx_send      RTX_CM4.lib(rt_mailbox.o)
    0x00001820   0x00001820   0x00000018   Code   RO         1527    i.osDelay           RTX_CM4.lib(rt_cmsis.o)
    0x00001838   0x00001838   0x00000024   Code   RO         1528    i.osKernelInitialize  RTX_CM4.lib(rt_cmsis.o)
    0x0000185c   0x0000185c   0x0000006c   Code   RO         1530    i.osKernelStart     RTX_CM4.lib(rt_cmsis.o)
    0x000018c8   0x000018c8   0x00000018   Code   RO         1539    i.osMessageGet      RTX_CM4.lib(rt_cmsis.o)
    0x000018e0   0x000018e0   0x0000002c   Code   RO         1541    i.osMutexCreate     RTX_CM4.lib(rt_cmsis.o)
    0x0000190c   0x0000190c   0x00000018   Code   RO         1554    i.osSignalSet       RTX_CM4.lib(rt_cmsis.o)
    0x00001924   0x00001924   0x00000018   Code   RO         1555    i.osSignalWait      RTX_CM4.lib(rt_cmsis.o)
    0x0000193c   0x0000193c   0x0000002c   Code   RO         1556    i.osThreadCreate    RTX_CM4.lib(rt_cmsis.o)
    0x00001968   0x00001968   0x00000018   Code   RO         1557    i.osThreadExit      RTX_CM4.lib(rt_cmsis.o)
    0x00001980   0x00001980   0x00000018   Code   RO         1562    i.osThreadYield     RTX_CM4.lib(rt_cmsis.o)
    0x00001998   0x00001998   0x0000000c   Code   RO         1563    i.osTimerCall       RTX_CM4.lib(rt_cmsis.o)
    0x000019a4   0x000019a4   0x0000002c   Code   RO         1564    i.osTimerCreate     RTX_CM4.lib(rt_cmsis.o)
    0x000019d0   0x000019d0   0x00000018   Code   RO         1566    i.osTimerStart      RTX_CM4.lib(rt_cmsis.o)
    0x000019e8   0x000019e8   0x0000002c   Code   RO         1568    i.osTimerThread     RTX_CM4.lib(rt_cmsis.o)
    0x00001a14   0x00001a14   0x00000028   Code   RO         2381    i.os_tick_init      RTX_CM4.lib(rt_system.o)
    0x00001a3c   0x00001a3c   0x00000002   Code   RO         2382    i.os_tick_irqack    RTX_CM4.lib(rt_system.o)
    0x00001a3e   0x00001a3e   0x0000001a   Code   RO         2735    i.rt_alloc_box      RTX_CM4.lib(rt_membox.o)
    0x00001a58   0x00001a58   0x0000003e   Code   RO         2763    i.rt_alloc_mem      RTX_CM4.lib(rt_memory.o)
    0x00001a96   0x00001a96   0x00000002   PAD
    0x00001a98   0x00001a98   0x00000038   Code   RO         2142    i.rt_block          RTX_CM4.lib(rt_task.o)
    0x00001ad0   0x00001ad0   0x00000048   Code   RO         2712    i.rt_chk_robin      RTX_CM4.lib(rt_robin.o)
    0x00001b18   0x00001b18   0x00000070   Code   RO         2513    i.rt_dec_dly        RTX_CM4.lib(rt_list.o)
    0x00001b88   0x00001b88   0x00000044   Code   RO         2143    i.rt_dispatch       RTX_CM4.lib(rt_task.o)
    0x00001bcc   0x00001bcc   0x00000006   Code   RO         2679    i.rt_dly_wait       RTX_CM4.lib(rt_time.o)
    0x00001bd2   0x00001bd2   0x00000002   PAD
    0x00001bd4   0x00001bd4   0x00000050   Code   RO         2474    i.rt_evt_psh        RTX_CM4.lib(rt_event.o)
    0x00001c24   0x00001c24   0x0000005c   Code   RO         2475    i.rt_evt_set        RTX_CM4.lib(rt_event.o)
    0x00001c80   0x00001c80   0x0000003c   Code   RO         2476    i.rt_evt_wait       RTX_CM4.lib(rt_event.o)
    0x00001cbc   0x00001cbc   0x0000002c   Code   RO         2736    i.rt_free_box       RTX_CM4.lib(rt_membox.o)
    0x00001ce8   0x00001ce8   0x00000028   Code   RO         2764    i.rt_free_mem       RTX_CM4.lib(rt_memory.o)
    0x00001d10   0x00001d10   0x00000028   Code   RO         2514    i.rt_get_first      RTX_CM4.lib(rt_list.o)
    0x00001d38   0x00001d38   0x00000024   Code   RO         2515    i.rt_get_same_rdy_prio  RTX_CM4.lib(rt_list.o)
    0x00001d5c   0x00001d5c   0x00000008   Code   RO         1573    i.rt_id2obj         RTX_CM4.lib(rt_cmsis.o)
    0x00001d64   0x00001d64   0x00000048   Code   RO         2144    i.rt_init_context   RTX_CM4.lib(rt_task.o)
    0x00001dac   0x00001dac   0x0000001a   Code   RO         2765    i.rt_init_mem       RTX_CM4.lib(rt_memory.o)
    0x00001dc6   0x00001dc6   0x00000002   PAD
    0x00001dc8   0x00001dc8   0x00000018   Code   RO         2713    i.rt_init_robin     RTX_CM4.lib(rt_robin.o)
    0x00001de0   0x00001de0   0x00000080   Code   RO         2790    i.rt_init_stack     RTX_CM4.lib(hal_cm.o)
    0x00001e60   0x00001e60   0x00000008   Code   RO         2591    i.rt_mbx_check      RTX_CM4.lib(rt_mailbox.o)
    0x00001e68   0x00001e68   0x0000001a   Code   RO         2592    i.rt_mbx_init       RTX_CM4.lib(rt_mailbox.o)
    0x00001e82   0x00001e82   0x00000002   PAD
    0x00001e84   0x00001e84   0x000000f0   Code   RO         2593    i.rt_mbx_psh        RTX_CM4.lib(rt_mailbox.o)
    0x00001f74   0x00001f74   0x000000b4   Code   RO         2595    i.rt_mbx_wait       RTX_CM4.lib(rt_mailbox.o)
    0x00002028   0x00002028   0x00000044   Code   RO         1574    i.rt_ms2tick        RTX_CM4.lib(rt_cmsis.o)
    0x0000206c   0x0000206c   0x00000010   Code   RO         2227    i.rt_mut_init       RTX_CM4.lib(rt_mutex.o)
    0x0000207c   0x0000207c   0x000000d8   Code   RO         2228    i.rt_mut_release    RTX_CM4.lib(rt_mutex.o)
    0x00002154   0x00002154   0x00000078   Code   RO         2229    i.rt_mut_wait       RTX_CM4.lib(rt_mutex.o)
    0x000021cc   0x000021cc   0x0000007c   Code   RO         2385    i.rt_pop_req        RTX_CM4.lib(rt_system.o)
    0x00002248   0x00002248   0x00000020   Code   RO         2386    i.rt_psh_req        RTX_CM4.lib(rt_system.o)
    0x00002268   0x00002268   0x0000005c   Code   RO         2516    i.rt_psq_enq        RTX_CM4.lib(rt_list.o)
    0x000022c4   0x000022c4   0x00000048   Code   RO         2517    i.rt_put_dly        RTX_CM4.lib(rt_list.o)
    0x0000230c   0x0000230c   0x00000036   Code   RO         2518    i.rt_put_prio       RTX_CM4.lib(rt_list.o)
    0x00002342   0x00002342   0x00000002   PAD
    0x00002344   0x00002344   0x00000014   Code   RO         2519    i.rt_put_rdy_first  RTX_CM4.lib(rt_list.o)
    0x00002358   0x00002358   0x00000034   Code   RO         2520    i.rt_resort_prio    RTX_CM4.lib(rt_list.o)
    0x0000238c   0x0000238c   0x00000010   Code   RO         2791    i.rt_ret_regs       RTX_CM4.lib(hal_cm.o)
    0x0000239c   0x0000239c   0x0000000c   Code   RO         2792    i.rt_ret_val        RTX_CM4.lib(hal_cm.o)
    0x000023a8   0x000023a8   0x00000010   Code   RO         2793    i.rt_ret_val2       RTX_CM4.lib(hal_cm.o)
    0x000023b8   0x000023b8   0x00000028   Code   RO         2521    i.rt_rmv_dly        RTX_CM4.lib(rt_list.o)
    0x000023e0   0x000023e0   0x00000030   Code   RO         2522    i.rt_rmv_list       RTX_CM4.lib(rt_list.o)
    0x00002410   0x00002410   0x00000034   Code   RO         2640    i.rt_sem_psh        RTX_CM4.lib(rt_semaphore.o)
    0x00002444   0x00002444   0x00000024   Code   RO         2388    i.rt_stk_check      RTX_CM4.lib(rt_system.o)
    0x00002468   0x00002468   0x00000028   Code   RO         2145    i.rt_switch_req     RTX_CM4.lib(rt_task.o)
    0x00002490   0x00002490   0x000000cc   Code   RO         2146    i.rt_sys_init       RTX_CM4.lib(rt_task.o)
    0x0000255c   0x0000255c   0x00000078   Code   RO         2147    i.rt_sys_start      RTX_CM4.lib(rt_task.o)
    0x000025d4   0x000025d4   0x00000040   Code   RO         2390    i.rt_systick        RTX_CM4.lib(rt_system.o)
    0x00002614   0x00002614   0x00000012   Code   RO         1575    i.rt_tid2ptcb       RTX_CM4.lib(rt_cmsis.o)
    0x00002626   0x00002626   0x00000002   PAD
    0x00002628   0x00002628   0x00000034   Code   RO         1576    i.rt_timer_insert   RTX_CM4.lib(rt_cmsis.o)
    0x0000265c   0x0000265c   0x0000003c   Code   RO         1577    i.rt_timer_remove   RTX_CM4.lib(rt_cmsis.o)
    0x00002698   0x00002698   0x00000088   Code   RO         2148    i.rt_tsk_create     RTX_CM4.lib(rt_task.o)
    0x00002720   0x00002720   0x0000017c   Code   RO         2149    i.rt_tsk_delete     RTX_CM4.lib(rt_task.o)
    0x0000289c   0x0000289c   0x00000030   Code   RO         2150    i.rt_tsk_pass       RTX_CM4.lib(rt_task.o)
    0x000028cc   0x000028cc   0x0000007c   Code   RO         2151    i.rt_tsk_prio       RTX_CM4.lib(rt_task.o)
    0x00002948   0x00002948   0x00000010   Code   RO         2152    i.rt_tsk_self       RTX_CM4.lib(rt_task.o)
    0x00002958   0x00002958   0x00000012   Code   RO         1578    i.svcDelay          RTX_CM4.lib(rt_cmsis.o)
    0x0000296a   0x0000296a   0x00000002   PAD
    0x0000296c   0x0000296c   0x00000070   Code   RO         1579    i.svcKernelInitialize  RTX_CM4.lib(rt_cmsis.o)
    0x000029dc   0x000029dc   0x00000048   Code   RO         1581    i.svcKernelStart    RTX_CM4.lib(rt_cmsis.o)
    0x00002a24   0x00002a24   0x00000024   Code   RO         1584    i.svcMessageCreate  RTX_CM4.lib(rt_cmsis.o)
    0x00002a48   0x00002a48   0x0000003a   Code   RO         1585    i.svcMessageGet     RTX_CM4.lib(rt_cmsis.o)
    0x00002a82   0x00002a82   0x0000001c   Code   RO         1587    i.svcMutexCreate    RTX_CM4.lib(rt_cmsis.o)
    0x00002a9e   0x00002a9e   0x00000024   Code   RO         1597    i.svcSignalSet      RTX_CM4.lib(rt_cmsis.o)
    0x00002ac2   0x00002ac2   0x00000002   PAD
    0x00002ac4   0x00002ac4   0x00000054   Code   RO         1598    i.svcSignalWait     RTX_CM4.lib(rt_cmsis.o)
    0x00002b18   0x00002b18   0x0000006c   Code   RO         1599    i.svcThreadCreate   RTX_CM4.lib(rt_cmsis.o)
    0x00002b84   0x00002b84   0x0000001c   Code   RO         1600    i.svcThreadGetId    RTX_CM4.lib(rt_cmsis.o)
    0x00002ba0   0x00002ba0   0x00000038   Code   RO         1603    i.svcThreadTerminate  RTX_CM4.lib(rt_cmsis.o)
    0x00002bd8   0x00002bd8   0x0000000a   Code   RO         1604    i.svcThreadYield    RTX_CM4.lib(rt_cmsis.o)
    0x00002be2   0x00002be2   0x00000018   Code   RO         1605    i.svcTimerCall      RTX_CM4.lib(rt_cmsis.o)
    0x00002bfa   0x00002bfa   0x00000002   PAD
    0x00002bfc   0x00002bfc   0x00000038   Code   RO         1606    i.svcTimerCreate    RTX_CM4.lib(rt_cmsis.o)
    0x00002c34   0x00002c34   0x00000064   Code   RO         1608    i.svcTimerStart     RTX_CM4.lib(rt_cmsis.o)
    0x00002c98   0x00002c98   0x0000005c   Code   RO         1614    i.sysTimerTick      RTX_CM4.lib(rt_cmsis.o)
    0x00002cf4   0x00002cf4   0x00000018   Code   RO         2909    x$fpl$basic         fz_wm.l(basic.o)
    0x00002d0c   0x00002d0c   0x00000062   Code   RO         2868    x$fpl$d2f           fz_wm.l(d2f.o)
    0x00002d6e   0x00002d6e   0x00000002   PAD
    0x00002d70   0x00002d70   0x00000150   Code   RO         2870    x$fpl$dadd          fz_wm.l(daddsub_clz.o)
    0x00002ec0   0x00002ec0   0x000002b0   Code   RO         2877    x$fpl$ddiv          fz_wm.l(ddiv.o)
    0x00003170   0x00003170   0x0000005e   Code   RO         2977    x$fpl$dfix          fz_wm.l(dfix.o)
    0x000031ce   0x000031ce   0x0000002e   Code   RO         2881    x$fpl$dflt          fz_wm.l(dflt_clz.o)
    0x000031fc   0x000031fc   0x00000026   Code   RO         2880    x$fpl$dfltu         fz_wm.l(dflt_clz.o)
    0x00003222   0x00003222   0x00000002   PAD
    0x00003224   0x00003224   0x00000154   Code   RO         2886    x$fpl$dmul          fz_wm.l(dmul.o)
    0x00003378   0x00003378   0x0000009c   Code   RO         2911    x$fpl$dnaninf       fz_wm.l(dnaninf.o)
    0x00003414   0x00003414   0x0000000c   Code   RO         2913    x$fpl$dretinf       fz_wm.l(dretinf.o)
    0x00003420   0x00003420   0x00000016   Code   RO         2871    x$fpl$drsb          fz_wm.l(daddsub_clz.o)
    0x00003436   0x00003436   0x00000002   PAD
    0x00003438   0x00003438   0x000001d4   Code   RO         2872    x$fpl$dsub          fz_wm.l(daddsub_clz.o)
    0x0000360c   0x0000360c   0x0000000a   Code   RO         3083    x$fpl$fpinit        fz_wm.l(fpinit.o)
    0x00003616   0x00003616   0x0000000a   Code   RO         2915    x$fpl$fretinf       fz_wm.l(fretinf.o)
    0x00003620   0x00003620   0x00000000   Code   RO         2917    x$fpl$usenofp       fz_wm.l(usenofp.o)
    0x00003620   0x00003620   0x0000003c   Data   RO            4    .constdata          exemplotiva.o
    0x0000365c   0x0000365c   0x00000002   Data   RO          237    .constdata          rtx_conf_cm.o
    0x0000365e   0x0000365e   0x00000002   PAD
    0x00003660   0x00003660   0x00000004   Data   RO          238    .constdata          rtx_conf_cm.o
    0x00003664   0x00003664   0x00000004   Data   RO          239    .constdata          rtx_conf_cm.o
    0x00003668   0x00003668   0x00000004   Data   RO          243    .constdata          rtx_conf_cm.o
    0x0000366c   0x0000366c   0x00000001   Data   RO          244    .constdata          rtx_conf_cm.o
    0x0000366d   0x0000366d   0x00000003   PAD
    0x00003670   0x00003670   0x00000010   Data   RO          245    .constdata          rtx_conf_cm.o
    0x00003680   0x00003680   0x00000002   Data   RO          246    .constdata          rtx_conf_cm.o
    0x00003682   0x00003682   0x00000002   PAD
    0x00003684   0x00003684   0x00000004   Data   RO          247    .constdata          rtx_conf_cm.o
    0x00003688   0x00003688   0x00000004   Data   RO          248    .constdata          rtx_conf_cm.o
    0x0000368c   0x0000368c   0x00000001   Data   RO          249    .constdata          rtx_conf_cm.o
    0x0000368d   0x0000368d   0x00000003   PAD
    0x00003690   0x00003690   0x00000010   Data   RO          250    .constdata          rtx_conf_cm.o
    0x000036a0   0x000036a0   0x00000008   Data   RO          251    .constdata          rtx_conf_cm.o
    0x000036a8   0x000036a8   0x00000002   Data   RO          252    .constdata          rtx_conf_cm.o
    0x000036aa   0x000036aa   0x00000002   PAD
    0x000036ac   0x000036ac   0x00000010   Data   RO          253    .constdata          rtx_conf_cm.o
    0x000036bc   0x000036bc   0x00000004   PAD
    0x000036c0   0x000036c0   0x00000030   Data   RO         2919    .constdata          m_wm.l(cos_i.o)
    0x000036f0   0x000036f0   0x000000c8   Data   RO         2937    .constdata          m_wm.l(rred.o)
    0x000037b8   0x000037b8   0x00000028   Data   RO         2941    .constdata          m_wm.l(sin_i.o)
    0x000037e0   0x000037e0   0x00000025   Data   RO            9    .conststring        exemplotiva.o
    0x00003805   0x00003805   0x00000003   PAD
    0x00003808   0x00003808   0x00000020   Data   RO         3117    Region$$Table       anon$$obj.o


    Execution Region RW_IRAM1 (Exec base: 0x20000000, Load base: 0x00003828, Size: 0x00002e58, Max: 0x00040000, ABSOLUTE)

    Exec Addr    Load Addr    Size         Type   Attr      Idx    E Section Name        Object

    0x20000000   0x00003828   0x00000018   Data   RW           10    .data               exemplotiva.o
    0x20000018   0x00003840   0x00000004   Data   RW          255    .data               rtx_conf_cm.o
    0x2000001c   0x00003844   0x00000004   Data   RW          256    .data               rtx_conf_cm.o
    0x20000020   0x00003848   0x00000004   Data   RW          257    .data               rtx_conf_cm.o
    0x20000024   0x0000384c   0x00000004   Data   RW          258    .data               rtx_conf_cm.o
    0x20000028   0x00003850   0x00000004   Data   RW          294    .data               system_tm4c129.o
    0x2000002c   0x00003854   0x00000008   Data   RW         1617    .data               RTX_CM4.lib(rt_cmsis.o)
    0x20000034   0x0000385c   0x00000008   Data   RW         2154    .data               RTX_CM4.lib(rt_task.o)
    0x2000003c   0x00003864   0x00000008   Data   RW         2393    .data               RTX_CM4.lib(rt_system.o)
    0x20000044   0x0000386c   0x00000004   Data   RW         2683    .data               RTX_CM4.lib(rt_time.o)
    0x20000048   0x00003870   0x00000008   Data   RW         2714    .data               RTX_CM4.lib(rt_robin.o)
    0x20000050   0x00003878   0x00000001   Data   RW         2794    .data               RTX_CM4.lib(hal_cm.o)
    0x20000051   0x00003879   0x00000003   PAD
    0x20000054        -       0x00000010   Zero   RW            2    .bss                exemplotiva.o
    0x20000064        -       0x00000018   Zero   RW            3    .bss                exemplotiva.o
    0x2000007c        -       0x00000020   Zero   RW          230    .bss                rtx_conf_cm.o
    0x2000009c        -       0x00000248   Zero   RW          231    .bss                rtx_conf_cm.o
    0x200002e4   0x00003879   0x00000004   PAD
    0x200002e8        -       0x00001f50   Zero   RW          232    .bss                rtx_conf_cm.o
    0x20002238        -       0x00000408   Zero   RW          233    .bss                rtx_conf_cm.o
    0x20002640        -       0x00000084   Zero   RW          234    .bss                rtx_conf_cm.o
    0x200026c4        -       0x0000002c   Zero   RW          235    .bss                rtx_conf_cm.o
    0x200026f0        -       0x000004a0   Zero   RW          236    .bss                rtx_conf_cm.o
    0x20002b90        -       0x00000034   Zero   RW         2153    .bss                RTX_CM4.lib(rt_task.o)
    0x20002bc4        -       0x00000030   Zero   RW         2523    .bss                RTX_CM4.lib(rt_list.o)
    0x20002bf4        -       0x00000060   Zero   RW         2856    .bss                c_w.l(libspace.o)
    0x20002c54   0x00003879   0x00000004   PAD
    0x20002c58        -       0x00000000   Zero   RW          284    HEAP                startup_tm4c129.o
    0x20002c58        -       0x00000200   Zero   RW          283    STACK               startup_tm4c129.o


==============================================================================

Image component sizes


      Code (inc. data)   RO Data    RW Data    ZI Data      Debug   Object Name

       776         78         97         24         40      13415   exemplotiva.o
       176         20          0          0          0       7620   pwm.o
       168         36         84         16      11024       8989   rtx_conf_cm.o
       300         22        512          0        512       6036   startup_tm4c129.o
        40         14          0          4          0        893   system_tm4c129.o
       132         22          0          0          0       6728   timer.o
       244         26          0          0          0       1143   uart.o

    ----------------------------------------------------------------------
      1836        218        744         44      11580      44824   Object Totals
         0          0         32          0          0          0   (incl. Generated)
         0          0         19          0          4          0   (incl. Padding)

    ----------------------------------------------------------------------

      Code (inc. data)   RO Data    RW Data    ZI Data      Debug   Library Member Name

       268         24          0          1          0       4524   hal_cm.o
       408         34          0          0          0        824   hal_cm4.o
      1746        200          0          8          0      45399   rt_cmsis.o
       272         18          0          0          0       2842   rt_event.o
       566         44          0          0         48       9272   rt_list.o
       554         10          0          0          0       4237   rt_mailbox.o
       140          0          0          0          0       2069   rt_membox.o
       128          0          0          0          0       2451   rt_memory.o
       352         14          0          0          0       2249   rt_mutex.o
        96         22          0          8          0       1254   rt_robin.o
        52          4          0          0          0        621   rt_semaphore.o
       298         52          0          8          0       6511   rt_system.o
      1264        184          0          8         52      10675   rt_task.o
         6          0          0          4          0        700   rt_time.o
         4          4          0          0          0        208   svc_table.o
         8          0          0          0          0         68   __main.o
         0          0          0          0          0          0   __rtentry.o
        20          0          0          0          0          0   __rtentry2.o
         6          0          0          0          0          0   __rtentry4.o
        52          8          0          0          0          0   __scatter.o
        26          0          0          0          0          0   __scatter_copy.o
        28          0          0          0          0          0   __scatter_zi.o
        22          0          0          0          0        100   _rserrno.o
        18          0          0          0          0         80   exit.o
         6          0          0          0          0        152   heapauxi.o
         0          0          0          0          0          0   indicate_semi.o
         2          0          0          0          0          0   libinit.o
         6          0          0          0          0          0   libinit2.o
         2          0          0          0          0          0   libshutdown.o
         2          0          0          0          0          0   libshutdown2.o
         8          4          0          0         96         68   libspace.o
        72          0          0          0          0         76   llsdiv.o
       238          0          0          0          0        100   lludivv7m.o
         4          0          0          0          0         68   rt_errno_addr_twolibspace.o
         2          0          0          0          0          0   rtexit.o
        10          0          0          0          0          0   rtexit2.o
        12          4          0          0          0         68   sys_exit.o
        74          0          0          0          0         80   sys_stackheap_outer.o
         2          0          0          0          0         68   use_no_semi.o
        24          0          0          0          0        164   basic.o
        98          4          0          0          0        140   d2f.o
       826         16          0          0          0        492   daddsub_clz.o
       688        140          0          0          0        256   ddiv.o
        94          4          0          0          0        140   dfix.o
        84          0          0          0          0        232   dflt_clz.o
       340         12          0          0          0        152   dmul.o
       156          4          0          0          0        140   dnaninf.o
        12          0          0          0          0        116   dretinf.o
        10          0          0          0          0        116   fpinit.o
        10          0          0          0          0        116   fretinf.o
         0          0          0          0          0          0   usenofp.o
       368         46         48          0          0        200   cos_i.o
        84         16          0          0          0        372   dunder.o
        24          0          0          0          0        124   fabs.o
        48          0          0          0          0        124   fpclassify.o
       248          0          0          0          0        152   poly.o
      1080        142        200          0          0        188   rred.o
       200         20          0          0          0        164   sin.o
       304         24         40          0          0        208   sin_i.o

    ----------------------------------------------------------------------
     11508       1054        288         40        200      98360   Library Totals
        36          0          0          3          4          0   (incl. Padding)

    ----------------------------------------------------------------------

      Code (inc. data)   RO Data    RW Data    ZI Data      Debug   Library Name

      6154        610          0         37        100      93836   RTX_CM4.lib
       620         16          0          0         96        928   c_w.l
      2342        180          0          0          0       2064   fz_wm.l
      2356        248        288          0          0       1532   m_wm.l

    ----------------------------------------------------------------------
     11508       1054        288         40        200      98360   Library Totals

    ----------------------------------------------------------------------

==============================================================================


      Code (inc. data)   RO Data    RW Data    ZI Data      Debug   

     13344       1272       1032         84      11780     130920   Grand Totals
     13344       1272       1032         84      11780     130920   ELF Image Totals
     13344       1272       1032         84          0          0   ROM Totals

==============================================================================

    Total RO  Size (Code + RO Data)                14376 (  14.04kB)
    Total RW  Size (RW Data + ZI Data)             11864 (  11.59kB)
    Total ROM Size (Code + RO Data + RW Data)      14460 (  14.12kB)

==============================================================================

