<html>
<body>
<pre>
<h1>µVision Build Log</h1>
<h2>Tool Versions:</h2>
IDE-Version: µVision V5.24.2.0
Copyright (C) 2017 ARM Ltd and ARM Germany GmbH. All rights reserved.
License Information: fdg dfs dfgdfs, dfgdgdf, LIC=----
 
Tool Versions:
Toolchain:       MDK-Lite  Version: 5.24.1
Toolchain Path:  C:\Keil_v5\ARM\ARMCC\Bin
C Compiler:      Armcc.exe V5.06 update 5 (build 528)
Assembler:       Armasm.exe V5.06 update 5 (build 528)
Linker/Locator:  ArmLink.exe V5.06 update 5 (build 528)
Library Manager: ArmAr.exe V5.06 update 5 (build 528)
Hex Converter:   FromElf.exe V5.06 update 5 (build 528)
CPU DLL:         SARMCM3.DLL V5.24.1
Dialog DLL:      DCM.DLL V1.16.0.0
Target DLL:      lmidk-agdi.dll V???
Dialog DLL:      TCM.DLL V1.32.0.0
 
<h2>Project:</h2>
C:\Users\Mathias\Downloads\estudos\Embarcados\Lab_4\ProjectFiles\base_project.uvprojx
Project File Date:  10/29/2018

<h2>Output:</h2>
*** Using Compiler 'V5.06 update 5 (build 528)', folder: 'C:\Keil_v5\ARM\ARMCC\Bin'
*** Note: Rebuilding project, since 'Options->Output->Create Batch File' is selected.
Rebuild Project 'base_project' - Target 'TM4C129 Flash'
compiling exemploTIVA.c...
C:\Users\Mathias\Downloads\estudos\Embarcados\Lab_4\ProjectFiles\exemploTIVA.c(217): warning:  #177-D: variable "pBuf"  was declared but never referenced
        char pBuf[30];
C:\Users\Mathias\Downloads\estudos\Embarcados\Lab_4\ProjectFiles\exemploTIVA.c(331): warning:  #111-D: statement is unreachable
                        break;
C:\Users\Mathias\Downloads\estudos\Embarcados\Lab_4\ProjectFiles\exemploTIVA.c(337): warning:  #111-D: statement is unreachable
                        break;
C:\Users\Mathias\Downloads\estudos\Embarcados\Lab_4\ProjectFiles\exemploTIVA.c(340): warning:  #111-D: statement is unreachable
                        break;
C:\Users\Mathias\Downloads\estudos\Embarcados\Lab_4\ProjectFiles\exemploTIVA.c(346): warning:  #940-D: missing return statement at end of non-void function "gerarOnda" 
  }
C:\Users\Mathias\Downloads\estudos\Embarcados\Lab_4\ProjectFiles\exemploTIVA.c(405): warning:  #128-D: loop is not reachable
                                while(1){
C:\Users\Mathias\Downloads\estudos\Embarcados\Lab_4\ProjectFiles\exemploTIVA.c(423): warning:  #186-D: pointless comparison of unsigned integer with zero
        if(n<0 || n>100){
C:\Users\Mathias\Downloads\estudos\Embarcados\Lab_4\ProjectFiles\exemploTIVA.c(418): warning:  #177-D: variable "evt"  was declared but never referenced
        osEvent evt;
C:\Users\Mathias\Downloads\estudos\Embarcados\Lab_4\ProjectFiles\exemploTIVA.c(419): warning:  #177-D: variable "val"  was declared but never referenced
        uint16_t val;
C:\Users\Mathias\Downloads\estudos\Embarcados\Lab_4\ProjectFiles\exemploTIVA.c(421): warning:  #177-D: variable "c"  was declared but never referenced
        char c;
C:\Users\Mathias\Downloads\estudos\Embarcados\Lab_4\ProjectFiles\exemploTIVA.c(510): warning:  #1-D: last line of file ends without a newline
  }
exemploTIVA.c: 11 warnings, 0 errors
compiling buttons.c...
C:\Users\Mathias\Downloads\estudos\Embarcados\Lab_4\ProjectFiles\buttons.h(5): warning:  #1295-D: Deprecated declaration button_init - give arg types
  extern void button_init();
C:\Users\Mathias\Downloads\estudos\Embarcados\Lab_4\ProjectFiles\buttons.h(6): warning:  #1295-D: Deprecated declaration button_read_s1 - give arg types
  extern 
ool button_read_s1();
C:\Users\Mathias\Downloads\estudos\Embarcados\Lab_4\ProjectFiles\buttons.h(7): warning:  #1295-D: Deprecated declaration button_read_s2 - give arg types
  extern 
ool button_read_s2();
C:\Users\Mathias\Downloads\estudos\Embarcados\Lab_4\ProjectFiles\buttons.h(9): warning:  #1-D: last line of file ends without a newline
  #endif //__BUTTONS_H
buttons.c: 4 warnings, 0 errors
compiling cfaf128x128x16.c...
C:\Users\Mathias\Downloads\estudos\Embarcados\Lab_4\ProjectFiles\cfaf128x128x16.c(880): warning:  #1-D: last line of file ends without a newline
  //*****************************************************************************
C:\Users\Mathias\Downloads\estudos\Embarcados\Lab_4\ProjectFiles\cfaf128x128x16.c(770): warning:  #177-D: function "ssiSetDataMode"  was declared but never referenced
  ssiSetDataMode(uint8_t mode) {
C:\Users\Mathias\Downloads\estudos\Embarcados\Lab_4\ProjectFiles\cfaf128x128x16.c(777): warning:  #177-D: function "ssiSetClockDivider"  was declared but never referenced
  ssiSetClockDivider(uint8_t divider){
cfaf128x128x16.c: 3 warnings, 0 errors
compiling servo.c...
C:\Users\Mathias\Downloads\estudos\Embarcados\Lab_4\ProjectFiles\servo.h(27): warning:  #1295-D: Deprecated declaration servo_init - give arg types
  extern void servo_init();
C:\Users\Mathias\Downloads\estudos\Embarcados\Lab_4\ProjectFiles\servo.c(59): warning:  #550-D: variable "g_ui32SysClock"  was set but never used
  static uint32_t g_ui32SysClock;
servo.c: 2 warnings, 0 errors
compiling joy.c...
C:\Users\Mathias\Downloads\estudos\Embarcados\Lab_4\ProjectFiles\joy.h(20): warning:  #1295-D: Deprecated declaration joy_read_center - give arg types
  extern 
ool joy_read_center();
C:\Users\Mathias\Downloads\estudos\Embarcados\Lab_4\ProjectFiles\joy.c(102): warning:  #1-D: last line of file ends without a newline
  }
joy.c: 2 warnings, 0 errors
compiling RTX_Conf_CM.c...
assembling startup_TM4C129.s...
compiling system_TM4C129.c...
linking...
Program Size: Code=8564 RO-data=740 RW-data=84 ZI-data=11780  
".\Flash\base_project.axf" - 0 Error(s), 22 Warning(s).

<h2>Software Packages used:</h2>

Package Vendor: ARM
                http://www.keil.com/pack/ARM.CMSIS.5.3.0.pack
                ARM.CMSIS.5.3.0
                CMSIS (Cortex Microcontroller Software Interface Standard)
   * Component: Keil RTX Version: 4.81.1
   * Component: CORE Version: 5.1.1
   * Component: RTOS Version: 1.0.0

Package Vendor: Keil
                http://www.keil.com/pack/Keil.TM4C_DFP.1.1.0.pack
                Keil.TM4C_DFP.1.1.0
                Texas Instruments Tiva C Series Device Support and Examples
   * Component: Startup Version: 1.0.0

<h2>Collection of Component include folders:</h2>
  .\RTE\_TM4C129_Flash
  C:\Keil_v5\ARM\PACK\ARM\CMSIS\5.3.0\CMSIS\Include
  C:\Keil_v5\ARM\PACK\ARM\CMSIS\5.3.0\CMSIS\RTOS\RTX\INC
  C:\Keil_v5\ARM\PACK\Keil\TM4C_DFP\1.1.0\Device\Include\TM4C129

<h2>Collection of Component Files used:</h2>

   * Component: Keil::Device:Startup:1.0.0
      Include file:  Device\Include\TM4C129\TM4C129.h
      Source file:   Device\Source\system_TM4C129.c
      Source file:   Device\Source\ARM\startup_TM4C129.s

   * Component: ARM::CMSIS:RTOS:Keil RTX:4.81.1
      Source file:   CMSIS\RTOS\RTX\UserCodeTemplates\main.c
      Source file:   CMSIS\RTOS\RTX\SRC\ARM\SVC_Table.s
      Source file:   CMSIS\RTOS\RTX\UserCodeTemplates\Thread.c
      Include file:  CMSIS\RTOS\RTX\INC\cmsis_os.h
      Source file:   CMSIS\RTOS\RTX\UserCodeTemplates\Mutex.c
      Source file:   CMSIS\RTOS\RTX\UserCodeTemplates\Timer.c
      Source file:   CMSIS\RTOS\RTX\UserCodeTemplates\MemPool.c
      Source file:   CMSIS\RTOS\RTX\UserCodeTemplates\MailQueue.c
      Library file:  CMSIS\RTOS\RTX\LIB\ARM\RTX_CM4.lib
      Source file:   CMSIS\RTOS\RTX\UserCodeTemplates\MsgQueue.c
      Include file:  CMSIS\RTOS\RTX\UserCodeTemplates\osObjects.h
      Source file:   CMSIS\RTOS\RTX\UserCodeTemplates\Semaphore.c
      Source file:   CMSIS\RTOS\RTX\Templates\RTX_Conf_CM.c

   * Component: ARM::CMSIS:CORE:5.1.1

   * Component: ::CMSIS:RTOS:1.0.0 (API)
Build Time Elapsed:  00:00:04
</pre>
</body>
</html>
