<html>
<body>
<pre>
<h1>µVision Build Log</h1>
<h2>Tool Versions:</h2>
IDE-Version: µVision V5.24.2.0
Copyright (C) 2017 ARM Ltd and ARM Germany GmbH. All rights reserved.
License Information: fdg dfs dfgdfs, dfgdgdf, LIC=----
 
Tool Versions:
Toolchain:       MDK-Lite  Version: 5.24.1
Toolchain Path:  C:\Keil_v5\ARM\ARMCC\Bin
C Compiler:      Armcc.exe V5.06 update 5 (build 528)
Assembler:       Armasm.exe V5.06 update 5 (build 528)
Linker/Locator:  ArmLink.exe V5.06 update 5 (build 528)
Library Manager: ArmAr.exe V5.06 update 5 (build 528)
Hex Converter:   FromElf.exe V5.06 update 5 (build 528)
CPU DLL:         SARMCM3.DLL V5.24.1
Dialog DLL:      DCM.DLL V1.16.0.0
Target DLL:      lmidk-agdi.dll V???
Dialog DLL:      TCM.DLL V1.32.0.0
 
<h2>Project:</h2>
C:\Users\Mathias\Downloads\exemplo_utfpr_tm4c1294xl_boosterpackmkii (1)\Exemplo_UTFPR_TM4C1294XL_BoosterPackMKII\ProjectFiles\base_project.uvprojx
Project File Date:  04/01/2018

<h2>Output:</h2>
*** Using Compiler 'V5.06 update 5 (build 528)', folder: 'C:\Keil_v5\ARM\ARMCC\Bin'
Rebuild Project 'base_project' - Target 'TM4C129 Flash'
compiling exemploTIVA.c...
C:\Users\Mathias\Downloads\exemplo_utfpr_tm4c1294xl_boosterpackmkii (1)\Exemplo_UTFPR_TM4C1294XL_BoosterPackMKII\ProjectFiles\rgb.h(66): warning:  #1-D: last line of file ends without a newline
  #endif //__RGB_H__
C:\Users\Mathias\Downloads\exemplo_utfpr_tm4c1294xl_boosterpackmkii (1)\Exemplo_UTFPR_TM4C1294XL_BoosterPackMKII\ProjectFiles\servo.h(27): warning:  #1295-D: Deprecated declaration servo_init - give arg types
  extern void servo_init();
C:\Users\Mathias\Downloads\exemplo_utfpr_tm4c1294xl_boosterpackmkii (1)\Exemplo_UTFPR_TM4C1294XL_BoosterPackMKII\ProjectFiles\temp.h(23): warning:  #1-D: last line of file ends without a newline
  #endif //__TEMP_H__
C:\Users\Mathias\Downloads\exemplo_utfpr_tm4c1294xl_boosterpackmkii (1)\Exemplo_UTFPR_TM4C1294XL_BoosterPackMKII\ProjectFiles\opt.h(20): warning:  #1295-D: Deprecated declaration opt_init - give arg types
  extern void  opt_init();
C:\Users\Mathias\Downloads\exemplo_utfpr_tm4c1294xl_boosterpackmkii (1)\Exemplo_UTFPR_TM4C1294XL_BoosterPackMKII\ProjectFiles\opt.h(21): warning:  #1295-D: Deprecated declaration opt_read - give arg types
  extern uint16_t opt_read();
C:\Users\Mathias\Downloads\exemplo_utfpr_tm4c1294xl_boosterpackmkii (1)\Exemplo_UTFPR_TM4C1294XL_BoosterPackMKII\ProjectFiles\opt.h(22): warning:  #1295-D: Deprecated declaration opt_read_lux - give arg types
  extern uint32_t opt_read_lux();
C:\Users\Mathias\Downloads\exemplo_utfpr_tm4c1294xl_boosterpackmkii (1)\Exemplo_UTFPR_TM4C1294XL_BoosterPackMKII\ProjectFiles\opt.h(24): warning:  #1-D: last line of file ends without a newline
  #endif //__OPT_H__
C:\Users\Mathias\Downloads\exemplo_utfpr_tm4c1294xl_boosterpackmkii (1)\Exemplo_UTFPR_TM4C1294XL_BoosterPackMKII\ProjectFiles\buttons.h(5): warning:  #1295-D: Deprecated declaration button_init - give arg types
  extern void button_init();
C:\Users\Mathias\Downloads\exemplo_utfpr_tm4c1294xl_boosterpackmkii (1)\Exemplo_UTFPR_TM4C1294XL_BoosterPackMKII\ProjectFiles\buttons.h(6): warning:  #1295-D: Deprecated declaration button_read_s1 - give arg types
  extern 
ool button_read_s1();
C:\Users\Mathias\Downloads\exemplo_utfpr_tm4c1294xl_boosterpackmkii (1)\Exemplo_UTFPR_TM4C1294XL_BoosterPackMKII\ProjectFiles\buttons.h(7): warning:  #1295-D: Deprecated declaration button_read_s2 - give arg types
  extern 
ool button_read_s2();
C:\Users\Mathias\Downloads\exemplo_utfpr_tm4c1294xl_boosterpackmkii (1)\Exemplo_UTFPR_TM4C1294XL_BoosterPackMKII\ProjectFiles\buttons.h(9): warning:  #1-D: last line of file ends without a newline
  #endif //__BUTTONS_H
C:\Users\Mathias\Downloads\exemplo_utfpr_tm4c1294xl_boosterpackmkii (1)\Exemplo_UTFPR_TM4C1294XL_BoosterPackMKII\ProjectFiles\buzzer.h(18): warning:  #1295-D: Deprecated declaration buzzer_init - give arg types
  extern void buzzer_init();
C:\Users\Mathias\Downloads\exemplo_utfpr_tm4c1294xl_boosterpackmkii (1)\Exemplo_UTFPR_TM4C1294XL_BoosterPackMKII\ProjectFiles\buzzer.h(23): warning:  #1-D: last line of file ends without a newline
  #endif //__BUZZER_H
C:\Users\Mathias\Downloads\exemplo_utfpr_tm4c1294xl_boosterpackmkii (1)\Exemplo_UTFPR_TM4C1294XL_BoosterPackMKII\ProjectFiles\joy.h(20): warning:  #1295-D: Deprecated declaration joy_read_center - give arg types
  extern 
ool joy_read_center();
C:\Users\Mathias\Downloads\exemplo_utfpr_tm4c1294xl_boosterpackmkii (1)\Exemplo_UTFPR_TM4C1294XL_BoosterPackMKII\ProjectFiles\mic.h(23): warning:  #1-D: last line of file ends without a newline
  #endif //__MIC_H__
C:\Users\Mathias\Downloads\exemplo_utfpr_tm4c1294xl_boosterpackmkii (1)\Exemplo_UTFPR_TM4C1294XL_BoosterPackMKII\ProjectFiles\exemploTIVA.c(129): warning:  #177-D: variable "time"  was declared but never referenced
    uint32_t time;
C:\Users\Mathias\Downloads\exemplo_utfpr_tm4c1294xl_boosterpackmkii (1)\Exemplo_UTFPR_TM4C1294XL_BoosterPackMKII\ProjectFiles\exemploTIVA.c(144): warning:  #177-D: variable "time"  was declared but never referenced
      uint32_t time;
C:\Users\Mathias\Downloads\exemplo_utfpr_tm4c1294xl_boosterpackmkii (1)\Exemplo_UTFPR_TM4C1294XL_BoosterPackMKII\ProjectFiles\exemploTIVA.c(196): warning:  #550-D: variable "ult"  was set but never used
        unsigned int ult;
C:\Users\Mathias\Downloads\exemplo_utfpr_tm4c1294xl_boosterpackmkii (1)\Exemplo_UTFPR_TM4C1294XL_BoosterPackMKII\ProjectFiles\exemploTIVA.c(197): warning:  #177-D: variable "cond"  was declared but never referenced
        char cond=0;
C:\Users\Mathias\Downloads\exemplo_utfpr_tm4c1294xl_boosterpackmkii (1)\Exemplo_UTFPR_TM4C1294XL_BoosterPackMKII\ProjectFiles\exemploTIVA.c(226): warning:  #177-D: variable "time"  was declared but never referenced
        uint32_t time;
C:\Users\Mathias\Downloads\exemplo_utfpr_tm4c1294xl_boosterpackmkii (1)\Exemplo_UTFPR_TM4C1294XL_BoosterPackMKII\ProjectFiles\exemploTIVA.c(227): warning:  #177-D: variable "i"  was declared but never referenced
        int i;
C:\Users\Mathias\Downloads\exemplo_utfpr_tm4c1294xl_boosterpackmkii (1)\Exemplo_UTFPR_TM4C1294XL_BoosterPackMKII\ProjectFiles\exemploTIVA.c(228): warning:  #177-D: variable "max"  was declared but never referenced
        int max;
C:\Users\Mathias\Downloads\exemplo_utfpr_tm4c1294xl_boosterpackmkii (1)\Exemplo_UTFPR_TM4C1294XL_BoosterPackMKII\ProjectFiles\exemploTIVA.c(244): warning:  #177-D: variable "time"  was declared but never referenced
      uint32_t time;
C:\Users\Mathias\Downloads\exemplo_utfpr_tm4c1294xl_boosterpackmkii (1)\Exemplo_UTFPR_TM4C1294XL_BoosterPackMKII\ProjectFiles\exemploTIVA.c(245): warning:  #177-D: variable "x"  was declared but never referenced
                int x;
C:\Users\Mathias\Downloads\exemplo_utfpr_tm4c1294xl_boosterpackmkii (1)\Exemplo_UTFPR_TM4C1294XL_BoosterPackMKII\ProjectFiles\exemploTIVA.c(246): warning:  #177-D: variable "y"  was declared but never referenced
                int y;
C:\Users\Mathias\Downloads\exemplo_utfpr_tm4c1294xl_boosterpackmkii (1)\Exemplo_UTFPR_TM4C1294XL_BoosterPackMKII\ProjectFiles\exemploTIVA.c(274): warning:  #177-D: variable "i"  was declared but never referenced
        uint8_t i;
C:\Users\Mathias\Downloads\exemplo_utfpr_tm4c1294xl_boosterpackmkii (1)\Exemplo_UTFPR_TM4C1294XL_BoosterPackMKII\ProjectFiles\exemploTIVA.c(315): warning:  #177-D: variable "f"  was declared but never referenced
        FILE *f;
exemploTIVA.c: 27 warnings, 0 errors
compiling buzzer.c...
C:\Users\Mathias\Downloads\exemplo_utfpr_tm4c1294xl_boosterpackmkii (1)\Exemplo_UTFPR_TM4C1294XL_BoosterPackMKII\ProjectFiles\buzzer.h(18): warning:  #1295-D: Deprecated declaration buzzer_init - give arg types
  extern void buzzer_init();
C:\Users\Mathias\Downloads\exemplo_utfpr_tm4c1294xl_boosterpackmkii (1)\Exemplo_UTFPR_TM4C1294XL_BoosterPackMKII\ProjectFiles\buzzer.h(23): warning:  #1-D: last line of file ends without a newline
  #endif //__BUZZER_H
C:\Users\Mathias\Downloads\exemplo_utfpr_tm4c1294xl_boosterpackmkii (1)\Exemplo_UTFPR_TM4C1294XL_BoosterPackMKII\ProjectFiles\buzzer.c(162): warning:  #1-D: last line of file ends without a newline
  }
C:\Users\Mathias\Downloads\exemplo_utfpr_tm4c1294xl_boosterpackmkii (1)\Exemplo_UTFPR_TM4C1294XL_BoosterPackMKII\ProjectFiles\buzzer.c(31): warning:  #550-D: variable "g_ui32SysClock"  was set but never used
  static uint32_t g_ui32SysClock;
C:\Users\Mathias\Downloads\exemplo_utfpr_tm4c1294xl_boosterpackmkii (1)\Exemplo_UTFPR_TM4C1294XL_BoosterPackMKII\ProjectFiles\buzzer.c(33): warning:  #550-D: variable "g_current_per"  was set but never used
  static uint16_t g_current_per;
buzzer.c: 5 warnings, 0 errors
compiling accel.c...
C:\Users\Mathias\Downloads\exemplo_utfpr_tm4c1294xl_boosterpackmkii (1)\Exemplo_UTFPR_TM4C1294XL_BoosterPackMKII\ProjectFiles\accel.c(89): warning:  #1-D: last line of file ends without a newline
  }
accel.c: 1 warning, 0 errors
compiling buttons.c...
C:\Users\Mathias\Downloads\exemplo_utfpr_tm4c1294xl_boosterpackmkii (1)\Exemplo_UTFPR_TM4C1294XL_BoosterPackMKII\ProjectFiles\buttons.h(5): warning:  #1295-D: Deprecated declaration button_init - give arg types
  extern void button_init();
C:\Users\Mathias\Downloads\exemplo_utfpr_tm4c1294xl_boosterpackmkii (1)\Exemplo_UTFPR_TM4C1294XL_BoosterPackMKII\ProjectFiles\buttons.h(6): warning:  #1295-D: Deprecated declaration button_read_s1 - give arg types
  extern 
ool button_read_s1();
C:\Users\Mathias\Downloads\exemplo_utfpr_tm4c1294xl_boosterpackmkii (1)\Exemplo_UTFPR_TM4C1294XL_BoosterPackMKII\ProjectFiles\buttons.h(7): warning:  #1295-D: Deprecated declaration button_read_s2 - give arg types
  extern 
ool button_read_s2();
C:\Users\Mathias\Downloads\exemplo_utfpr_tm4c1294xl_boosterpackmkii (1)\Exemplo_UTFPR_TM4C1294XL_BoosterPackMKII\ProjectFiles\buttons.h(9): warning:  #1-D: last line of file ends without a newline
  #endif //__BUTTONS_H
buttons.c: 4 warnings, 0 errors
compiling cfaf128x128x16.c...
C:\Users\Mathias\Downloads\exemplo_utfpr_tm4c1294xl_boosterpackmkii (1)\Exemplo_UTFPR_TM4C1294XL_BoosterPackMKII\ProjectFiles\cfaf128x128x16.c(880): warning:  #1-D: last line of file ends without a newline
  //*****************************************************************************
C:\Users\Mathias\Downloads\exemplo_utfpr_tm4c1294xl_boosterpackmkii (1)\Exemplo_UTFPR_TM4C1294XL_BoosterPackMKII\ProjectFiles\cfaf128x128x16.c(770): warning:  #177-D: function "ssiSetDataMode"  was declared but never referenced
  ssiSetDataMode(uint8_t mode) {
C:\Users\Mathias\Downloads\exemplo_utfpr_tm4c1294xl_boosterpackmkii (1)\Exemplo_UTFPR_TM4C1294XL_BoosterPackMKII\ProjectFiles\cfaf128x128x16.c(777): warning:  #177-D: function "ssiSetClockDivider"  was declared but never referenced
  ssiSetClockDivider(uint8_t divider){
cfaf128x128x16.c: 3 warnings, 0 errors
compiling led.c...
compiling mic.c...
C:\Users\Mathias\Downloads\exemplo_utfpr_tm4c1294xl_boosterpackmkii (1)\Exemplo_UTFPR_TM4C1294XL_BoosterPackMKII\ProjectFiles\mic.h(23): warning:  #1-D: last line of file ends without a newline
  #endif //__MIC_H__
C:\Users\Mathias\Downloads\exemplo_utfpr_tm4c1294xl_boosterpackmkii (1)\Exemplo_UTFPR_TM4C1294XL_BoosterPackMKII\ProjectFiles\mic.c(91): warning:  #1-D: last line of file ends without a newline
  }
mic.c: 2 warnings, 0 errors
compiling opt.c...
C:\Users\Mathias\Downloads\exemplo_utfpr_tm4c1294xl_boosterpackmkii (1)\Exemplo_UTFPR_TM4C1294XL_BoosterPackMKII\ProjectFiles\opt.h(20): warning:  #1295-D: Deprecated declaration opt_init - give arg types
  extern void  opt_init();
C:\Users\Mathias\Downloads\exemplo_utfpr_tm4c1294xl_boosterpackmkii (1)\Exemplo_UTFPR_TM4C1294XL_BoosterPackMKII\ProjectFiles\opt.h(21): warning:  #1295-D: Deprecated declaration opt_read - give arg types
  extern uint16_t opt_read();
C:\Users\Mathias\Downloads\exemplo_utfpr_tm4c1294xl_boosterpackmkii (1)\Exemplo_UTFPR_TM4C1294XL_BoosterPackMKII\ProjectFiles\opt.h(22): warning:  #1295-D: Deprecated declaration opt_read_lux - give arg types
  extern uint32_t opt_read_lux();
C:\Users\Mathias\Downloads\exemplo_utfpr_tm4c1294xl_boosterpackmkii (1)\Exemplo_UTFPR_TM4C1294XL_BoosterPackMKII\ProjectFiles\opt.h(24): warning:  #1-D: last line of file ends without a newline
  #endif //__OPT_H__
C:\Users\Mathias\Downloads\exemplo_utfpr_tm4c1294xl_boosterpackmkii (1)\Exemplo_UTFPR_TM4C1294XL_BoosterPackMKII\ProjectFiles\opt.c(149): warning:  #128-D: loop is not reachable
                while(i < n){
C:\Users\Mathias\Downloads\exemplo_utfpr_tm4c1294xl_boosterpackmkii (1)\Exemplo_UTFPR_TM4C1294XL_BoosterPackMKII\ProjectFiles\opt.c(195): warning:  #128-D: loop is not reachable
                while(i < n-1){
C:\Users\Mathias\Downloads\exemplo_utfpr_tm4c1294xl_boosterpackmkii (1)\Exemplo_UTFPR_TM4C1294XL_BoosterPackMKII\ProjectFiles\opt.c(330): warning:  #177-D: variable "temp"  was declared but never referenced
                uint64_t temp = 0;
C:\Users\Mathias\Downloads\exemplo_utfpr_tm4c1294xl_boosterpackmkii (1)\Exemplo_UTFPR_TM4C1294XL_BoosterPackMKII\ProjectFiles\opt.c(60): warning:  #550-D: variable "mid"  was set but never used
  static uint16_t mid, did;
C:\Users\Mathias\Downloads\exemplo_utfpr_tm4c1294xl_boosterpackmkii (1)\Exemplo_UTFPR_TM4C1294XL_BoosterPackMKII\ProjectFiles\opt.c(60): warning:  #550-D: variable "did"  was set but never used
  static uint16_t mid, did;
C:\Users\Mathias\Downloads\exemplo_utfpr_tm4c1294xl_boosterpackmkii (1)\Exemplo_UTFPR_TM4C1294XL_BoosterPackMKII\ProjectFiles\opt.c(86): warning:  #177-D: variable "g_mid"  was declared but never referenced
  static uint16_t g_mid, g_did, g_timeout_count;
C:\Users\Mathias\Downloads\exemplo_utfpr_tm4c1294xl_boosterpackmkii (1)\Exemplo_UTFPR_TM4C1294XL_BoosterPackMKII\ProjectFiles\opt.c(86): warning:  #177-D: variable "g_did"  was declared but never referenced
  static uint16_t g_mid, g_did, g_timeout_count;
opt.c: 11 warnings, 0 errors
compiling rgb.c...
C:\Users\Mathias\Downloads\exemplo_utfpr_tm4c1294xl_boosterpackmkii (1)\Exemplo_UTFPR_TM4C1294XL_BoosterPackMKII\ProjectFiles\rgb.h(66): warning:  #1-D: last line of file ends without a newline
  #endif //__RGB_H__
C:\Users\Mathias\Downloads\exemplo_utfpr_tm4c1294xl_boosterpackmkii (1)\Exemplo_UTFPR_TM4C1294XL_BoosterPackMKII\ProjectFiles\rgb.c(290): warning:  #1-D: last line of file ends without a newline
  }
rgb.c: 2 warnings, 0 errors
compiling servo.c...
C:\Users\Mathias\Downloads\exemplo_utfpr_tm4c1294xl_boosterpackmkii (1)\Exemplo_UTFPR_TM4C1294XL_BoosterPackMKII\ProjectFiles\servo.h(27): warning:  #1295-D: Deprecated declaration servo_init - give arg types
  extern void servo_init();
C:\Users\Mathias\Downloads\exemplo_utfpr_tm4c1294xl_boosterpackmkii (1)\Exemplo_UTFPR_TM4C1294XL_BoosterPackMKII\ProjectFiles\servo.c(59): warning:  #550-D: variable "g_ui32SysClock"  was set but never used
  static uint32_t g_ui32SysClock;
servo.c: 2 warnings, 0 errors
compiling joy.c...
C:\Users\Mathias\Downloads\exemplo_utfpr_tm4c1294xl_boosterpackmkii (1)\Exemplo_UTFPR_TM4C1294XL_BoosterPackMKII\ProjectFiles\joy.h(20): warning:  #1295-D: Deprecated declaration joy_read_center - give arg types
  extern 
ool joy_read_center();
C:\Users\Mathias\Downloads\exemplo_utfpr_tm4c1294xl_boosterpackmkii (1)\Exemplo_UTFPR_TM4C1294XL_BoosterPackMKII\ProjectFiles\joy.c(102): warning:  #1-D: last line of file ends without a newline
  }
joy.c: 2 warnings, 0 errors
compiling temp.c...
C:\Users\Mathias\Downloads\exemplo_utfpr_tm4c1294xl_boosterpackmkii (1)\Exemplo_UTFPR_TM4C1294XL_BoosterPackMKII\ProjectFiles\temp.h(23): warning:  #1-D: last line of file ends without a newline
  #endif //__TEMP_H__
C:\Users\Mathias\Downloads\exemplo_utfpr_tm4c1294xl_boosterpackmkii (1)\Exemplo_UTFPR_TM4C1294XL_BoosterPackMKII\ProjectFiles\temp.c(158): warning:  #128-D: loop is not reachable
                while(i < n){
C:\Users\Mathias\Downloads\exemplo_utfpr_tm4c1294xl_boosterpackmkii (1)\Exemplo_UTFPR_TM4C1294XL_BoosterPackMKII\ProjectFiles\temp.c(207): warning:  #128-D: loop is not reachable
                while(i < n-1){
C:\Users\Mathias\Downloads\exemplo_utfpr_tm4c1294xl_boosterpackmkii (1)\Exemplo_UTFPR_TM4C1294XL_BoosterPackMKII\ProjectFiles\temp.c(303): warning:  #177-D: variable "temp"  was declared but never referenced
        uint64_t temp = 0;
C:\Users\Mathias\Downloads\exemplo_utfpr_tm4c1294xl_boosterpackmkii (1)\Exemplo_UTFPR_TM4C1294XL_BoosterPackMKII\ProjectFiles\temp.c(94): warning:  #550-D: variable "g_mid"  was set but never used
  static uint16_t g_mid, g_did, g_timeout_count;
C:\Users\Mathias\Downloads\exemplo_utfpr_tm4c1294xl_boosterpackmkii (1)\Exemplo_UTFPR_TM4C1294XL_BoosterPackMKII\ProjectFiles\temp.c(94): warning:  #550-D: variable "g_did"  was set but never used
  static uint16_t g_mid, g_did, g_timeout_count;
temp.c: 6 warnings, 0 errors
compiling RTX_Conf_CM.c...
assembling startup_TM4C129.s...
compiling system_TM4C129.c...
linking...
Program Size: Code=13312 RO-data=2900 RW-data=280 ZI-data=17840  
".\Flash\base_project.axf" - 0 Error(s), 65 Warning(s).

<h2>Software Packages used:</h2>

Package Vendor: ARM
                http://www.keil.com/pack/ARM.CMSIS.5.3.0.pack
                ARM.CMSIS.5.3.0
                CMSIS (Cortex Microcontroller Software Interface Standard)
   * Component: Keil RTX Version: 4.81.1
   * Component: CORE Version: 5.1.1
   * Component: RTOS Version: 1.0.0

Package Vendor: Keil
                http://www.keil.com/pack/Keil.TM4C_DFP.1.1.0.pack
                Keil.TM4C_DFP.1.1.0
                Texas Instruments Tiva C Series Device Support and Examples
   * Component: Startup Version: 1.0.0

<h2>Collection of Component include folders:</h2>
  .\RTE\_TM4C129_Flash
  C:\Keil_v5\ARM\PACK\ARM\CMSIS\5.3.0\CMSIS\Include
  C:\Keil_v5\ARM\PACK\ARM\CMSIS\5.3.0\CMSIS\RTOS\RTX\INC
  C:\Keil_v5\ARM\PACK\Keil\TM4C_DFP\1.1.0\Device\Include\TM4C129

<h2>Collection of Component Files used:</h2>

   * Component: Keil::Device:Startup:1.0.0
      Source file:   Device\Source\system_TM4C129.c
      Include file:  Device\Include\TM4C129\TM4C129.h
      Source file:   Device\Source\ARM\startup_TM4C129.s

   * Component: ARM::CMSIS:RTOS:Keil RTX:4.81.1
      Include file:  CMSIS\RTOS\RTX\UserCodeTemplates\osObjects.h
      Source file:   CMSIS\RTOS\RTX\UserCodeTemplates\Mutex.c
      Source file:   CMSIS\RTOS\RTX\UserCodeTemplates\Semaphore.c
      Source file:   CMSIS\RTOS\RTX\UserCodeTemplates\Thread.c
      Include file:  CMSIS\RTOS\RTX\INC\cmsis_os.h
      Source file:   CMSIS\RTOS\RTX\UserCodeTemplates\main.c
      Source file:   CMSIS\RTOS\RTX\UserCodeTemplates\MemPool.c
      Source file:   CMSIS\RTOS\RTX\Templates\RTX_Conf_CM.c
      Source file:   CMSIS\RTOS\RTX\UserCodeTemplates\MailQueue.c
      Source file:   CMSIS\RTOS\RTX\UserCodeTemplates\MsgQueue.c
      Source file:   CMSIS\RTOS\RTX\UserCodeTemplates\Timer.c
      Library file:  CMSIS\RTOS\RTX\LIB\ARM\RTX_CM4.lib
      Source file:   CMSIS\RTOS\RTX\SRC\ARM\SVC_Table.s

   * Component: ARM::CMSIS:CORE:5.1.1

   * Component: ::CMSIS:RTOS:1.0.0 (API)
Build Time Elapsed:  00:00:44
</pre>
</body>
</html>
